[
	(EntityID(0, 1), Knight)
	(EntityID(1, 1), Knight)
	(EntityID(2, 1), Knight)
	(EntityID(3, 1), Knight)
	(EntityID(4, 1), Ranger)
	(EntityID(5, 1), Knight)
	(EntityID(6, 1), Knight)
	(EntityID(7, 1), Knight)
]

START OF EVENT TRANSCRIPT
4-1 attacked 0-1 for 8 damage.
0-1 started moving to GRID(4, 0), arriving on tick 30.
1-1 started moving to GRID(2, 2), arriving on tick 30.
2-1 started moving to GRID(4, 2), arriving on tick 30.
3-1 started moving to GRID(7, 3), arriving on tick 30.
5-1 started moving to GRID(6, 4), arriving on tick 30.
6-1 started moving to GRID(7, 3), arriving on tick 30.
7-1 started moving to GRID(5, 3), arriving on tick 30.
0-1 started moving to GRID(5, 0), arriving on tick 60.
1-1 started moving to GRID(1, 1), arriving on tick 72.
2-1 started moving to GRID(3, 1), arriving on tick 72.
3-1 started moving to GRID(8, 2), arriving on tick 72.
5-1 started moving to GRID(5, 4), arriving on tick 60.
6-1 started moving to GRID(8, 2), arriving on tick 72.
7-1 started moving to GRID(4, 3), arriving on tick 60.
4-1 attacked 0-1 for 8 damage.
5-1 started moving to GRID(4, 4), arriving on tick 90.
7-1 started moving to GRID(3, 2), arriving on tick 102.
1-1 started moving to GRID(1, 0), arriving on tick 102.
2-1 started moving to GRID(2, 1), arriving on tick 102.
3-1 started moving to GRID(7, 2), arriving on tick 102.
6-1 started moving to GRID(7, 2), arriving on tick 102.
4-1 attacked 0-1 for 8 damage.
5-1 started moving to GRID(3, 3), arriving on tick 132.
7-1 started moving to GRID(2, 2), arriving on tick 132.
1-1 started moving to GRID(2, 0), arriving on tick 132.
2-1 started moving to GRID(2, 2), arriving on tick 132.
3-1 started moving to GRID(6, 2), arriving on tick 132.
6-1 started moving to GRID(6, 2), arriving on tick 132.
0-1 attacked 4-1 for 10 damage.
5-1 started moving to GRID(2, 3), arriving on tick 162.
7-1 started moving to GRID(1, 1), arriving on tick 174.
1-1 started moving to GRID(3, 1), arriving on tick 174.
3-1 started moving to GRID(5, 2), arriving on tick 162.
6-1 started moving to GRID(5, 2), arriving on tick 162.
4-1 attacked 0-1 for 8 damage.
3-1 started moving to GRID(4, 2), arriving on tick 192.
6-1 started moving to GRID(4, 2), arriving on tick 192.
7-1 started moving to GRID(2, 1), arriving on tick 204.
1-1 started moving to GRID(2, 1), arriving on tick 204.
0-1 attacked 4-1 for 10 damage.
4-1 attacked 0-1 for 8 damage.
2-1 started moving to GRID(1, 2), arriving on tick 222.
3-1 started moving to GRID(3, 2), arriving on tick 222.
6-1 started moving to GRID(3, 2), arriving on tick 222.
7-1 started moving to GRID(1, 0), arriving on tick 246.
5-1 started moving to GRID(2, 2), arriving on tick 252.
2-1 started moving to GRID(0, 1), arriving on tick 264.
3-1 started moving to GRID(2, 2), arriving on tick 252.
6-1 started moving to GRID(2, 2), arriving on tick 252.
4-1 attacked 0-1 for 8 damage.
0-1 attacked 4-1 for 10 damage.
7-1 started moving to GRID(0, 0), arriving on tick 276.
5-1 started moving to GRID(1, 1), arriving on tick 294.
3-1 started moving to GRID(1, 1), arriving on tick 294.
6-1 started moving to GRID(1, 1), arriving on tick 294.
1-1 started moving to GRID(3, 0), arriving on tick 306.
4-1 attacked 0-1 for 8 damage.
0-1 attacked 4-1 for 10 damage.
1-1 started moving to GRID(2, 0), arriving on tick 336.
4-1 attacked 0-1 for 8 damage.
2-1 attacked 7-1 for 8 damage.
7-1 attacked 2-1 for 8 damage.
1-1 started moving to GRID(1, 0), arriving on tick 366.
5-1 attacked 2-1 for 18 damage.
3-1 attacked 2-1 for 8 damage.
6-1 attacked 2-1 for 8 damage.
0-1 attacked 4-1 for 10 damage.
4-1 attacked 0-1 for 8 damage.
2-1 attacked 7-1 for 8 damage.
7-1 attacked 2-1 for 8 damage.
4-1 attacked 0-1 for 8 damage.
5-1 attacked 2-1 for 8 damage.
3-1 attacked 2-1 for 18 damage.
6-1 attacked 2-1 for 18 damage.
0-1 attacked 4-1 for 10 damage.
1-1 attacked 7-1 for 8 damage.
2-1 attacked 7-1 for 8 damage.
4-1 attacked 0-1 for 8 damage.
7-1 attacked 2-1 for 8 damage.
5-1 attacked 2-1 for 8 damage.
3-1 attacked 2-1 for 8 damage.
6-1 attacked 2-1 for 8 damage.
0-1 attacked 4-1 for 10 damage.
1-1 attacked 7-1 for 8 damage.
4-1 attacked 0-1 for 8 damage.
2-1 attacked 7-1 for 8 damage.
7-1 attacked 2-1 for 8 damage.
5-1 attacked 2-1 for 8 damage.
3-1 attacked 2-1 for 8 damage.
6-1 attacked 2-1 for 8 damage.
4-1 died.
0-1 attacked 4-1 for 5 damage.
1-1 attacked 7-1 for 8 damage.
2-1 attacked 7-1 for 8 damage.
7-1 attacked 2-1 for 8 damage.
5-1 attacked 2-1 for 18 damage.
3-1 attacked 2-1 for 8 damage.
6-1 attacked 2-1 for 8 damage.
0-1 started moving to GRID(6, 1), arriving on tick 642.
1-1 attacked 7-1 for 8 damage.
2-1 attacked 7-1 for 8 damage.
7-1 attacked 2-1 for 18 damage.
0-1 started moving to GRID(5, 1), arriving on tick 672.
5-1 attacked 2-1 for 8 damage.
3-1 attacked 2-1 for 8 damage.
6-1 attacked 2-1 for 8 damage.
1-1 attacked 7-1 for 8 damage.
0-1 started moving to GRID(4, 1), arriving on tick 702.
2-1 attacked 7-1 for 8 damage.
2-1 died.
7-1 attacked 2-1 for 8 damage.
0-1 started moving to GRID(3, 1), arriving on tick 732.
5-1 attacked 1-1 for 8 damage.
3-1 attacked 1-1 for 8 damage.
6-1 attacked 1-1 for 8 damage.
1-1 attacked 7-1 for 8 damage.
0-1 started moving to GRID(2, 1), arriving on tick 762.
7-1 attacked 0-1 for 8 damage.
5-1 attacked 1-1 for 18 damage.
3-1 attacked 1-1 for 8 damage.
6-1 attacked 1-1 for 8 damage.
1-1 attacked 7-1 for 8 damage.
7-1 started moving to GRID(0, 1), arriving on tick 846.
0-1 attacked 3-1 for 8 damage.
5-1 attacked 1-1 for 18 damage.
3-1 attacked 1-1 for 18 damage.
6-1 attacked 1-1 for 8 damage.
1-1 started moving to GRID(1, 0), arriving on tick 856.
7-1 started moving to GRID(1, 2), arriving on tick 888.
1-1 started moving to GRID(0, 0), arriving on tick 886.
0-1 cast Bulwark, affecting [EntityID(0, 1)].
7-1 started moving to GRID(2, 2), arriving on tick 918.
5-1 started moving to GRID(0, 1), arriving on tick 924.
3-1 started moving to GRID(0, 1), arriving on tick 924.
6-1 started moving to GRID(0, 1), arriving on tick 924.
0-1 started moving to GRID(1, 1), arriving on tick 972.
1-1 started moving to GRID(0, 0), arriving on tick 956.
1-1 started moving to GRID(1, 0), arriving on tick 986.
7-1 started moving to GRID(2, 1), arriving on tick 1008.
5-1 attacked 1-1 for 8 damage.
3-1 attacked 1-1 for 8 damage.
6-1 attacked 1-1 for 8 damage.
0-1 attacked 3-1 for 18 damage.
5-1 started moving to GRID(0, 0), arriving on tick 1074.
3-1 started moving to GRID(0, 0), arriving on tick 1074.
6-1 started moving to GRID(0, 0), arriving on tick 1074.
1-1 started moving to GRID(2, 0), arriving on tick 1076.
7-1 attacked 0-1 for 5 damage.
0-1 started moving to GRID(0, 1), arriving on tick 1122.
7-1 started moving to GRID(1, 1), arriving on tick 1158.
5-1 started moving to GRID(1, 0), arriving on tick 1164.
3-1 started moving to GRID(1, 0), arriving on tick 1164.
6-1 started moving to GRID(1, 0), arriving on tick 1164.
1-1 started moving to GRID(3, 1), arriving on tick 1178.
1-1 started moving to GRID(2, 1), arriving on tick 1208.
0-1 started moving to GRID(0, 0), arriving on tick 1212.
7-1 started moving to GRID(0, 1), arriving on tick 1248.
5-1 started moving to GRID(2, 0), arriving on tick 1254.
3-1 started moving to GRID(2, 0), arriving on tick 1254.
6-1 started moving to GRID(2, 0), arriving on tick 1254.
1-1 started moving to GRID(1, 1), arriving on tick 1298.
0-1 started moving to GRID(1, 0), arriving on tick 1302.
7-1 started moving to GRID(0, 0), arriving on tick 1338.
5-1 started moving to GRID(2, 1), arriving on tick 1344.
3-1 started moving to GRID(2, 1), arriving on tick 1344.
6-1 started moving to GRID(2, 1), arriving on tick 1344.
1-1 started moving to GRID(0, 1), arriving on tick 1388.
0-1 started moving to GRID(2, 0), arriving on tick 1392.
7-1 started moving to GRID(1, 0), arriving on tick 1428.
5-1 started moving to GRID(1, 1), arriving on tick 1434.
3-1 started moving to GRID(1, 1), arriving on tick 1434.
6-1 started moving to GRID(1, 1), arriving on tick 1434.
1-1 started moving to GRID(0, 0), arriving on tick 1478.
0-1 started moving to GRID(2, 1), arriving on tick 1482.
7-1 started moving to GRID(2, 0), arriving on tick 1518.
5-1 started moving to GRID(0, 1), arriving on tick 1524.
3-1 started moving to GRID(0, 1), arriving on tick 1524.
6-1 started moving to GRID(0, 1), arriving on tick 1524.
1-1 started moving to GRID(1, 0), arriving on tick 1568.
0-1 started moving to GRID(1, 1), arriving on tick 1572.
7-1 started moving to GRID(2, 1), arriving on tick 1608.
5-1 started moving to GRID(0, 0), arriving on tick 1614.
3-1 started moving to GRID(0, 0), arriving on tick 1614.
6-1 started moving to GRID(0, 0), arriving on tick 1614.
1-1 started moving to GRID(2, 0), arriving on tick 1658.
0-1 started moving to GRID(0, 1), arriving on tick 1662.
7-1 started moving to GRID(1, 1), arriving on tick 1698.
5-1 started moving to GRID(1, 0), arriving on tick 1704.
3-1 started moving to GRID(1, 0), arriving on tick 1704.
6-1 started moving to GRID(1, 0), arriving on tick 1704.
1-1 started moving to GRID(2, 1), arriving on tick 1748.
0-1 started moving to GRID(0, 0), arriving on tick 1752.
7-1 started moving to GRID(0, 1), arriving on tick 1788.
5-1 started moving to GRID(2, 0), arriving on tick 1794.
3-1 started moving to GRID(2, 0), arriving on tick 1794.
6-1 started moving to GRID(2, 0), arriving on tick 1794.
1-1 started moving to GRID(1, 1), arriving on tick 1838.
0-1 started moving to GRID(1, 0), arriving on tick 1842.
7-1 started moving to GRID(0, 0), arriving on tick 1878.
5-1 started moving to GRID(2, 1), arriving on tick 1884.
3-1 started moving to GRID(2, 1), arriving on tick 1884.
6-1 started moving to GRID(2, 1), arriving on tick 1884.
1-1 started moving to GRID(0, 1), arriving on tick 1928.
0-1 started moving to GRID(2, 0), arriving on tick 1932.
7-1 started moving to GRID(1, 0), arriving on tick 1968.
5-1 started moving to GRID(1, 1), arriving on tick 1974.
3-1 started moving to GRID(1, 1), arriving on tick 1974.
6-1 started moving to GRID(1, 1), arriving on tick 1974.
1-1 started moving to GRID(0, 0), arriving on tick 2018.
0-1 started moving to GRID(2, 1), arriving on tick 2022.
7-1 started moving to GRID(2, 0), arriving on tick 2058.
5-1 started moving to GRID(0, 1), arriving on tick 2064.
3-1 started moving to GRID(0, 1), arriving on tick 2064.
6-1 started moving to GRID(0, 1), arriving on tick 2064.
1-1 started moving to GRID(1, 0), arriving on tick 2108.
0-1 started moving to GRID(1, 1), arriving on tick 2112.
7-1 started moving to GRID(2, 1), arriving on tick 2148.
5-1 started moving to GRID(0, 0), arriving on tick 2154.
3-1 started moving to GRID(0, 0), arriving on tick 2154.
6-1 started moving to GRID(0, 0), arriving on tick 2154.
1-1 started moving to GRID(2, 0), arriving on tick 2198.
0-1 started moving to GRID(0, 1), arriving on tick 2202.
7-1 started moving to GRID(1, 1), arriving on tick 2238.
5-1 started moving to GRID(1, 0), arriving on tick 2244.
3-1 started moving to GRID(1, 0), arriving on tick 2244.
6-1 started moving to GRID(1, 0), arriving on tick 2244.
1-1 started moving to GRID(2, 1), arriving on tick 2288.
0-1 started moving to GRID(0, 0), arriving on tick 2292.
7-1 started moving to GRID(0, 1), arriving on tick 2328.
5-1 started moving to GRID(2, 0), arriving on tick 2334.
3-1 started moving to GRID(2, 0), arriving on tick 2334.
6-1 started moving to GRID(2, 0), arriving on tick 2334.
1-1 started moving to GRID(1, 1), arriving on tick 2378.
0-1 started moving to GRID(1, 0), arriving on tick 2382.
7-1 started moving to GRID(0, 0), arriving on tick 2418.
5-1 started moving to GRID(2, 1), arriving on tick 2424.
3-1 started moving to GRID(2, 1), arriving on tick 2424.
6-1 started moving to GRID(2, 1), arriving on tick 2424.
1-1 started moving to GRID(0, 1), arriving on tick 2468.
0-1 started moving to GRID(2, 0), arriving on tick 2472.
7-1 started moving to GRID(1, 0), arriving on tick 2508.
5-1 started moving to GRID(1, 1), arriving on tick 2514.
3-1 started moving to GRID(1, 1), arriving on tick 2514.
6-1 started moving to GRID(1, 1), arriving on tick 2514.
1-1 started moving to GRID(0, 0), arriving on tick 2558.
0-1 started moving to GRID(2, 1), arriving on tick 2562.
7-1 started moving to GRID(2, 0), arriving on tick 2598.
5-1 started moving to GRID(0, 1), arriving on tick 2604.
3-1 started moving to GRID(0, 1), arriving on tick 2604.
6-1 started moving to GRID(0, 1), arriving on tick 2604.
1-1 started moving to GRID(1, 0), arriving on tick 2648.
0-1 started moving to GRID(1, 1), arriving on tick 2652.
7-1 started moving to GRID(2, 1), arriving on tick 2688.
5-1 started moving to GRID(0, 0), arriving on tick 2694.
3-1 started moving to GRID(0, 0), arriving on tick 2694.
6-1 started moving to GRID(0, 0), arriving on tick 2694.
1-1 started moving to GRID(2, 0), arriving on tick 2738.
0-1 started moving to GRID(0, 1), arriving on tick 2742.
7-1 started moving to GRID(1, 1), arriving on tick 2778.
5-1 started moving to GRID(1, 0), arriving on tick 2784.
3-1 started moving to GRID(1, 0), arriving on tick 2784.
6-1 started moving to GRID(1, 0), arriving on tick 2784.
1-1 started moving to GRID(2, 1), arriving on tick 2828.
0-1 started moving to GRID(0, 0), arriving on tick 2832.
7-1 started moving to GRID(0, 1), arriving on tick 2868.
5-1 started moving to GRID(2, 0), arriving on tick 2874.
3-1 started moving to GRID(2, 0), arriving on tick 2874.
6-1 started moving to GRID(2, 0), arriving on tick 2874.
1-1 started moving to GRID(1, 1), arriving on tick 2918.
0-1 started moving to GRID(1, 0), arriving on tick 2922.
7-1 started moving to GRID(0, 0), arriving on tick 2958.
5-1 started moving to GRID(2, 1), arriving on tick 2964.
3-1 started moving to GRID(2, 1), arriving on tick 2964.
6-1 started moving to GRID(2, 1), arriving on tick 2964.
1-1 started moving to GRID(0, 1), arriving on tick 3008.
0-1 started moving to GRID(2, 0), arriving on tick 3012.
7-1 started moving to GRID(1, 0), arriving on tick 3048.
5-1 started moving to GRID(1, 1), arriving on tick 3054.
3-1 started moving to GRID(1, 1), arriving on tick 3054.
6-1 started moving to GRID(1, 1), arriving on tick 3054.
1-1 started moving to GRID(0, 0), arriving on tick 3098.
0-1 started moving to GRID(2, 1), arriving on tick 3102.
7-1 started moving to GRID(2, 0), arriving on tick 3138.
5-1 started moving to GRID(0, 1), arriving on tick 3144.
3-1 started moving to GRID(0, 1), arriving on tick 3144.
6-1 started moving to GRID(0, 1), arriving on tick 3144.
1-1 started moving to GRID(1, 0), arriving on tick 3188.
0-1 started moving to GRID(1, 1), arriving on tick 3192.
7-1 started moving to GRID(2, 1), arriving on tick 3228.
5-1 started moving to GRID(0, 0), arriving on tick 3234.
3-1 started moving to GRID(0, 0), arriving on tick 3234.
6-1 started moving to GRID(0, 0), arriving on tick 3234.
1-1 started moving to GRID(2, 0), arriving on tick 3278.
0-1 started moving to GRID(0, 1), arriving on tick 3282.
7-1 started moving to GRID(1, 1), arriving on tick 3318.
5-1 started moving to GRID(1, 0), arriving on tick 3324.
3-1 started moving to GRID(1, 0), arriving on tick 3324.
6-1 started moving to GRID(1, 0), arriving on tick 3324.
1-1 started moving to GRID(2, 1), arriving on tick 3368.
0-1 started moving to GRID(0, 0), arriving on tick 3372.
7-1 started moving to GRID(0, 1), arriving on tick 3408.
5-1 started moving to GRID(2, 0), arriving on tick 3414.
3-1 started moving to GRID(2, 0), arriving on tick 3414.
6-1 started moving to GRID(2, 0), arriving on tick 3414.
1-1 started moving to GRID(1, 1), arriving on tick 3458.
0-1 started moving to GRID(1, 0), arriving on tick 3462.
7-1 started moving to GRID(0, 0), arriving on tick 3498.
5-1 started moving to GRID(2, 1), arriving on tick 3504.
3-1 started moving to GRID(2, 1), arriving on tick 3504.
6-1 started moving to GRID(2, 1), arriving on tick 3504.
1-1 started moving to GRID(0, 1), arriving on tick 3548.
0-1 started moving to GRID(2, 0), arriving on tick 3552.
7-1 started moving to GRID(1, 0), arriving on tick 3588.
5-1 started moving to GRID(1, 1), arriving on tick 3594.
3-1 started moving to GRID(1, 1), arriving on tick 3594.
6-1 started moving to GRID(1, 1), arriving on tick 3594.
1-1 started moving to GRID(0, 0), arriving on tick 3638.
0-1 started moving to GRID(2, 1), arriving on tick 3642.
7-1 started moving to GRID(2, 0), arriving on tick 3678.
5-1 started moving to GRID(0, 1), arriving on tick 3684.
3-1 started moving to GRID(0, 1), arriving on tick 3684.
6-1 started moving to GRID(0, 1), arriving on tick 3684.
1-1 started moving to GRID(1, 0), arriving on tick 3728.
0-1 started moving to GRID(1, 1), arriving on tick 3732.
7-1 started moving to GRID(2, 1), arriving on tick 3768.
5-1 started moving to GRID(0, 0), arriving on tick 3774.
3-1 started moving to GRID(0, 0), arriving on tick 3774.
6-1 started moving to GRID(0, 0), arriving on tick 3774.
1-1 started moving to GRID(2, 0), arriving on tick 3818.
0-1 started moving to GRID(0, 1), arriving on tick 3822.
7-1 started moving to GRID(1, 1), arriving on tick 3858.
5-1 started moving to GRID(1, 0), arriving on tick 3864.
3-1 started moving to GRID(1, 0), arriving on tick 3864.
6-1 started moving to GRID(1, 0), arriving on tick 3864.
1-1 started moving to GRID(2, 1), arriving on tick 3908.
0-1 started moving to GRID(0, 0), arriving on tick 3912.
7-1 started moving to GRID(0, 1), arriving on tick 3948.
5-1 started moving to GRID(2, 0), arriving on tick 3954.
3-1 started moving to GRID(2, 0), arriving on tick 3954.
6-1 started moving to GRID(2, 0), arriving on tick 3954.
1-1 started moving to GRID(1, 1), arriving on tick 3998.
0-1 started moving to GRID(1, 0), arriving on tick 4002.
7-1 started moving to GRID(0, 0), arriving on tick 4038.
5-1 started moving to GRID(2, 1), arriving on tick 4044.
3-1 started moving to GRID(2, 1), arriving on tick 4044.
6-1 started moving to GRID(2, 1), arriving on tick 4044.
1-1 started moving to GRID(0, 1), arriving on tick 4088.
0-1 started moving to GRID(2, 0), arriving on tick 4092.
7-1 started moving to GRID(1, 0), arriving on tick 4128.
5-1 started moving to GRID(1, 1), arriving on tick 4134.
3-1 started moving to GRID(1, 1), arriving on tick 4134.
6-1 started moving to GRID(1, 1), arriving on tick 4134.
1-1 started moving to GRID(0, 0), arriving on tick 4178.
0-1 started moving to GRID(2, 1), arriving on tick 4182.
7-1 started moving to GRID(2, 0), arriving on tick 4218.
5-1 started moving to GRID(0, 1), arriving on tick 4224.
3-1 started moving to GRID(0, 1), arriving on tick 4224.
6-1 started moving to GRID(0, 1), arriving on tick 4224.
1-1 started moving to GRID(1, 0), arriving on tick 4268.
0-1 started moving to GRID(1, 1), arriving on tick 4272.
7-1 started moving to GRID(2, 1), arriving on tick 4308.
5-1 started moving to GRID(0, 0), arriving on tick 4314.
3-1 started moving to GRID(0, 0), arriving on tick 4314.
6-1 started moving to GRID(0, 0), arriving on tick 4314.
1-1 started moving to GRID(2, 0), arriving on tick 4358.
0-1 started moving to GRID(0, 1), arriving on tick 4362.
7-1 started moving to GRID(1, 1), arriving on tick 4398.
5-1 started moving to GRID(1, 0), arriving on tick 4404.
3-1 started moving to GRID(1, 0), arriving on tick 4404.
6-1 started moving to GRID(1, 0), arriving on tick 4404.
1-1 started moving to GRID(2, 1), arriving on tick 4448.
0-1 started moving to GRID(0, 0), arriving on tick 4452.
7-1 started moving to GRID(0, 1), arriving on tick 4488.
5-1 started moving to GRID(2, 0), arriving on tick 4494.
3-1 started moving to GRID(2, 0), arriving on tick 4494.
6-1 started moving to GRID(2, 0), arriving on tick 4494.
1-1 started moving to GRID(1, 1), arriving on tick 4538.
0-1 started moving to GRID(1, 0), arriving on tick 4542.
7-1 started moving to GRID(0, 0), arriving on tick 4578.
5-1 started moving to GRID(2, 1), arriving on tick 4584.
3-1 started moving to GRID(2, 1), arriving on tick 4584.
6-1 started moving to GRID(2, 1), arriving on tick 4584.
1-1 started moving to GRID(0, 1), arriving on tick 4628.
0-1 started moving to GRID(2, 0), arriving on tick 4632.
7-1 started moving to GRID(1, 0), arriving on tick 4668.
5-1 started moving to GRID(1, 1), arriving on tick 4674.
3-1 started moving to GRID(1, 1), arriving on tick 4674.
6-1 started moving to GRID(1, 1), arriving on tick 4674.
1-1 started moving to GRID(0, 0), arriving on tick 4718.
0-1 started moving to GRID(2, 1), arriving on tick 4722.
7-1 started moving to GRID(2, 0), arriving on tick 4758.
5-1 started moving to GRID(0, 1), arriving on tick 4764.
3-1 started moving to GRID(0, 1), arriving on tick 4764.
6-1 started moving to GRID(0, 1), arriving on tick 4764.
1-1 started moving to GRID(1, 0), arriving on tick 4808.
0-1 started moving to GRID(1, 1), arriving on tick 4812.
7-1 started moving to GRID(2, 1), arriving on tick 4848.
5-1 started moving to GRID(0, 0), arriving on tick 4854.
3-1 started moving to GRID(0, 0), arriving on tick 4854.
6-1 started moving to GRID(0, 0), arriving on tick 4854.
1-1 started moving to GRID(2, 0), arriving on tick 4898.
0-1 started moving to GRID(0, 1), arriving on tick 4902.
7-1 started moving to GRID(1, 1), arriving on tick 4938.
5-1 started moving to GRID(1, 0), arriving on tick 4944.
3-1 started moving to GRID(1, 0), arriving on tick 4944.
6-1 started moving to GRID(1, 0), arriving on tick 4944.
1-1 started moving to GRID(2, 1), arriving on tick 4988.
0-1 started moving to GRID(0, 0), arriving on tick 4992.
7-1 started moving to GRID(0, 1), arriving on tick 5028.
5-1 started moving to GRID(2, 0), arriving on tick 5034.
3-1 started moving to GRID(2, 0), arriving on tick 5034.
6-1 started moving to GRID(2, 0), arriving on tick 5034.
1-1 started moving to GRID(1, 1), arriving on tick 5078.
0-1 started moving to GRID(1, 0), arriving on tick 5082.
7-1 started moving to GRID(0, 0), arriving on tick 5118.
5-1 started moving to GRID(2, 1), arriving on tick 5124.
3-1 started moving to GRID(2, 1), arriving on tick 5124.
6-1 started moving to GRID(2, 1), arriving on tick 5124.
1-1 started moving to GRID(0, 1), arriving on tick 5168.
0-1 started moving to GRID(2, 0), arriving on tick 5172.
7-1 started moving to GRID(1, 0), arriving on tick 5208.
5-1 started moving to GRID(1, 1), arriving on tick 5214.
3-1 started moving to GRID(1, 1), arriving on tick 5214.
6-1 started moving to GRID(1, 1), arriving on tick 5214.
1-1 started moving to GRID(0, 0), arriving on tick 5258.
0-1 started moving to GRID(2, 1), arriving on tick 5262.
7-1 started moving to GRID(2, 0), arriving on tick 5298.
5-1 started moving to GRID(0, 1), arriving on tick 5304.
3-1 started moving to GRID(0, 1), arriving on tick 5304.
6-1 started moving to GRID(0, 1), arriving on tick 5304.
1-1 started moving to GRID(1, 0), arriving on tick 5348.
0-1 started moving to GRID(1, 1), arriving on tick 5352.
7-1 started moving to GRID(2, 1), arriving on tick 5388.
5-1 started moving to GRID(0, 0), arriving on tick 5394.
3-1 started moving to GRID(0, 0), arriving on tick 5394.
6-1 started moving to GRID(0, 0), arriving on tick 5394.
1-1 started moving to GRID(2, 0), arriving on tick 5438.
0-1 started moving to GRID(0, 1), arriving on tick 5442.
7-1 started moving to GRID(1, 1), arriving on tick 5478.
5-1 started moving to GRID(1, 0), arriving on tick 5484.
3-1 started moving to GRID(1, 0), arriving on tick 5484.
6-1 started moving to GRID(1, 0), arriving on tick 5484.
1-1 started moving to GRID(2, 1), arriving on tick 5528.
0-1 started moving to GRID(0, 0), arriving on tick 5532.
7-1 started moving to GRID(0, 1), arriving on tick 5568.
5-1 started moving to GRID(2, 0), arriving on tick 5574.
3-1 started moving to GRID(2, 0), arriving on tick 5574.
6-1 started moving to GRID(2, 0), arriving on tick 5574.
1-1 started moving to GRID(1, 1), arriving on tick 5618.
0-1 started moving to GRID(1, 0), arriving on tick 5622.
7-1 started moving to GRID(0, 0), arriving on tick 5658.
5-1 started moving to GRID(2, 1), arriving on tick 5664.
3-1 started moving to GRID(2, 1), arriving on tick 5664.
6-1 started moving to GRID(2, 1), arriving on tick 5664.
1-1 started moving to GRID(0, 1), arriving on tick 5708.
0-1 started moving to GRID(2, 0), arriving on tick 5712.
7-1 started moving to GRID(1, 0), arriving on tick 5748.
5-1 started moving to GRID(1, 1), arriving on tick 5754.
3-1 started moving to GRID(1, 1), arriving on tick 5754.
6-1 started moving to GRID(1, 1), arriving on tick 5754.
1-1 started moving to GRID(0, 0), arriving on tick 5798.
0-1 started moving to GRID(2, 1), arriving on tick 5802.
7-1 started moving to GRID(2, 0), arriving on tick 5838.
5-1 started moving to GRID(0, 1), arriving on tick 5844.
3-1 started moving to GRID(0, 1), arriving on tick 5844.
6-1 started moving to GRID(0, 1), arriving on tick 5844.
1-1 started moving to GRID(1, 0), arriving on tick 5888.
0-1 started moving to GRID(1, 1), arriving on tick 5892.
7-1 started moving to GRID(2, 1), arriving on tick 5928.
5-1 started moving to GRID(0, 0), arriving on tick 5934.
3-1 started moving to GRID(0, 0), arriving on tick 5934.
6-1 started moving to GRID(0, 0), arriving on tick 5934.
1-1 started moving to GRID(2, 0), arriving on tick 5978.
0-1 started moving to GRID(0, 1), arriving on tick 5982.
7-1 started moving to GRID(1, 1), arriving on tick 6018.
5-1 started moving to GRID(1, 0), arriving on tick 6024.
3-1 started moving to GRID(1, 0), arriving on tick 6024.
6-1 started moving to GRID(1, 0), arriving on tick 6024.
1-1 started moving to GRID(2, 1), arriving on tick 6068.
0-1 started moving to GRID(0, 0), arriving on tick 6072.
7-1 started moving to GRID(0, 1), arriving on tick 6108.
5-1 started moving to GRID(2, 0), arriving on tick 6114.
3-1 started moving to GRID(2, 0), arriving on tick 6114.
6-1 started moving to GRID(2, 0), arriving on tick 6114.
1-1 started moving to GRID(1, 1), arriving on tick 6158.
0-1 started moving to GRID(1, 0), arriving on tick 6162.
7-1 started moving to GRID(0, 0), arriving on tick 6198.
5-1 started moving to GRID(2, 1), arriving on tick 6204.
3-1 started moving to GRID(2, 1), arriving on tick 6204.
6-1 started moving to GRID(2, 1), arriving on tick 6204.
1-1 started moving to GRID(0, 1), arriving on tick 6248.
0-1 started moving to GRID(2, 0), arriving on tick 6252.
7-1 started moving to GRID(1, 0), arriving on tick 6288.
5-1 started moving to GRID(1, 1), arriving on tick 6294.
3-1 started moving to GRID(1, 1), arriving on tick 6294.
6-1 started moving to GRID(1, 1), arriving on tick 6294.
1-1 started moving to GRID(0, 0), arriving on tick 6338.
0-1 started moving to GRID(2, 1), arriving on tick 6342.
7-1 started moving to GRID(2, 0), arriving on tick 6378.
5-1 started moving to GRID(0, 1), arriving on tick 6384.
3-1 started moving to GRID(0, 1), arriving on tick 6384.
6-1 started moving to GRID(0, 1), arriving on tick 6384.
1-1 started moving to GRID(1, 0), arriving on tick 6428.
0-1 started moving to GRID(1, 1), arriving on tick 6432.
7-1 started moving to GRID(2, 1), arriving on tick 6468.
5-1 started moving to GRID(0, 0), arriving on tick 6474.
3-1 started moving to GRID(0, 0), arriving on tick 6474.
6-1 started moving to GRID(0, 0), arriving on tick 6474.
1-1 started moving to GRID(2, 0), arriving on tick 6518.
0-1 started moving to GRID(0, 1), arriving on tick 6522.
7-1 started moving to GRID(1, 1), arriving on tick 6558.
5-1 started moving to GRID(1, 0), arriving on tick 6564.
3-1 started moving to GRID(1, 0), arriving on tick 6564.
6-1 started moving to GRID(1, 0), arriving on tick 6564.
1-1 started moving to GRID(2, 1), arriving on tick 6608.
0-1 started moving to GRID(0, 0), arriving on tick 6612.
7-1 started moving to GRID(0, 1), arriving on tick 6648.
5-1 started moving to GRID(2, 0), arriving on tick 6654.
3-1 started moving to GRID(2, 0), arriving on tick 6654.
6-1 started moving to GRID(2, 0), arriving on tick 6654.
1-1 started moving to GRID(1, 1), arriving on tick 6698.
0-1 started moving to GRID(1, 0), arriving on tick 6702.
7-1 started moving to GRID(0, 0), arriving on tick 6738.
5-1 started moving to GRID(2, 1), arriving on tick 6744.
3-1 started moving to GRID(2, 1), arriving on tick 6744.
6-1 started moving to GRID(2, 1), arriving on tick 6744.
1-1 started moving to GRID(0, 1), arriving on tick 6788.
0-1 started moving to GRID(2, 0), arriving on tick 6792.
7-1 started moving to GRID(1, 0), arriving on tick 6828.
5-1 started moving to GRID(1, 1), arriving on tick 6834.
3-1 started moving to GRID(1, 1), arriving on tick 6834.
6-1 started moving to GRID(1, 1), arriving on tick 6834.
1-1 started moving to GRID(0, 0), arriving on tick 6878.
0-1 started moving to GRID(2, 1), arriving on tick 6882.
7-1 started moving to GRID(2, 0), arriving on tick 6918.
5-1 started moving to GRID(0, 1), arriving on tick 6924.
3-1 started moving to GRID(0, 1), arriving on tick 6924.
6-1 started moving to GRID(0, 1), arriving on tick 6924.
1-1 started moving to GRID(1, 0), arriving on tick 6968.
0-1 started moving to GRID(1, 1), arriving on tick 6972.
7-1 started moving to GRID(2, 1), arriving on tick 7008.
5-1 started moving to GRID(0, 0), arriving on tick 7014.
3-1 started moving to GRID(0, 0), arriving on tick 7014.
6-1 started moving to GRID(0, 0), arriving on tick 7014.
1-1 started moving to GRID(2, 0), arriving on tick 7058.
0-1 started moving to GRID(0, 1), arriving on tick 7062.
7-1 started moving to GRID(1, 1), arriving on tick 7098.
5-1 started moving to GRID(1, 0), arriving on tick 7104.
3-1 started moving to GRID(1, 0), arriving on tick 7104.
6-1 started moving to GRID(1, 0), arriving on tick 7104.
1-1 started moving to GRID(2, 1), arriving on tick 7148.
0-1 started moving to GRID(0, 0), arriving on tick 7152.
7-1 started moving to GRID(0, 1), arriving on tick 7188.
5-1 started moving to GRID(2, 0), arriving on tick 7194.
3-1 started moving to GRID(2, 0), arriving on tick 7194.
6-1 started moving to GRID(2, 0), arriving on tick 7194.
1-1 started moving to GRID(1, 1), arriving on tick 7238.
0-1 started moving to GRID(1, 0), arriving on tick 7242.
7-1 started moving to GRID(0, 0), arriving on tick 7278.
5-1 started moving to GRID(2, 1), arriving on tick 7284.
3-1 started moving to GRID(2, 1), arriving on tick 7284.
6-1 started moving to GRID(2, 1), arriving on tick 7284.
1-1 started moving to GRID(0, 1), arriving on tick 7328.
0-1 started moving to GRID(2, 0), arriving on tick 7332.
7-1 started moving to GRID(1, 0), arriving on tick 7368.
5-1 started moving to GRID(1, 1), arriving on tick 7374.
3-1 started moving to GRID(1, 1), arriving on tick 7374.
6-1 started moving to GRID(1, 1), arriving on tick 7374.
1-1 started moving to GRID(0, 0), arriving on tick 7418.
0-1 started moving to GRID(2, 1), arriving on tick 7422.
7-1 started moving to GRID(2, 0), arriving on tick 7458.
5-1 started moving to GRID(0, 1), arriving on tick 7464.
3-1 started moving to GRID(0, 1), arriving on tick 7464.
6-1 started moving to GRID(0, 1), arriving on tick 7464.
1-1 started moving to GRID(1, 0), arriving on tick 7508.
0-1 started moving to GRID(1, 1), arriving on tick 7512.
7-1 started moving to GRID(2, 1), arriving on tick 7548.
5-1 started moving to GRID(0, 0), arriving on tick 7554.
3-1 started moving to GRID(0, 0), arriving on tick 7554.
6-1 started moving to GRID(0, 0), arriving on tick 7554.
1-1 started moving to GRID(2, 0), arriving on tick 7598.
0-1 started moving to GRID(0, 1), arriving on tick 7602.
7-1 started moving to GRID(1, 1), arriving on tick 7638.
5-1 started moving to GRID(1, 0), arriving on tick 7644.
3-1 started moving to GRID(1, 0), arriving on tick 7644.
6-1 started moving to GRID(1, 0), arriving on tick 7644.
1-1 started moving to GRID(2, 1), arriving on tick 7688.
0-1 started moving to GRID(0, 0), arriving on tick 7692.
7-1 started moving to GRID(0, 1), arriving on tick 7728.
5-1 started moving to GRID(2, 0), arriving on tick 7734.
3-1 started moving to GRID(2, 0), arriving on tick 7734.
6-1 started moving to GRID(2, 0), arriving on tick 7734.
1-1 started moving to GRID(1, 1), arriving on tick 7778.
0-1 started moving to GRID(1, 0), arriving on tick 7782.
7-1 started moving to GRID(0, 0), arriving on tick 7818.
5-1 started moving to GRID(2, 1), arriving on tick 7824.
3-1 started moving to GRID(2, 1), arriving on tick 7824.
6-1 started moving to GRID(2, 1), arriving on tick 7824.
1-1 started moving to GRID(0, 1), arriving on tick 7868.
0-1 started moving to GRID(2, 0), arriving on tick 7872.
7-1 started moving to GRID(1, 0), arriving on tick 7908.
5-1 started moving to GRID(1, 1), arriving on tick 7914.
3-1 started moving to GRID(1, 1), arriving on tick 7914.
6-1 started moving to GRID(1, 1), arriving on tick 7914.
1-1 started moving to GRID(0, 0), arriving on tick 7958.
0-1 started moving to GRID(2, 1), arriving on tick 7962.
7-1 started moving to GRID(2, 0), arriving on tick 7998.
5-1 started moving to GRID(0, 1), arriving on tick 8004.
3-1 started moving to GRID(0, 1), arriving on tick 8004.
6-1 started moving to GRID(0, 1), arriving on tick 8004.
1-1 started moving to GRID(1, 0), arriving on tick 8048.
0-1 started moving to GRID(1, 1), arriving on tick 8052.
7-1 started moving to GRID(2, 1), arriving on tick 8088.
5-1 started moving to GRID(0, 0), arriving on tick 8094.
3-1 started moving to GRID(0, 0), arriving on tick 8094.
6-1 started moving to GRID(0, 0), arriving on tick 8094.
1-1 started moving to GRID(2, 0), arriving on tick 8138.
0-1 started moving to GRID(0, 1), arriving on tick 8142.
7-1 started moving to GRID(1, 1), arriving on tick 8178.
5-1 started moving to GRID(1, 0), arriving on tick 8184.
3-1 started moving to GRID(1, 0), arriving on tick 8184.
6-1 started moving to GRID(1, 0), arriving on tick 8184.
1-1 started moving to GRID(2, 1), arriving on tick 8228.
0-1 started moving to GRID(0, 0), arriving on tick 8232.
7-1 started moving to GRID(0, 1), arriving on tick 8268.
5-1 started moving to GRID(2, 0), arriving on tick 8274.
3-1 started moving to GRID(2, 0), arriving on tick 8274.
6-1 started moving to GRID(2, 0), arriving on tick 8274.
1-1 started moving to GRID(1, 1), arriving on tick 8318.
0-1 started moving to GRID(1, 0), arriving on tick 8322.
7-1 started moving to GRID(0, 0), arriving on tick 8358.
5-1 started moving to GRID(2, 1), arriving on tick 8364.
3-1 started moving to GRID(2, 1), arriving on tick 8364.
6-1 started moving to GRID(2, 1), arriving on tick 8364.
1-1 started moving to GRID(0, 1), arriving on tick 8408.
0-1 started moving to GRID(2, 0), arriving on tick 8412.
7-1 started moving to GRID(1, 0), arriving on tick 8448.
5-1 started moving to GRID(1, 1), arriving on tick 8454.
3-1 started moving to GRID(1, 1), arriving on tick 8454.
6-1 started moving to GRID(1, 1), arriving on tick 8454.
1-1 started moving to GRID(0, 0), arriving on tick 8498.
0-1 started moving to GRID(2, 1), arriving on tick 8502.
7-1 started moving to GRID(2, 0), arriving on tick 8538.
5-1 started moving to GRID(0, 1), arriving on tick 8544.
3-1 started moving to GRID(0, 1), arriving on tick 8544.
6-1 started moving to GRID(0, 1), arriving on tick 8544.
1-1 started moving to GRID(1, 0), arriving on tick 8588.
0-1 started moving to GRID(1, 1), arriving on tick 8592.
7-1 started moving to GRID(2, 1), arriving on tick 8628.
5-1 started moving to GRID(0, 0), arriving on tick 8634.
3-1 started moving to GRID(0, 0), arriving on tick 8634.
6-1 started moving to GRID(0, 0), arriving on tick 8634.
1-1 started moving to GRID(2, 0), arriving on tick 8678.
0-1 started moving to GRID(0, 1), arriving on tick 8682.
7-1 started moving to GRID(1, 1), arriving on tick 8718.
5-1 started moving to GRID(1, 0), arriving on tick 8724.
3-1 started moving to GRID(1, 0), arriving on tick 8724.
6-1 started moving to GRID(1, 0), arriving on tick 8724.
1-1 started moving to GRID(2, 1), arriving on tick 8768.
0-1 started moving to GRID(0, 0), arriving on tick 8772.
7-1 started moving to GRID(0, 1), arriving on tick 8808.
5-1 started moving to GRID(2, 0), arriving on tick 8814.
3-1 started moving to GRID(2, 0), arriving on tick 8814.
6-1 started moving to GRID(2, 0), arriving on tick 8814.
1-1 started moving to GRID(1, 1), arriving on tick 8858.
0-1 started moving to GRID(1, 0), arriving on tick 8862.
7-1 started moving to GRID(0, 0), arriving on tick 8898.
5-1 started moving to GRID(2, 1), arriving on tick 8904.
3-1 started moving to GRID(2, 1), arriving on tick 8904.
6-1 started moving to GRID(2, 1), arriving on tick 8904.
1-1 started moving to GRID(0, 1), arriving on tick 8948.
0-1 started moving to GRID(2, 0), arriving on tick 8952.
7-1 started moving to GRID(1, 0), arriving on tick 8988.
5-1 started moving to GRID(1, 1), arriving on tick 8994.
3-1 started moving to GRID(1, 1), arriving on tick 8994.
6-1 started moving to GRID(1, 1), arriving on tick 8994.
1-1 started moving to GRID(0, 0), arriving on tick 9038.
0-1 started moving to GRID(2, 1), arriving on tick 9042.
7-1 started moving to GRID(2, 0), arriving on tick 9078.
5-1 started moving to GRID(0, 1), arriving on tick 9084.
3-1 started moving to GRID(0, 1), arriving on tick 9084.
6-1 started moving to GRID(0, 1), arriving on tick 9084.
1-1 started moving to GRID(1, 0), arriving on tick 9128.
0-1 started moving to GRID(1, 1), arriving on tick 9132.
7-1 started moving to GRID(2, 1), arriving on tick 9168.
5-1 started moving to GRID(0, 0), arriving on tick 9174.
3-1 started moving to GRID(0, 0), arriving on tick 9174.
6-1 started moving to GRID(0, 0), arriving on tick 9174.
1-1 started moving to GRID(2, 0), arriving on tick 9218.
0-1 started moving to GRID(0, 1), arriving on tick 9222.
7-1 started moving to GRID(1, 1), arriving on tick 9258.
5-1 started moving to GRID(1, 0), arriving on tick 9264.
3-1 started moving to GRID(1, 0), arriving on tick 9264.
6-1 started moving to GRID(1, 0), arriving on tick 9264.
1-1 started moving to GRID(2, 1), arriving on tick 9308.
0-1 started moving to GRID(0, 0), arriving on tick 9312.
7-1 started moving to GRID(0, 1), arriving on tick 9348.
5-1 started moving to GRID(2, 0), arriving on tick 9354.
3-1 started moving to GRID(2, 0), arriving on tick 9354.
6-1 started moving to GRID(2, 0), arriving on tick 9354.
1-1 started moving to GRID(1, 1), arriving on tick 9398.
0-1 started moving to GRID(1, 0), arriving on tick 9402.
7-1 started moving to GRID(0, 0), arriving on tick 9438.
5-1 started moving to GRID(2, 1), arriving on tick 9444.
3-1 started moving to GRID(2, 1), arriving on tick 9444.
6-1 started moving to GRID(2, 1), arriving on tick 9444.
1-1 started moving to GRID(0, 1), arriving on tick 9488.
0-1 started moving to GRID(2, 0), arriving on tick 9492.
7-1 started moving to GRID(1, 0), arriving on tick 9528.
5-1 started moving to GRID(1, 1), arriving on tick 9534.
3-1 started moving to GRID(1, 1), arriving on tick 9534.
6-1 started moving to GRID(1, 1), arriving on tick 9534.
1-1 started moving to GRID(0, 0), arriving on tick 9578.
0-1 started moving to GRID(2, 1), arriving on tick 9582.
7-1 started moving to GRID(2, 0), arriving on tick 9618.
5-1 started moving to GRID(0, 1), arriving on tick 9624.
3-1 started moving to GRID(0, 1), arriving on tick 9624.
6-1 started moving to GRID(0, 1), arriving on tick 9624.
1-1 started moving to GRID(1, 0), arriving on tick 9668.
0-1 started moving to GRID(1, 1), arriving on tick 9672.
7-1 started moving to GRID(2, 1), arriving on tick 9708.
5-1 started moving to GRID(0, 0), arriving on tick 9714.
3-1 started moving to GRID(0, 0), arriving on tick 9714.
6-1 started moving to GRID(0, 0), arriving on tick 9714.
1-1 started moving to GRID(2, 0), arriving on tick 9758.
0-1 started moving to GRID(0, 1), arriving on tick 9762.
7-1 started moving to GRID(1, 1), arriving on tick 9798.
5-1 started moving to GRID(1, 0), arriving on tick 9804.
3-1 started moving to GRID(1, 0), arriving on tick 9804.
6-1 started moving to GRID(1, 0), arriving on tick 9804.
1-1 started moving to GRID(2, 1), arriving on tick 9848.
0-1 started moving to GRID(0, 0), arriving on tick 9852.
7-1 started moving to GRID(0, 1), arriving on tick 9888.
5-1 started moving to GRID(2, 0), arriving on tick 9894.
3-1 started moving to GRID(2, 0), arriving on tick 9894.
6-1 started moving to GRID(2, 0), arriving on tick 9894.
1-1 started moving to GRID(1, 1), arriving on tick 9938.
0-1 started moving to GRID(1, 0), arriving on tick 9942.
7-1 started moving to GRID(0, 0), arriving on tick 9978.
5-1 started moving to GRID(2, 1), arriving on tick 9984.
3-1 started moving to GRID(2, 1), arriving on tick 9984.
6-1 started moving to GRID(2, 1), arriving on tick 9984.
1-1 started moving to GRID(0, 1), arriving on tick 10028.
0-1 started moving to GRID(2, 0), arriving on tick 10032.
7-1 started moving to GRID(1, 0), arriving on tick 10068.
5-1 started moving to GRID(1, 1), arriving on tick 10074.
3-1 started moving to GRID(1, 1), arriving on tick 10074.
6-1 started moving to GRID(1, 1), arriving on tick 10074.
1-1 started moving to GRID(0, 0), arriving on tick 10118.
0-1 started moving to GRID(2, 1), arriving on tick 10122.
7-1 started moving to GRID(2, 0), arriving on tick 10158.
5-1 started moving to GRID(0, 1), arriving on tick 10164.
3-1 started moving to GRID(0, 1), arriving on tick 10164.
6-1 started moving to GRID(0, 1), arriving on tick 10164.
1-1 started moving to GRID(1, 0), arriving on tick 10208.
0-1 started moving to GRID(1, 1), arriving on tick 10212.
7-1 started moving to GRID(2, 1), arriving on tick 10248.
5-1 started moving to GRID(0, 0), arriving on tick 10254.
3-1 started moving to GRID(0, 0), arriving on tick 10254.
6-1 started moving to GRID(0, 0), arriving on tick 10254.
1-1 started moving to GRID(2, 0), arriving on tick 10298.
0-1 started moving to GRID(0, 1), arriving on tick 10302.
7-1 started moving to GRID(1, 1), arriving on tick 10338.
5-1 started moving to GRID(1, 0), arriving on tick 10344.
3-1 started moving to GRID(1, 0), arriving on tick 10344.
6-1 started moving to GRID(1, 0), arriving on tick 10344.
1-1 started moving to GRID(2, 1), arriving on tick 10388.
0-1 started moving to GRID(0, 0), arriving on tick 10392.
7-1 started moving to GRID(0, 1), arriving on tick 10428.
5-1 started moving to GRID(2, 0), arriving on tick 10434.
3-1 started moving to GRID(2, 0), arriving on tick 10434.
6-1 started moving to GRID(2, 0), arriving on tick 10434.
1-1 started moving to GRID(1, 1), arriving on tick 10478.
0-1 started moving to GRID(1, 0), arriving on tick 10482.
7-1 started moving to GRID(0, 0), arriving on tick 10518.
5-1 started moving to GRID(2, 1), arriving on tick 10524.
3-1 started moving to GRID(2, 1), arriving on tick 10524.
6-1 started moving to GRID(2, 1), arriving on tick 10524.
1-1 started moving to GRID(0, 1), arriving on tick 10568.
0-1 started moving to GRID(2, 0), arriving on tick 10572.
7-1 started moving to GRID(1, 0), arriving on tick 10608.
5-1 started moving to GRID(1, 1), arriving on tick 10614.
3-1 started moving to GRID(1, 1), arriving on tick 10614.
6-1 started moving to GRID(1, 1), arriving on tick 10614.
1-1 started moving to GRID(0, 0), arriving on tick 10658.
0-1 started moving to GRID(2, 1), arriving on tick 10662.
7-1 started moving to GRID(2, 0), arriving on tick 10698.
5-1 started moving to GRID(0, 1), arriving on tick 10704.
3-1 started moving to GRID(0, 1), arriving on tick 10704.
6-1 started moving to GRID(0, 1), arriving on tick 10704.
1-1 started moving to GRID(1, 0), arriving on tick 10748.
0-1 started moving to GRID(1, 1), arriving on tick 10752.
7-1 started moving to GRID(2, 1), arriving on tick 10788.
5-1 started moving to GRID(0, 0), arriving on tick 10794.
3-1 started moving to GRID(0, 0), arriving on tick 10794.
6-1 started moving to GRID(0, 0), arriving on tick 10794.
1-1 started moving to GRID(2, 0), arriving on tick 10838.
0-1 started moving to GRID(0, 1), arriving on tick 10842.
7-1 started moving to GRID(1, 1), arriving on tick 10878.
5-1 started moving to GRID(1, 0), arriving on tick 10884.
3-1 started moving to GRID(1, 0), arriving on tick 10884.
6-1 started moving to GRID(1, 0), arriving on tick 10884.
1-1 started moving to GRID(2, 1), arriving on tick 10928.
0-1 started moving to GRID(0, 0), arriving on tick 10932.
7-1 started moving to GRID(0, 1), arriving on tick 10968.
5-1 started moving to GRID(2, 0), arriving on tick 10974.
3-1 started moving to GRID(2, 0), arriving on tick 10974.
6-1 started moving to GRID(2, 0), arriving on tick 10974.
1-1 started moving to GRID(1, 1), arriving on tick 11018.
0-1 started moving to GRID(1, 0), arriving on tick 11022.
7-1 started moving to GRID(0, 0), arriving on tick 11058.
5-1 started moving to GRID(2, 1), arriving on tick 11064.
3-1 started moving to GRID(2, 1), arriving on tick 11064.
6-1 started moving to GRID(2, 1), arriving on tick 11064.
1-1 started moving to GRID(0, 1), arriving on tick 11108.
0-1 started moving to GRID(2, 0), arriving on tick 11112.
7-1 started moving to GRID(1, 0), arriving on tick 11148.
5-1 started moving to GRID(1, 1), arriving on tick 11154.
3-1 started moving to GRID(1, 1), arriving on tick 11154.
6-1 started moving to GRID(1, 1), arriving on tick 11154.
1-1 started moving to GRID(0, 0), arriving on tick 11198.
0-1 started moving to GRID(2, 1), arriving on tick 11202.
7-1 started moving to GRID(2, 0), arriving on tick 11238.
5-1 started moving to GRID(0, 1), arriving on tick 11244.
3-1 started moving to GRID(0, 1), arriving on tick 11244.
6-1 started moving to GRID(0, 1), arriving on tick 11244.
1-1 started moving to GRID(1, 0), arriving on tick 11288.
0-1 started moving to GRID(1, 1), arriving on tick 11292.
7-1 started moving to GRID(2, 1), arriving on tick 11328.
5-1 started moving to GRID(0, 0), arriving on tick 11334.
3-1 started moving to GRID(0, 0), arriving on tick 11334.
6-1 started moving to GRID(0, 0), arriving on tick 11334.
1-1 started moving to GRID(2, 0), arriving on tick 11378.
0-1 started moving to GRID(0, 1), arriving on tick 11382.
7-1 started moving to GRID(1, 1), arriving on tick 11418.
5-1 started moving to GRID(1, 0), arriving on tick 11424.
3-1 started moving to GRID(1, 0), arriving on tick 11424.
6-1 started moving to GRID(1, 0), arriving on tick 11424.
1-1 started moving to GRID(2, 1), arriving on tick 11468.
0-1 started moving to GRID(0, 0), arriving on tick 11472.
7-1 started moving to GRID(0, 1), arriving on tick 11508.
5-1 started moving to GRID(2, 0), arriving on tick 11514.
3-1 started moving to GRID(2, 0), arriving on tick 11514.
6-1 started moving to GRID(2, 0), arriving on tick 11514.
1-1 started moving to GRID(1, 1), arriving on tick 11558.
0-1 started moving to GRID(1, 0), arriving on tick 11562.
7-1 started moving to GRID(0, 0), arriving on tick 11598.
5-1 started moving to GRID(2, 1), arriving on tick 11604.
3-1 started moving to GRID(2, 1), arriving on tick 11604.
6-1 started moving to GRID(2, 1), arriving on tick 11604.
1-1 started moving to GRID(0, 1), arriving on tick 11648.
0-1 started moving to GRID(2, 0), arriving on tick 11652.
7-1 started moving to GRID(1, 0), arriving on tick 11688.
5-1 started moving to GRID(1, 1), arriving on tick 11694.
3-1 started moving to GRID(1, 1), arriving on tick 11694.
6-1 started moving to GRID(1, 1), arriving on tick 11694.
1-1 started moving to GRID(0, 0), arriving on tick 11738.
0-1 started moving to GRID(2, 1), arriving on tick 11742.
7-1 started moving to GRID(2, 0), arriving on tick 11778.
5-1 started moving to GRID(0, 1), arriving on tick 11784.
3-1 started moving to GRID(0, 1), arriving on tick 11784.
6-1 started moving to GRID(0, 1), arriving on tick 11784.
1-1 started moving to GRID(1, 0), arriving on tick 11828.
0-1 started moving to GRID(1, 1), arriving on tick 11832.
7-1 started moving to GRID(2, 1), arriving on tick 11868.
5-1 started moving to GRID(0, 0), arriving on tick 11874.
3-1 started moving to GRID(0, 0), arriving on tick 11874.
6-1 started moving to GRID(0, 0), arriving on tick 11874.
1-1 started moving to GRID(2, 0), arriving on tick 11918.
0-1 started moving to GRID(0, 1), arriving on tick 11922.
7-1 started moving to GRID(1, 1), arriving on tick 11958.
5-1 started moving to GRID(1, 0), arriving on tick 11964.
3-1 started moving to GRID(1, 0), arriving on tick 11964.
6-1 started moving to GRID(1, 0), arriving on tick 11964.
1-1 started moving to GRID(2, 1), arriving on tick 12008.
0-1 started moving to GRID(0, 0), arriving on tick 12012.
7-1 started moving to GRID(0, 1), arriving on tick 12048.
5-1 started moving to GRID(2, 0), arriving on tick 12054.
3-1 started moving to GRID(2, 0), arriving on tick 12054.
6-1 started moving to GRID(2, 0), arriving on tick 12054.
1-1 started moving to GRID(1, 1), arriving on tick 12098.
0-1 started moving to GRID(1, 0), arriving on tick 12102.
7-1 started moving to GRID(0, 0), arriving on tick 12138.
5-1 started moving to GRID(2, 1), arriving on tick 12144.
3-1 started moving to GRID(2, 1), arriving on tick 12144.
6-1 started moving to GRID(2, 1), arriving on tick 12144.
1-1 started moving to GRID(0, 1), arriving on tick 12188.
0-1 started moving to GRID(2, 0), arriving on tick 12192.
7-1 started moving to GRID(1, 0), arriving on tick 12228.
5-1 started moving to GRID(1, 1), arriving on tick 12234.
3-1 started moving to GRID(1, 1), arriving on tick 12234.
6-1 started moving to GRID(1, 1), arriving on tick 12234.
1-1 started moving to GRID(0, 0), arriving on tick 12278.
0-1 started moving to GRID(2, 1), arriving on tick 12282.
7-1 started moving to GRID(2, 0), arriving on tick 12318.
5-1 started moving to GRID(0, 1), arriving on tick 12324.
3-1 started moving to GRID(0, 1), arriving on tick 12324.
6-1 started moving to GRID(0, 1), arriving on tick 12324.
1-1 started moving to GRID(1, 0), arriving on tick 12368.
0-1 started moving to GRID(1, 1), arriving on tick 12372.
7-1 started moving to GRID(2, 1), arriving on tick 12408.
5-1 started moving to GRID(0, 0), arriving on tick 12414.
3-1 started moving to GRID(0, 0), arriving on tick 12414.
6-1 started moving to GRID(0, 0), arriving on tick 12414.
1-1 started moving to GRID(2, 0), arriving on tick 12458.
0-1 started moving to GRID(0, 1), arriving on tick 12462.
7-1 started moving to GRID(1, 1), arriving on tick 12498.
5-1 started moving to GRID(1, 0), arriving on tick 12504.
3-1 started moving to GRID(1, 0), arriving on tick 12504.
6-1 started moving to GRID(1, 0), arriving on tick 12504.
1-1 started moving to GRID(2, 1), arriving on tick 12548.
0-1 started moving to GRID(0, 0), arriving on tick 12552.
7-1 started moving to GRID(0, 1), arriving on tick 12588.
5-1 started moving to GRID(2, 0), arriving on tick 12594.
3-1 started moving to GRID(2, 0), arriving on tick 12594.
6-1 started moving to GRID(2, 0), arriving on tick 12594.
1-1 started moving to GRID(1, 1), arriving on tick 12638.
0-1 started moving to GRID(1, 0), arriving on tick 12642.
7-1 started moving to GRID(0, 0), arriving on tick 12678.
5-1 started moving to GRID(2, 1), arriving on tick 12684.
3-1 started moving to GRID(2, 1), arriving on tick 12684.
6-1 started moving to GRID(2, 1), arriving on tick 12684.
1-1 started moving to GRID(0, 1), arriving on tick 12728.
0-1 started moving to GRID(2, 0), arriving on tick 12732.
7-1 started moving to GRID(1, 0), arriving on tick 12768.
5-1 started moving to GRID(1, 1), arriving on tick 12774.
3-1 started moving to GRID(1, 1), arriving on tick 12774.
6-1 started moving to GRID(1, 1), arriving on tick 12774.
1-1 started moving to GRID(0, 0), arriving on tick 12818.
0-1 started moving to GRID(2, 1), arriving on tick 12822.
7-1 started moving to GRID(2, 0), arriving on tick 12858.
5-1 started moving to GRID(0, 1), arriving on tick 12864.
3-1 started moving to GRID(0, 1), arriving on tick 12864.
6-1 started moving to GRID(0, 1), arriving on tick 12864.
1-1 started moving to GRID(1, 0), arriving on tick 12908.
0-1 started moving to GRID(1, 1), arriving on tick 12912.
7-1 started moving to GRID(2, 1), arriving on tick 12948.
5-1 started moving to GRID(0, 0), arriving on tick 12954.
3-1 started moving to GRID(0, 0), arriving on tick 12954.
6-1 started moving to GRID(0, 0), arriving on tick 12954.
1-1 started moving to GRID(2, 0), arriving on tick 12998.
0-1 started moving to GRID(0, 1), arriving on tick 13002.
7-1 started moving to GRID(1, 1), arriving on tick 13038.
5-1 started moving to GRID(1, 0), arriving on tick 13044.
3-1 started moving to GRID(1, 0), arriving on tick 13044.
6-1 started moving to GRID(1, 0), arriving on tick 13044.
1-1 started moving to GRID(2, 1), arriving on tick 13088.
0-1 started moving to GRID(0, 0), arriving on tick 13092.
7-1 started moving to GRID(0, 1), arriving on tick 13128.
5-1 started moving to GRID(2, 0), arriving on tick 13134.
3-1 started moving to GRID(2, 0), arriving on tick 13134.
6-1 started moving to GRID(2, 0), arriving on tick 13134.
1-1 started moving to GRID(1, 1), arriving on tick 13178.
0-1 started moving to GRID(1, 0), arriving on tick 13182.
7-1 started moving to GRID(0, 0), arriving on tick 13218.
5-1 started moving to GRID(2, 1), arriving on tick 13224.
3-1 started moving to GRID(2, 1), arriving on tick 13224.
6-1 started moving to GRID(2, 1), arriving on tick 13224.
1-1 started moving to GRID(0, 1), arriving on tick 13268.
0-1 started moving to GRID(2, 0), arriving on tick 13272.
7-1 started moving to GRID(1, 0), arriving on tick 13308.
5-1 started moving to GRID(1, 1), arriving on tick 13314.
3-1 started moving to GRID(1, 1), arriving on tick 13314.
6-1 started moving to GRID(1, 1), arriving on tick 13314.
1-1 started moving to GRID(0, 0), arriving on tick 13358.
0-1 started moving to GRID(2, 1), arriving on tick 13362.
7-1 started moving to GRID(2, 0), arriving on tick 13398.
5-1 started moving to GRID(0, 1), arriving on tick 13404.
3-1 started moving to GRID(0, 1), arriving on tick 13404.
6-1 started moving to GRID(0, 1), arriving on tick 13404.
1-1 started moving to GRID(1, 0), arriving on tick 13448.
0-1 started moving to GRID(1, 1), arriving on tick 13452.
7-1 started moving to GRID(2, 1), arriving on tick 13488.
5-1 started moving to GRID(0, 0), arriving on tick 13494.
3-1 started moving to GRID(0, 0), arriving on tick 13494.
6-1 started moving to GRID(0, 0), arriving on tick 13494.
1-1 started moving to GRID(2, 0), arriving on tick 13538.
0-1 started moving to GRID(0, 1), arriving on tick 13542.
7-1 started moving to GRID(1, 1), arriving on tick 13578.
5-1 started moving to GRID(1, 0), arriving on tick 13584.
3-1 started moving to GRID(1, 0), arriving on tick 13584.
6-1 started moving to GRID(1, 0), arriving on tick 13584.
1-1 started moving to GRID(2, 1), arriving on tick 13628.
0-1 started moving to GRID(0, 0), arriving on tick 13632.
7-1 started moving to GRID(0, 1), arriving on tick 13668.
5-1 started moving to GRID(2, 0), arriving on tick 13674.
3-1 started moving to GRID(2, 0), arriving on tick 13674.
6-1 started moving to GRID(2, 0), arriving on tick 13674.
1-1 started moving to GRID(1, 1), arriving on tick 13718.
0-1 started moving to GRID(1, 0), arriving on tick 13722.
7-1 started moving to GRID(0, 0), arriving on tick 13758.
5-1 started moving to GRID(2, 1), arriving on tick 13764.
3-1 started moving to GRID(2, 1), arriving on tick 13764.
6-1 started moving to GRID(2, 1), arriving on tick 13764.
1-1 started moving to GRID(0, 1), arriving on tick 13808.
0-1 started moving to GRID(2, 0), arriving on tick 13812.
7-1 started moving to GRID(1, 0), arriving on tick 13848.
5-1 started moving to GRID(1, 1), arriving on tick 13854.
3-1 started moving to GRID(1, 1), arriving on tick 13854.
6-1 started moving to GRID(1, 1), arriving on tick 13854.
1-1 started moving to GRID(0, 0), arriving on tick 13898.
0-1 started moving to GRID(2, 1), arriving on tick 13902.
7-1 started moving to GRID(2, 0), arriving on tick 13938.
5-1 started moving to GRID(0, 1), arriving on tick 13944.
3-1 started moving to GRID(0, 1), arriving on tick 13944.
6-1 started moving to GRID(0, 1), arriving on tick 13944.
1-1 started moving to GRID(1, 0), arriving on tick 13988.
0-1 started moving to GRID(1, 1), arriving on tick 13992.
7-1 started moving to GRID(2, 1), arriving on tick 14028.
5-1 started moving to GRID(0, 0), arriving on tick 14034.
3-1 started moving to GRID(0, 0), arriving on tick 14034.
6-1 started moving to GRID(0, 0), arriving on tick 14034.
1-1 started moving to GRID(2, 0), arriving on tick 14078.
0-1 started moving to GRID(0, 1), arriving on tick 14082.
7-1 started moving to GRID(1, 1), arriving on tick 14118.
5-1 started moving to GRID(1, 0), arriving on tick 14124.
3-1 started moving to GRID(1, 0), arriving on tick 14124.
6-1 started moving to GRID(1, 0), arriving on tick 14124.
1-1 started moving to GRID(2, 1), arriving on tick 14168.
0-1 started moving to GRID(0, 0), arriving on tick 14172.
7-1 started moving to GRID(0, 1), arriving on tick 14208.
5-1 started moving to GRID(2, 0), arriving on tick 14214.
3-1 started moving to GRID(2, 0), arriving on tick 14214.
6-1 started moving to GRID(2, 0), arriving on tick 14214.
1-1 started moving to GRID(1, 1), arriving on tick 14258.
0-1 started moving to GRID(1, 0), arriving on tick 14262.
7-1 started moving to GRID(0, 0), arriving on tick 14298.
5-1 started moving to GRID(2, 1), arriving on tick 14304.
3-1 started moving to GRID(2, 1), arriving on tick 14304.
6-1 started moving to GRID(2, 1), arriving on tick 14304.
1-1 started moving to GRID(0, 1), arriving on tick 14348.
0-1 started moving to GRID(2, 0), arriving on tick 14352.
7-1 started moving to GRID(1, 0), arriving on tick 14388.
5-1 started moving to GRID(1, 1), arriving on tick 14394.
3-1 started moving to GRID(1, 1), arriving on tick 14394.
6-1 started moving to GRID(1, 1), arriving on tick 14394.
1-1 started moving to GRID(0, 0), arriving on tick 14438.
0-1 started moving to GRID(2, 1), arriving on tick 14442.
7-1 started moving to GRID(2, 0), arriving on tick 14478.
5-1 started moving to GRID(0, 1), arriving on tick 14484.
3-1 started moving to GRID(0, 1), arriving on tick 14484.
6-1 started moving to GRID(0, 1), arriving on tick 14484.
1-1 started moving to GRID(1, 0), arriving on tick 14528.
0-1 started moving to GRID(1, 1), arriving on tick 14532.
7-1 started moving to GRID(2, 1), arriving on tick 14568.
5-1 started moving to GRID(0, 0), arriving on tick 14574.
3-1 started moving to GRID(0, 0), arriving on tick 14574.
6-1 started moving to GRID(0, 0), arriving on tick 14574.
1-1 started moving to GRID(2, 0), arriving on tick 14618.
0-1 started moving to GRID(0, 1), arriving on tick 14622.
7-1 started moving to GRID(1, 1), arriving on tick 14658.
5-1 started moving to GRID(1, 0), arriving on tick 14664.
3-1 started moving to GRID(1, 0), arriving on tick 14664.
6-1 started moving to GRID(1, 0), arriving on tick 14664.
1-1 started moving to GRID(2, 1), arriving on tick 14708.
0-1 started moving to GRID(0, 0), arriving on tick 14712.
7-1 started moving to GRID(0, 1), arriving on tick 14748.
5-1 started moving to GRID(2, 0), arriving on tick 14754.
3-1 started moving to GRID(2, 0), arriving on tick 14754.
6-1 started moving to GRID(2, 0), arriving on tick 14754.
1-1 started moving to GRID(1, 1), arriving on tick 14798.
0-1 started moving to GRID(1, 0), arriving on tick 14802.
7-1 started moving to GRID(0, 0), arriving on tick 14838.
5-1 started moving to GRID(2, 1), arriving on tick 14844.
3-1 started moving to GRID(2, 1), arriving on tick 14844.
6-1 started moving to GRID(2, 1), arriving on tick 14844.
1-1 started moving to GRID(0, 1), arriving on tick 14888.
0-1 started moving to GRID(2, 0), arriving on tick 14892.
7-1 started moving to GRID(1, 0), arriving on tick 14928.
5-1 started moving to GRID(1, 1), arriving on tick 14934.
3-1 started moving to GRID(1, 1), arriving on tick 14934.
6-1 started moving to GRID(1, 1), arriving on tick 14934.
1-1 started moving to GRID(0, 0), arriving on tick 14978.
0-1 started moving to GRID(2, 1), arriving on tick 14982.
7-1 started moving to GRID(2, 0), arriving on tick 15018.
5-1 started moving to GRID(0, 1), arriving on tick 15024.
3-1 started moving to GRID(0, 1), arriving on tick 15024.
6-1 started moving to GRID(0, 1), arriving on tick 15024.
1-1 started moving to GRID(1, 0), arriving on tick 15068.
0-1 started moving to GRID(1, 1), arriving on tick 15072.
7-1 started moving to GRID(2, 1), arriving on tick 15108.
5-1 started moving to GRID(0, 0), arriving on tick 15114.
3-1 started moving to GRID(0, 0), arriving on tick 15114.
6-1 started moving to GRID(0, 0), arriving on tick 15114.
1-1 started moving to GRID(2, 0), arriving on tick 15158.
0-1 started moving to GRID(0, 1), arriving on tick 15162.
7-1 started moving to GRID(1, 1), arriving on tick 15198.
5-1 started moving to GRID(1, 0), arriving on tick 15204.
3-1 started moving to GRID(1, 0), arriving on tick 15204.
6-1 started moving to GRID(1, 0), arriving on tick 15204.
1-1 started moving to GRID(2, 1), arriving on tick 15248.
0-1 started moving to GRID(0, 0), arriving on tick 15252.
7-1 started moving to GRID(0, 1), arriving on tick 15288.
5-1 started moving to GRID(2, 0), arriving on tick 15294.
3-1 started moving to GRID(2, 0), arriving on tick 15294.
6-1 started moving to GRID(2, 0), arriving on tick 15294.
1-1 started moving to GRID(1, 1), arriving on tick 15338.
0-1 started moving to GRID(1, 0), arriving on tick 15342.
7-1 started moving to GRID(0, 0), arriving on tick 15378.
5-1 started moving to GRID(2, 1), arriving on tick 15384.
3-1 started moving to GRID(2, 1), arriving on tick 15384.
6-1 started moving to GRID(2, 1), arriving on tick 15384.
1-1 started moving to GRID(0, 1), arriving on tick 15428.
0-1 started moving to GRID(2, 0), arriving on tick 15432.
7-1 started moving to GRID(1, 0), arriving on tick 15468.
5-1 started moving to GRID(1, 1), arriving on tick 15474.
3-1 started moving to GRID(1, 1), arriving on tick 15474.
6-1 started moving to GRID(1, 1), arriving on tick 15474.
1-1 started moving to GRID(0, 0), arriving on tick 15518.
0-1 started moving to GRID(2, 1), arriving on tick 15522.
7-1 started moving to GRID(2, 0), arriving on tick 15558.
5-1 started moving to GRID(0, 1), arriving on tick 15564.
3-1 started moving to GRID(0, 1), arriving on tick 15564.
6-1 started moving to GRID(0, 1), arriving on tick 15564.
1-1 started moving to GRID(1, 0), arriving on tick 15608.
0-1 started moving to GRID(1, 1), arriving on tick 15612.
7-1 started moving to GRID(2, 1), arriving on tick 15648.
5-1 started moving to GRID(0, 0), arriving on tick 15654.
3-1 started moving to GRID(0, 0), arriving on tick 15654.
6-1 started moving to GRID(0, 0), arriving on tick 15654.
1-1 started moving to GRID(2, 0), arriving on tick 15698.
0-1 started moving to GRID(0, 1), arriving on tick 15702.
7-1 started moving to GRID(1, 1), arriving on tick 15738.
5-1 started moving to GRID(1, 0), arriving on tick 15744.
3-1 started moving to GRID(1, 0), arriving on tick 15744.
6-1 started moving to GRID(1, 0), arriving on tick 15744.
1-1 started moving to GRID(2, 1), arriving on tick 15788.
0-1 started moving to GRID(0, 0), arriving on tick 15792.
7-1 started moving to GRID(0, 1), arriving on tick 15828.
5-1 started moving to GRID(2, 0), arriving on tick 15834.
3-1 started moving to GRID(2, 0), arriving on tick 15834.
6-1 started moving to GRID(2, 0), arriving on tick 15834.
1-1 started moving to GRID(1, 1), arriving on tick 15878.
0-1 started moving to GRID(1, 0), arriving on tick 15882.
7-1 started moving to GRID(0, 0), arriving on tick 15918.
5-1 started moving to GRID(2, 1), arriving on tick 15924.
3-1 started moving to GRID(2, 1), arriving on tick 15924.
6-1 started moving to GRID(2, 1), arriving on tick 15924.
1-1 started moving to GRID(0, 1), arriving on tick 15968.
0-1 started moving to GRID(2, 0), arriving on tick 15972.
7-1 started moving to GRID(1, 0), arriving on tick 16008.
5-1 started moving to GRID(1, 1), arriving on tick 16014.
3-1 started moving to GRID(1, 1), arriving on tick 16014.
6-1 started moving to GRID(1, 1), arriving on tick 16014.
1-1 started moving to GRID(0, 0), arriving on tick 16058.
0-1 started moving to GRID(2, 1), arriving on tick 16062.
7-1 started moving to GRID(2, 0), arriving on tick 16098.
5-1 started moving to GRID(0, 1), arriving on tick 16104.
3-1 started moving to GRID(0, 1), arriving on tick 16104.
6-1 started moving to GRID(0, 1), arriving on tick 16104.
1-1 started moving to GRID(1, 0), arriving on tick 16148.
0-1 started moving to GRID(1, 1), arriving on tick 16152.
7-1 started moving to GRID(2, 1), arriving on tick 16188.
5-1 started moving to GRID(0, 0), arriving on tick 16194.
3-1 started moving to GRID(0, 0), arriving on tick 16194.
6-1 started moving to GRID(0, 0), arriving on tick 16194.
1-1 started moving to GRID(2, 0), arriving on tick 16238.
0-1 started moving to GRID(0, 1), arriving on tick 16242.
7-1 started moving to GRID(1, 1), arriving on tick 16278.
5-1 started moving to GRID(1, 0), arriving on tick 16284.
3-1 started moving to GRID(1, 0), arriving on tick 16284.
6-1 started moving to GRID(1, 0), arriving on tick 16284.
1-1 started moving to GRID(2, 1), arriving on tick 16328.
0-1 started moving to GRID(0, 0), arriving on tick 16332.
7-1 started moving to GRID(0, 1), arriving on tick 16368.
5-1 started moving to GRID(2, 0), arriving on tick 16374.
3-1 started moving to GRID(2, 0), arriving on tick 16374.
6-1 started moving to GRID(2, 0), arriving on tick 16374.
1-1 started moving to GRID(1, 1), arriving on tick 16418.
0-1 started moving to GRID(1, 0), arriving on tick 16422.
7-1 started moving to GRID(0, 0), arriving on tick 16458.
5-1 started moving to GRID(2, 1), arriving on tick 16464.
3-1 started moving to GRID(2, 1), arriving on tick 16464.
6-1 started moving to GRID(2, 1), arriving on tick 16464.
1-1 started moving to GRID(0, 1), arriving on tick 16508.
0-1 started moving to GRID(2, 0), arriving on tick 16512.
7-1 started moving to GRID(1, 0), arriving on tick 16548.
5-1 started moving to GRID(1, 1), arriving on tick 16554.
3-1 started moving to GRID(1, 1), arriving on tick 16554.
6-1 started moving to GRID(1, 1), arriving on tick 16554.
1-1 started moving to GRID(0, 0), arriving on tick 16598.
0-1 started moving to GRID(2, 1), arriving on tick 16602.
7-1 started moving to GRID(2, 0), arriving on tick 16638.
5-1 started moving to GRID(0, 1), arriving on tick 16644.
3-1 started moving to GRID(0, 1), arriving on tick 16644.
6-1 started moving to GRID(0, 1), arriving on tick 16644.
1-1 started moving to GRID(1, 0), arriving on tick 16688.
0-1 started moving to GRID(1, 1), arriving on tick 16692.
7-1 started moving to GRID(2, 1), arriving on tick 16728.
5-1 started moving to GRID(0, 0), arriving on tick 16734.
3-1 started moving to GRID(0, 0), arriving on tick 16734.
6-1 started moving to GRID(0, 0), arriving on tick 16734.
1-1 started moving to GRID(2, 0), arriving on tick 16778.
0-1 started moving to GRID(0, 1), arriving on tick 16782.
7-1 started moving to GRID(1, 1), arriving on tick 16818.
5-1 started moving to GRID(1, 0), arriving on tick 16824.
3-1 started moving to GRID(1, 0), arriving on tick 16824.
6-1 started moving to GRID(1, 0), arriving on tick 16824.
1-1 started moving to GRID(2, 1), arriving on tick 16868.
0-1 started moving to GRID(0, 0), arriving on tick 16872.
7-1 started moving to GRID(0, 1), arriving on tick 16908.
5-1 started moving to GRID(2, 0), arriving on tick 16914.
3-1 started moving to GRID(2, 0), arriving on tick 16914.
6-1 started moving to GRID(2, 0), arriving on tick 16914.
1-1 started moving to GRID(1, 1), arriving on tick 16958.
0-1 started moving to GRID(1, 0), arriving on tick 16962.
7-1 started moving to GRID(0, 0), arriving on tick 16998.
5-1 started moving to GRID(2, 1), arriving on tick 17004.
3-1 started moving to GRID(2, 1), arriving on tick 17004.
6-1 started moving to GRID(2, 1), arriving on tick 17004.
1-1 started moving to GRID(0, 1), arriving on tick 17048.
0-1 started moving to GRID(2, 0), arriving on tick 17052.
7-1 started moving to GRID(1, 0), arriving on tick 17088.
5-1 started moving to GRID(1, 1), arriving on tick 17094.
3-1 started moving to GRID(1, 1), arriving on tick 17094.
6-1 started moving to GRID(1, 1), arriving on tick 17094.
1-1 started moving to GRID(0, 0), arriving on tick 17138.
0-1 started moving to GRID(2, 1), arriving on tick 17142.
7-1 started moving to GRID(2, 0), arriving on tick 17178.
5-1 started moving to GRID(0, 1), arriving on tick 17184.
3-1 started moving to GRID(0, 1), arriving on tick 17184.
6-1 started moving to GRID(0, 1), arriving on tick 17184.
1-1 started moving to GRID(1, 0), arriving on tick 17228.
0-1 started moving to GRID(1, 1), arriving on tick 17232.
7-1 started moving to GRID(2, 1), arriving on tick 17268.
5-1 started moving to GRID(0, 0), arriving on tick 17274.
3-1 started moving to GRID(0, 0), arriving on tick 17274.
6-1 started moving to GRID(0, 0), arriving on tick 17274.
1-1 started moving to GRID(2, 0), arriving on tick 17318.
0-1 started moving to GRID(0, 1), arriving on tick 17322.
7-1 started moving to GRID(1, 1), arriving on tick 17358.
5-1 started moving to GRID(1, 0), arriving on tick 17364.
3-1 started moving to GRID(1, 0), arriving on tick 17364.
6-1 started moving to GRID(1, 0), arriving on tick 17364.
1-1 started moving to GRID(2, 1), arriving on tick 17408.
0-1 started moving to GRID(0, 0), arriving on tick 17412.
7-1 started moving to GRID(0, 1), arriving on tick 17448.
5-1 started moving to GRID(2, 0), arriving on tick 17454.
3-1 started moving to GRID(2, 0), arriving on tick 17454.
6-1 started moving to GRID(2, 0), arriving on tick 17454.
1-1 started moving to GRID(1, 1), arriving on tick 17498.
0-1 started moving to GRID(1, 0), arriving on tick 17502.
7-1 started moving to GRID(0, 0), arriving on tick 17538.
5-1 started moving to GRID(2, 1), arriving on tick 17544.
3-1 started moving to GRID(2, 1), arriving on tick 17544.
6-1 started moving to GRID(2, 1), arriving on tick 17544.
1-1 started moving to GRID(0, 1), arriving on tick 17588.
0-1 started moving to GRID(2, 0), arriving on tick 17592.
7-1 started moving to GRID(1, 0), arriving on tick 17628.
5-1 started moving to GRID(1, 1), arriving on tick 17634.
3-1 started moving to GRID(1, 1), arriving on tick 17634.
6-1 started moving to GRID(1, 1), arriving on tick 17634.
1-1 started moving to GRID(0, 0), arriving on tick 17678.
0-1 started moving to GRID(2, 1), arriving on tick 17682.
7-1 started moving to GRID(2, 0), arriving on tick 17718.
5-1 started moving to GRID(0, 1), arriving on tick 17724.
3-1 started moving to GRID(0, 1), arriving on tick 17724.
6-1 started moving to GRID(0, 1), arriving on tick 17724.
1-1 started moving to GRID(1, 0), arriving on tick 17768.
0-1 started moving to GRID(1, 1), arriving on tick 17772.
7-1 started moving to GRID(2, 1), arriving on tick 17808.
5-1 started moving to GRID(0, 0), arriving on tick 17814.
3-1 started moving to GRID(0, 0), arriving on tick 17814.
6-1 started moving to GRID(0, 0), arriving on tick 17814.
1-1 started moving to GRID(2, 0), arriving on tick 17858.
0-1 started moving to GRID(0, 1), arriving on tick 17862.
7-1 started moving to GRID(1, 1), arriving on tick 17898.
5-1 started moving to GRID(1, 0), arriving on tick 17904.
3-1 started moving to GRID(1, 0), arriving on tick 17904.
6-1 started moving to GRID(1, 0), arriving on tick 17904.
1-1 started moving to GRID(2, 1), arriving on tick 17948.
0-1 started moving to GRID(0, 0), arriving on tick 17952.
7-1 started moving to GRID(0, 1), arriving on tick 17988.
5-1 started moving to GRID(2, 0), arriving on tick 17994.
3-1 started moving to GRID(2, 0), arriving on tick 17994.
6-1 started moving to GRID(2, 0), arriving on tick 17994.
