[
	(EntityID(0, 1), Knight)
	(EntityID(1, 1), Knight)
	(EntityID(2, 1), Ranger)
	(EntityID(3, 1), Knight)
	(EntityID(4, 1), Knight)
	(EntityID(5, 1), Ranger)
]

START OF EVENT TRANSCRIPT
2-1 attacked 5-1 for 10 damage.
5-1 attacked 2-1 for 10 damage.
0-1 started moving to GRID(1, 4), arriving on tick 30.
1-1 started moving to GRID(3, 1), arriving on tick 30.
3-1 started moving to GRID(8, 1), arriving on tick 42.
4-1 started moving to GRID(7, 2), arriving on tick 42.
0-1 started moving to GRID(1, 3), arriving on tick 60.
1-1 started moving to GRID(4, 1), arriving on tick 60.
3-1 started moving to GRID(7, 1), arriving on tick 72.
4-1 started moving to GRID(6, 1), arriving on tick 84.
2-1 attacked 5-1 for 10 damage.
5-1 attacked 2-1 for 20 damage.
0-1 started moving to GRID(1, 2), arriving on tick 90.
1-1 started moving to GRID(5, 1), arriving on tick 90.
3-1 started moving to GRID(6, 2), arriving on tick 114.
4-1 started moving to GRID(7, 0), arriving on tick 126.
2-1 attacked 5-1 for 10 damage.
5-1 attacked 2-1 for 10 damage.
0-1 started moving to GRID(0, 1), arriving on tick 132.
1-1 started moving to GRID(4, 0), arriving on tick 132.
3-1 started moving to GRID(5, 2), arriving on tick 144.
4-1 started moving to GRID(6, 0), arriving on tick 156.
0-1 started moving to GRID(0, 0), arriving on tick 162.
1-1 started moving to GRID(5, 0), arriving on tick 162.
2-1 cast Snipe, affecting [EntityID(5, 1)].
5-1 attacked 2-1 for 10 damage.
5-1 took 15 damage.
3-1 started moving to GRID(4, 1), arriving on tick 186.
4-1 started moving to GRID(5, 1), arriving on tick 198.
1-1 started moving to GRID(6, 1), arriving on tick 204.
2-1 attacked 5-1 for 10 damage.
5-1 attacked 2-1 for 10 damage.
3-1 started moving to GRID(3, 1), arriving on tick 216.
4-1 started moving to GRID(4, 0), arriving on tick 240.
1-1 started moving to GRID(7, 0), arriving on tick 246.
0-1 attacked 4-1 for 8 damage.
2-1 attacked 5-1 for 10 damage.
5-1 attacked 2-1 for 10 damage.
5-1 died.
2-1 attacked 5-1 for 10 damage.
2-1 died.
3-1 attacked 2-1 for 5 damage.
0-1 started moving to GRID(1, 0), arriving on tick 312.
4-1 started moving to GRID(5, 0), arriving on tick 330.
1-1 started moving to GRID(6, 0), arriving on tick 336.
4-1 started moving to GRID(4, 1), arriving on tick 372.
1-1 started moving to GRID(7, 1), arriving on tick 378.
3-1 started moving to GRID(2, 0), arriving on tick 378.
0-1 attacked 4-1 for 8 damage.
4-1 started moving to GRID(3, 2), arriving on tick 414.
1-1 started moving to GRID(6, 1), arriving on tick 408.
1-1 started moving to GRID(5, 1), arriving on tick 438.
4-1 started moving to GRID(2, 1), arriving on tick 456.
0-1 attacked 4-1 for 18 damage.
3-1 attacked 0-1 for 8 damage.
1-1 started moving to GRID(4, 1), arriving on tick 468.
4-1 started moving to GRID(1, 1), arriving on tick 486.
1-1 started moving to GRID(3, 0), arriving on tick 510.
4-1 started moving to GRID(0, 0), arriving on tick 528.
0-1 attacked 4-1 for 18 damage.
3-1 attacked 0-1 for 8 damage.
4-1 started moving to GRID(0, 0), arriving on tick 538.
4-1 started moving to GRID(1, 1), arriving on tick 580.
0-1 attacked 4-1 for 8 damage.
3-1 attacked 0-1 for 8 damage.
1-1 attacked 3-1 for 8 damage.
4-1 started moving to GRID(1, 1), arriving on tick 590.
4-1 started moving to GRID(2, 1), arriving on tick 620.
0-1 attacked 4-1 for 8 damage.
3-1 attacked 0-1 for 8 damage.
4-1 started moving to GRID(3, 1), arriving on tick 650.
1-1 attacked 3-1 for 8 damage.
0-1 started moving to GRID(2, 1), arriving on tick 714.
3-1 started moving to GRID(1, 1), arriving on tick 720.
1-1 started moving to GRID(3, 0), arriving on tick 700.
1-1 started moving to GRID(3, 0), arriving on tick 710.
4-1 started moving to GRID(4, 0), arriving on tick 752.
1-1 started moving to GRID(3, 0), arriving on tick 720.
0-1 started moving to GRID(1, 2), arriving on tick 756.
3-1 started moving to GRID(0, 1), arriving on tick 750.
1-1 started moving to GRID(2, 0), arriving on tick 750.
1-1 started moving to GRID(1, 1), arriving on tick 792.
4-1 started moving to GRID(3, 0), arriving on tick 782.
0-1 started moving to GRID(0, 3), arriving on tick 798.
4-1 started moving to GRID(2, 1), arriving on tick 824.
0-1 started moving to GRID(0, 2), arriving on tick 828.
3-1 attacked 0-1 for 8 damage.
0-1 started moving to GRID(1, 2), arriving on tick 858.
1-1 attacked 3-1 for 18 damage.
0-1 started moving to GRID(2, 2), arriving on tick 888.
3-1 attacked 0-1 for 8 damage.
4-1 attacked 1-1 for 18 damage.
1-1 attacked 3-1 for 8 damage.
3-1 started moving to GRID(1, 2), arriving on tick 972.
4-1 attacked 1-1 for 8 damage.
0-1 attacked 4-1 for 8 damage.
1-1 started moving to GRID(0, 0), arriving on tick 1014.
4-1 started moving to GRID(1, 0), arriving on tick 1046.
0-1 started moving to GRID(3, 1), arriving on tick 1050.
1-1 started moving to GRID(0, 1), arriving on tick 1044.
3-1 started moving to GRID(1, 1), arriving on tick 1062.
4-1 started moving to GRID(0, 0), arriving on tick 1076.
0-1 started moving to GRID(2, 1), arriving on tick 1080.
3-1 started moving to GRID(2, 0), arriving on tick 1104.
0-1 started moving to GRID(1, 0), arriving on tick 1122.
1-1 started moving to GRID(1, 2), arriving on tick 1146.
3-1 started moving to GRID(2, 0), arriving on tick 1114.
3-1 started moving to GRID(1, 1), arriving on tick 1156.
4-1 attacked 1-1 for 8 damage.
1-1 started moving to GRID(2, 1), arriving on tick 1188.
0-1 attacked 4-1 for 8 damage.
4-1 started moving to GRID(0, 1), arriving on tick 1226.
3-1 attacked 0-1 for 8 damage.
4-1 started moving to GRID(1, 2), arriving on tick 1268.
0-1 started moving to GRID(0, 0), arriving on tick 1272.
1-1 attacked 3-1 for 8 damage.
4-1 started moving to GRID(2, 2), arriving on tick 1298.
3-1 started moving to GRID(0, 1), arriving on tick 1306.
1-1 started moving to GRID(1, 1), arriving on tick 1338.
0-1 started moving to GRID(0, 0), arriving on tick 1342.
0-1 started moving to GRID(1, 0), arriving on tick 1372.
4-1 started moving to GRID(2, 1), arriving on tick 1388.
3-1 attacked 0-1 for 8 damage.
1-1 attacked 3-1 for 8 damage.
3-1 started moving to GRID(0, 0), arriving on tick 1456.
0-1 started moving to GRID(2, 0), arriving on tick 1462.
4-1 attacked 1-1 for 8 damage.
1-1 started moving to GRID(0, 1), arriving on tick 1488.
4-1 started moving to GRID(1, 1), arriving on tick 1538.
3-1 started moving to GRID(1, 0), arriving on tick 1546.
0-1 started moving to GRID(3, 1), arriving on tick 1564.
1-1 started moving to GRID(0, 0), arriving on tick 1578.
0-1 started moving to GRID(2, 1), arriving on tick 1594.
4-1 started moving to GRID(0, 1), arriving on tick 1628.
3-1 started moving to GRID(2, 0), arriving on tick 1636.
1-1 started moving to GRID(1, 0), arriving on tick 1668.
0-1 started moving to GRID(1, 1), arriving on tick 1684.
4-1 started moving to GRID(0, 0), arriving on tick 1718.
3-1 started moving to GRID(2, 1), arriving on tick 1726.
1-1 started moving to GRID(2, 0), arriving on tick 1758.
0-1 started moving to GRID(0, 1), arriving on tick 1774.
4-1 started moving to GRID(1, 0), arriving on tick 1808.
3-1 started moving to GRID(1, 1), arriving on tick 1816.
1-1 started moving to GRID(2, 1), arriving on tick 1848.
0-1 started moving to GRID(0, 0), arriving on tick 1864.
4-1 started moving to GRID(2, 0), arriving on tick 1898.
3-1 started moving to GRID(0, 1), arriving on tick 1906.
1-1 started moving to GRID(1, 1), arriving on tick 1938.
0-1 started moving to GRID(1, 0), arriving on tick 1954.
4-1 started moving to GRID(2, 1), arriving on tick 1988.
3-1 started moving to GRID(0, 0), arriving on tick 1996.
1-1 started moving to GRID(0, 1), arriving on tick 2028.
0-1 started moving to GRID(2, 0), arriving on tick 2044.
4-1 started moving to GRID(1, 1), arriving on tick 2078.
3-1 started moving to GRID(1, 0), arriving on tick 2086.
1-1 started moving to GRID(0, 0), arriving on tick 2118.
0-1 started moving to GRID(2, 1), arriving on tick 2134.
4-1 started moving to GRID(0, 1), arriving on tick 2168.
3-1 started moving to GRID(2, 0), arriving on tick 2176.
1-1 started moving to GRID(1, 0), arriving on tick 2208.
0-1 started moving to GRID(1, 1), arriving on tick 2224.
4-1 started moving to GRID(0, 0), arriving on tick 2258.
3-1 started moving to GRID(2, 1), arriving on tick 2266.
1-1 started moving to GRID(2, 0), arriving on tick 2298.
0-1 started moving to GRID(0, 1), arriving on tick 2314.
4-1 started moving to GRID(1, 0), arriving on tick 2348.
3-1 started moving to GRID(1, 1), arriving on tick 2356.
1-1 started moving to GRID(2, 1), arriving on tick 2388.
0-1 started moving to GRID(0, 0), arriving on tick 2404.
4-1 started moving to GRID(2, 0), arriving on tick 2438.
3-1 started moving to GRID(0, 1), arriving on tick 2446.
1-1 started moving to GRID(1, 1), arriving on tick 2478.
0-1 started moving to GRID(1, 0), arriving on tick 2494.
4-1 started moving to GRID(2, 1), arriving on tick 2528.
3-1 started moving to GRID(0, 0), arriving on tick 2536.
1-1 started moving to GRID(0, 1), arriving on tick 2568.
0-1 started moving to GRID(2, 0), arriving on tick 2584.
4-1 started moving to GRID(1, 1), arriving on tick 2618.
3-1 started moving to GRID(1, 0), arriving on tick 2626.
1-1 started moving to GRID(0, 0), arriving on tick 2658.
0-1 started moving to GRID(2, 1), arriving on tick 2674.
4-1 started moving to GRID(0, 1), arriving on tick 2708.
3-1 started moving to GRID(2, 0), arriving on tick 2716.
1-1 started moving to GRID(1, 0), arriving on tick 2748.
0-1 started moving to GRID(1, 1), arriving on tick 2764.
4-1 started moving to GRID(0, 0), arriving on tick 2798.
3-1 started moving to GRID(2, 1), arriving on tick 2806.
1-1 started moving to GRID(2, 0), arriving on tick 2838.
0-1 started moving to GRID(0, 1), arriving on tick 2854.
4-1 started moving to GRID(1, 0), arriving on tick 2888.
3-1 started moving to GRID(1, 1), arriving on tick 2896.
1-1 started moving to GRID(2, 1), arriving on tick 2928.
0-1 started moving to GRID(0, 0), arriving on tick 2944.
4-1 started moving to GRID(2, 0), arriving on tick 2978.
3-1 started moving to GRID(0, 1), arriving on tick 2986.
1-1 started moving to GRID(1, 1), arriving on tick 3018.
0-1 started moving to GRID(1, 0), arriving on tick 3034.
4-1 started moving to GRID(2, 1), arriving on tick 3068.
3-1 started moving to GRID(0, 0), arriving on tick 3076.
1-1 started moving to GRID(0, 1), arriving on tick 3108.
0-1 started moving to GRID(2, 0), arriving on tick 3124.
4-1 started moving to GRID(1, 1), arriving on tick 3158.
3-1 started moving to GRID(1, 0), arriving on tick 3166.
1-1 started moving to GRID(0, 0), arriving on tick 3198.
0-1 started moving to GRID(2, 1), arriving on tick 3214.
4-1 started moving to GRID(0, 1), arriving on tick 3248.
3-1 started moving to GRID(2, 0), arriving on tick 3256.
1-1 started moving to GRID(1, 0), arriving on tick 3288.
0-1 started moving to GRID(1, 1), arriving on tick 3304.
4-1 started moving to GRID(0, 0), arriving on tick 3338.
3-1 started moving to GRID(2, 1), arriving on tick 3346.
1-1 started moving to GRID(2, 0), arriving on tick 3378.
0-1 started moving to GRID(0, 1), arriving on tick 3394.
4-1 started moving to GRID(1, 0), arriving on tick 3428.
3-1 started moving to GRID(1, 1), arriving on tick 3436.
1-1 started moving to GRID(2, 1), arriving on tick 3468.
0-1 started moving to GRID(0, 0), arriving on tick 3484.
4-1 started moving to GRID(2, 0), arriving on tick 3518.
3-1 started moving to GRID(0, 1), arriving on tick 3526.
1-1 started moving to GRID(1, 1), arriving on tick 3558.
0-1 started moving to GRID(1, 0), arriving on tick 3574.
4-1 started moving to GRID(2, 1), arriving on tick 3608.
3-1 started moving to GRID(0, 0), arriving on tick 3616.
1-1 started moving to GRID(0, 1), arriving on tick 3648.
0-1 started moving to GRID(2, 0), arriving on tick 3664.
4-1 started moving to GRID(1, 1), arriving on tick 3698.
3-1 started moving to GRID(1, 0), arriving on tick 3706.
1-1 started moving to GRID(0, 0), arriving on tick 3738.
0-1 started moving to GRID(2, 1), arriving on tick 3754.
4-1 started moving to GRID(0, 1), arriving on tick 3788.
3-1 started moving to GRID(2, 0), arriving on tick 3796.
1-1 started moving to GRID(1, 0), arriving on tick 3828.
0-1 started moving to GRID(1, 1), arriving on tick 3844.
4-1 started moving to GRID(0, 0), arriving on tick 3878.
3-1 started moving to GRID(2, 1), arriving on tick 3886.
1-1 started moving to GRID(2, 0), arriving on tick 3918.
0-1 started moving to GRID(0, 1), arriving on tick 3934.
4-1 started moving to GRID(1, 0), arriving on tick 3968.
3-1 started moving to GRID(1, 1), arriving on tick 3976.
1-1 started moving to GRID(2, 1), arriving on tick 4008.
0-1 started moving to GRID(0, 0), arriving on tick 4024.
4-1 started moving to GRID(2, 0), arriving on tick 4058.
3-1 started moving to GRID(0, 1), arriving on tick 4066.
1-1 started moving to GRID(1, 1), arriving on tick 4098.
0-1 started moving to GRID(1, 0), arriving on tick 4114.
4-1 started moving to GRID(2, 1), arriving on tick 4148.
3-1 started moving to GRID(0, 0), arriving on tick 4156.
1-1 started moving to GRID(0, 1), arriving on tick 4188.
0-1 started moving to GRID(2, 0), arriving on tick 4204.
4-1 started moving to GRID(1, 1), arriving on tick 4238.
3-1 started moving to GRID(1, 0), arriving on tick 4246.
1-1 started moving to GRID(0, 0), arriving on tick 4278.
0-1 started moving to GRID(2, 1), arriving on tick 4294.
4-1 started moving to GRID(0, 1), arriving on tick 4328.
3-1 started moving to GRID(2, 0), arriving on tick 4336.
1-1 started moving to GRID(1, 0), arriving on tick 4368.
0-1 started moving to GRID(1, 1), arriving on tick 4384.
4-1 started moving to GRID(0, 0), arriving on tick 4418.
3-1 started moving to GRID(2, 1), arriving on tick 4426.
1-1 started moving to GRID(2, 0), arriving on tick 4458.
0-1 started moving to GRID(0, 1), arriving on tick 4474.
4-1 started moving to GRID(1, 0), arriving on tick 4508.
3-1 started moving to GRID(1, 1), arriving on tick 4516.
1-1 started moving to GRID(2, 1), arriving on tick 4548.
0-1 started moving to GRID(0, 0), arriving on tick 4564.
4-1 started moving to GRID(2, 0), arriving on tick 4598.
3-1 started moving to GRID(0, 1), arriving on tick 4606.
1-1 started moving to GRID(1, 1), arriving on tick 4638.
0-1 started moving to GRID(1, 0), arriving on tick 4654.
4-1 started moving to GRID(2, 1), arriving on tick 4688.
3-1 started moving to GRID(0, 0), arriving on tick 4696.
1-1 started moving to GRID(0, 1), arriving on tick 4728.
0-1 started moving to GRID(2, 0), arriving on tick 4744.
4-1 started moving to GRID(1, 1), arriving on tick 4778.
3-1 started moving to GRID(1, 0), arriving on tick 4786.
1-1 started moving to GRID(0, 0), arriving on tick 4818.
0-1 started moving to GRID(2, 1), arriving on tick 4834.
4-1 started moving to GRID(0, 1), arriving on tick 4868.
3-1 started moving to GRID(2, 0), arriving on tick 4876.
1-1 started moving to GRID(1, 0), arriving on tick 4908.
0-1 started moving to GRID(1, 1), arriving on tick 4924.
4-1 started moving to GRID(0, 0), arriving on tick 4958.
3-1 started moving to GRID(2, 1), arriving on tick 4966.
1-1 started moving to GRID(2, 0), arriving on tick 4998.
0-1 started moving to GRID(0, 1), arriving on tick 5014.
4-1 started moving to GRID(1, 0), arriving on tick 5048.
3-1 started moving to GRID(1, 1), arriving on tick 5056.
1-1 started moving to GRID(2, 1), arriving on tick 5088.
0-1 started moving to GRID(0, 0), arriving on tick 5104.
4-1 started moving to GRID(2, 0), arriving on tick 5138.
3-1 started moving to GRID(0, 1), arriving on tick 5146.
1-1 started moving to GRID(1, 1), arriving on tick 5178.
0-1 started moving to GRID(1, 0), arriving on tick 5194.
4-1 started moving to GRID(2, 1), arriving on tick 5228.
3-1 started moving to GRID(0, 0), arriving on tick 5236.
1-1 started moving to GRID(0, 1), arriving on tick 5268.
0-1 started moving to GRID(2, 0), arriving on tick 5284.
4-1 started moving to GRID(1, 1), arriving on tick 5318.
3-1 started moving to GRID(1, 0), arriving on tick 5326.
1-1 started moving to GRID(0, 0), arriving on tick 5358.
0-1 started moving to GRID(2, 1), arriving on tick 5374.
4-1 started moving to GRID(0, 1), arriving on tick 5408.
3-1 started moving to GRID(2, 0), arriving on tick 5416.
1-1 started moving to GRID(1, 0), arriving on tick 5448.
0-1 started moving to GRID(1, 1), arriving on tick 5464.
4-1 started moving to GRID(0, 0), arriving on tick 5498.
3-1 started moving to GRID(2, 1), arriving on tick 5506.
1-1 started moving to GRID(2, 0), arriving on tick 5538.
0-1 started moving to GRID(0, 1), arriving on tick 5554.
4-1 started moving to GRID(1, 0), arriving on tick 5588.
3-1 started moving to GRID(1, 1), arriving on tick 5596.
1-1 started moving to GRID(2, 1), arriving on tick 5628.
0-1 started moving to GRID(0, 0), arriving on tick 5644.
4-1 started moving to GRID(2, 0), arriving on tick 5678.
3-1 started moving to GRID(0, 1), arriving on tick 5686.
1-1 started moving to GRID(1, 1), arriving on tick 5718.
0-1 started moving to GRID(1, 0), arriving on tick 5734.
4-1 started moving to GRID(2, 1), arriving on tick 5768.
3-1 started moving to GRID(0, 0), arriving on tick 5776.
1-1 started moving to GRID(0, 1), arriving on tick 5808.
0-1 started moving to GRID(2, 0), arriving on tick 5824.
4-1 started moving to GRID(1, 1), arriving on tick 5858.
3-1 started moving to GRID(1, 0), arriving on tick 5866.
1-1 started moving to GRID(0, 0), arriving on tick 5898.
0-1 started moving to GRID(2, 1), arriving on tick 5914.
4-1 started moving to GRID(0, 1), arriving on tick 5948.
3-1 started moving to GRID(2, 0), arriving on tick 5956.
1-1 started moving to GRID(1, 0), arriving on tick 5988.
0-1 started moving to GRID(1, 1), arriving on tick 6004.
4-1 started moving to GRID(0, 0), arriving on tick 6038.
3-1 started moving to GRID(2, 1), arriving on tick 6046.
1-1 started moving to GRID(2, 0), arriving on tick 6078.
0-1 started moving to GRID(0, 1), arriving on tick 6094.
4-1 started moving to GRID(1, 0), arriving on tick 6128.
3-1 started moving to GRID(1, 1), arriving on tick 6136.
1-1 started moving to GRID(2, 1), arriving on tick 6168.
0-1 started moving to GRID(0, 0), arriving on tick 6184.
4-1 started moving to GRID(2, 0), arriving on tick 6218.
3-1 started moving to GRID(0, 1), arriving on tick 6226.
1-1 started moving to GRID(1, 1), arriving on tick 6258.
0-1 started moving to GRID(1, 0), arriving on tick 6274.
4-1 started moving to GRID(2, 1), arriving on tick 6308.
3-1 started moving to GRID(0, 0), arriving on tick 6316.
1-1 started moving to GRID(0, 1), arriving on tick 6348.
0-1 started moving to GRID(2, 0), arriving on tick 6364.
4-1 started moving to GRID(1, 1), arriving on tick 6398.
3-1 started moving to GRID(1, 0), arriving on tick 6406.
1-1 started moving to GRID(0, 0), arriving on tick 6438.
0-1 started moving to GRID(2, 1), arriving on tick 6454.
4-1 started moving to GRID(0, 1), arriving on tick 6488.
3-1 started moving to GRID(2, 0), arriving on tick 6496.
1-1 started moving to GRID(1, 0), arriving on tick 6528.
0-1 started moving to GRID(1, 1), arriving on tick 6544.
4-1 started moving to GRID(0, 0), arriving on tick 6578.
3-1 started moving to GRID(2, 1), arriving on tick 6586.
1-1 started moving to GRID(2, 0), arriving on tick 6618.
0-1 started moving to GRID(0, 1), arriving on tick 6634.
4-1 started moving to GRID(1, 0), arriving on tick 6668.
3-1 started moving to GRID(1, 1), arriving on tick 6676.
1-1 started moving to GRID(2, 1), arriving on tick 6708.
0-1 started moving to GRID(0, 0), arriving on tick 6724.
4-1 started moving to GRID(2, 0), arriving on tick 6758.
3-1 started moving to GRID(0, 1), arriving on tick 6766.
1-1 started moving to GRID(1, 1), arriving on tick 6798.
0-1 started moving to GRID(1, 0), arriving on tick 6814.
4-1 started moving to GRID(2, 1), arriving on tick 6848.
3-1 started moving to GRID(0, 0), arriving on tick 6856.
1-1 started moving to GRID(0, 1), arriving on tick 6888.
0-1 started moving to GRID(2, 0), arriving on tick 6904.
4-1 started moving to GRID(1, 1), arriving on tick 6938.
3-1 started moving to GRID(1, 0), arriving on tick 6946.
1-1 started moving to GRID(0, 0), arriving on tick 6978.
0-1 started moving to GRID(2, 1), arriving on tick 6994.
4-1 started moving to GRID(0, 1), arriving on tick 7028.
3-1 started moving to GRID(2, 0), arriving on tick 7036.
1-1 started moving to GRID(1, 0), arriving on tick 7068.
0-1 started moving to GRID(1, 1), arriving on tick 7084.
4-1 started moving to GRID(0, 0), arriving on tick 7118.
3-1 started moving to GRID(2, 1), arriving on tick 7126.
1-1 started moving to GRID(2, 0), arriving on tick 7158.
0-1 started moving to GRID(0, 1), arriving on tick 7174.
4-1 started moving to GRID(1, 0), arriving on tick 7208.
3-1 started moving to GRID(1, 1), arriving on tick 7216.
1-1 started moving to GRID(2, 1), arriving on tick 7248.
0-1 started moving to GRID(0, 0), arriving on tick 7264.
4-1 started moving to GRID(2, 0), arriving on tick 7298.
3-1 started moving to GRID(0, 1), arriving on tick 7306.
1-1 started moving to GRID(1, 1), arriving on tick 7338.
0-1 started moving to GRID(1, 0), arriving on tick 7354.
4-1 started moving to GRID(2, 1), arriving on tick 7388.
3-1 started moving to GRID(0, 0), arriving on tick 7396.
1-1 started moving to GRID(0, 1), arriving on tick 7428.
0-1 started moving to GRID(2, 0), arriving on tick 7444.
4-1 started moving to GRID(1, 1), arriving on tick 7478.
3-1 started moving to GRID(1, 0), arriving on tick 7486.
1-1 started moving to GRID(0, 0), arriving on tick 7518.
0-1 started moving to GRID(2, 1), arriving on tick 7534.
4-1 started moving to GRID(0, 1), arriving on tick 7568.
3-1 started moving to GRID(2, 0), arriving on tick 7576.
1-1 started moving to GRID(1, 0), arriving on tick 7608.
0-1 started moving to GRID(1, 1), arriving on tick 7624.
4-1 started moving to GRID(0, 0), arriving on tick 7658.
3-1 started moving to GRID(2, 1), arriving on tick 7666.
1-1 started moving to GRID(2, 0), arriving on tick 7698.
0-1 started moving to GRID(0, 1), arriving on tick 7714.
4-1 started moving to GRID(1, 0), arriving on tick 7748.
3-1 started moving to GRID(1, 1), arriving on tick 7756.
1-1 started moving to GRID(2, 1), arriving on tick 7788.
0-1 started moving to GRID(0, 0), arriving on tick 7804.
4-1 started moving to GRID(2, 0), arriving on tick 7838.
3-1 started moving to GRID(0, 1), arriving on tick 7846.
1-1 started moving to GRID(1, 1), arriving on tick 7878.
0-1 started moving to GRID(1, 0), arriving on tick 7894.
4-1 started moving to GRID(2, 1), arriving on tick 7928.
3-1 started moving to GRID(0, 0), arriving on tick 7936.
1-1 started moving to GRID(0, 1), arriving on tick 7968.
0-1 started moving to GRID(2, 0), arriving on tick 7984.
4-1 started moving to GRID(1, 1), arriving on tick 8018.
3-1 started moving to GRID(1, 0), arriving on tick 8026.
1-1 started moving to GRID(0, 0), arriving on tick 8058.
0-1 started moving to GRID(2, 1), arriving on tick 8074.
4-1 started moving to GRID(0, 1), arriving on tick 8108.
3-1 started moving to GRID(2, 0), arriving on tick 8116.
1-1 started moving to GRID(1, 0), arriving on tick 8148.
0-1 started moving to GRID(1, 1), arriving on tick 8164.
4-1 started moving to GRID(0, 0), arriving on tick 8198.
3-1 started moving to GRID(2, 1), arriving on tick 8206.
1-1 started moving to GRID(2, 0), arriving on tick 8238.
0-1 started moving to GRID(0, 1), arriving on tick 8254.
4-1 started moving to GRID(1, 0), arriving on tick 8288.
3-1 started moving to GRID(1, 1), arriving on tick 8296.
1-1 started moving to GRID(2, 1), arriving on tick 8328.
0-1 started moving to GRID(0, 0), arriving on tick 8344.
4-1 started moving to GRID(2, 0), arriving on tick 8378.
3-1 started moving to GRID(0, 1), arriving on tick 8386.
1-1 started moving to GRID(1, 1), arriving on tick 8418.
0-1 started moving to GRID(1, 0), arriving on tick 8434.
4-1 started moving to GRID(2, 1), arriving on tick 8468.
3-1 started moving to GRID(0, 0), arriving on tick 8476.
1-1 started moving to GRID(0, 1), arriving on tick 8508.
0-1 started moving to GRID(2, 0), arriving on tick 8524.
4-1 started moving to GRID(1, 1), arriving on tick 8558.
3-1 started moving to GRID(1, 0), arriving on tick 8566.
1-1 started moving to GRID(0, 0), arriving on tick 8598.
0-1 started moving to GRID(2, 1), arriving on tick 8614.
4-1 started moving to GRID(0, 1), arriving on tick 8648.
3-1 started moving to GRID(2, 0), arriving on tick 8656.
1-1 started moving to GRID(1, 0), arriving on tick 8688.
0-1 started moving to GRID(1, 1), arriving on tick 8704.
4-1 started moving to GRID(0, 0), arriving on tick 8738.
3-1 started moving to GRID(2, 1), arriving on tick 8746.
1-1 started moving to GRID(2, 0), arriving on tick 8778.
0-1 started moving to GRID(0, 1), arriving on tick 8794.
4-1 started moving to GRID(1, 0), arriving on tick 8828.
3-1 started moving to GRID(1, 1), arriving on tick 8836.
1-1 started moving to GRID(2, 1), arriving on tick 8868.
0-1 started moving to GRID(0, 0), arriving on tick 8884.
4-1 started moving to GRID(2, 0), arriving on tick 8918.
3-1 started moving to GRID(0, 1), arriving on tick 8926.
1-1 started moving to GRID(1, 1), arriving on tick 8958.
0-1 started moving to GRID(1, 0), arriving on tick 8974.
4-1 started moving to GRID(2, 1), arriving on tick 9008.
3-1 started moving to GRID(0, 0), arriving on tick 9016.
1-1 started moving to GRID(0, 1), arriving on tick 9048.
0-1 started moving to GRID(2, 0), arriving on tick 9064.
4-1 started moving to GRID(1, 1), arriving on tick 9098.
3-1 started moving to GRID(1, 0), arriving on tick 9106.
1-1 started moving to GRID(0, 0), arriving on tick 9138.
0-1 started moving to GRID(2, 1), arriving on tick 9154.
4-1 started moving to GRID(0, 1), arriving on tick 9188.
3-1 started moving to GRID(2, 0), arriving on tick 9196.
1-1 started moving to GRID(1, 0), arriving on tick 9228.
0-1 started moving to GRID(1, 1), arriving on tick 9244.
4-1 started moving to GRID(0, 0), arriving on tick 9278.
3-1 started moving to GRID(2, 1), arriving on tick 9286.
1-1 started moving to GRID(2, 0), arriving on tick 9318.
0-1 started moving to GRID(0, 1), arriving on tick 9334.
4-1 started moving to GRID(1, 0), arriving on tick 9368.
3-1 started moving to GRID(1, 1), arriving on tick 9376.
1-1 started moving to GRID(2, 1), arriving on tick 9408.
0-1 started moving to GRID(0, 0), arriving on tick 9424.
4-1 started moving to GRID(2, 0), arriving on tick 9458.
3-1 started moving to GRID(0, 1), arriving on tick 9466.
1-1 started moving to GRID(1, 1), arriving on tick 9498.
0-1 started moving to GRID(1, 0), arriving on tick 9514.
4-1 started moving to GRID(2, 1), arriving on tick 9548.
3-1 started moving to GRID(0, 0), arriving on tick 9556.
1-1 started moving to GRID(0, 1), arriving on tick 9588.
0-1 started moving to GRID(2, 0), arriving on tick 9604.
4-1 started moving to GRID(1, 1), arriving on tick 9638.
3-1 started moving to GRID(1, 0), arriving on tick 9646.
1-1 started moving to GRID(0, 0), arriving on tick 9678.
0-1 started moving to GRID(2, 1), arriving on tick 9694.
4-1 started moving to GRID(0, 1), arriving on tick 9728.
3-1 started moving to GRID(2, 0), arriving on tick 9736.
1-1 started moving to GRID(1, 0), arriving on tick 9768.
0-1 started moving to GRID(1, 1), arriving on tick 9784.
4-1 started moving to GRID(0, 0), arriving on tick 9818.
3-1 started moving to GRID(2, 1), arriving on tick 9826.
1-1 started moving to GRID(2, 0), arriving on tick 9858.
0-1 started moving to GRID(0, 1), arriving on tick 9874.
4-1 started moving to GRID(1, 0), arriving on tick 9908.
3-1 started moving to GRID(1, 1), arriving on tick 9916.
1-1 started moving to GRID(2, 1), arriving on tick 9948.
0-1 started moving to GRID(0, 0), arriving on tick 9964.
4-1 started moving to GRID(2, 0), arriving on tick 9998.
3-1 started moving to GRID(0, 1), arriving on tick 10006.
1-1 started moving to GRID(1, 1), arriving on tick 10038.
0-1 started moving to GRID(1, 0), arriving on tick 10054.
4-1 started moving to GRID(2, 1), arriving on tick 10088.
3-1 started moving to GRID(0, 0), arriving on tick 10096.
1-1 started moving to GRID(0, 1), arriving on tick 10128.
0-1 started moving to GRID(2, 0), arriving on tick 10144.
4-1 started moving to GRID(1, 1), arriving on tick 10178.
3-1 started moving to GRID(1, 0), arriving on tick 10186.
1-1 started moving to GRID(0, 0), arriving on tick 10218.
0-1 started moving to GRID(2, 1), arriving on tick 10234.
4-1 started moving to GRID(0, 1), arriving on tick 10268.
3-1 started moving to GRID(2, 0), arriving on tick 10276.
1-1 started moving to GRID(1, 0), arriving on tick 10308.
0-1 started moving to GRID(1, 1), arriving on tick 10324.
4-1 started moving to GRID(0, 0), arriving on tick 10358.
3-1 started moving to GRID(2, 1), arriving on tick 10366.
1-1 started moving to GRID(2, 0), arriving on tick 10398.
0-1 started moving to GRID(0, 1), arriving on tick 10414.
4-1 started moving to GRID(1, 0), arriving on tick 10448.
3-1 started moving to GRID(1, 1), arriving on tick 10456.
1-1 started moving to GRID(2, 1), arriving on tick 10488.
0-1 started moving to GRID(0, 0), arriving on tick 10504.
4-1 started moving to GRID(2, 0), arriving on tick 10538.
3-1 started moving to GRID(0, 1), arriving on tick 10546.
1-1 started moving to GRID(1, 1), arriving on tick 10578.
0-1 started moving to GRID(1, 0), arriving on tick 10594.
4-1 started moving to GRID(2, 1), arriving on tick 10628.
3-1 started moving to GRID(0, 0), arriving on tick 10636.
1-1 started moving to GRID(0, 1), arriving on tick 10668.
0-1 started moving to GRID(2, 0), arriving on tick 10684.
4-1 started moving to GRID(1, 1), arriving on tick 10718.
3-1 started moving to GRID(1, 0), arriving on tick 10726.
1-1 started moving to GRID(0, 0), arriving on tick 10758.
0-1 started moving to GRID(2, 1), arriving on tick 10774.
4-1 started moving to GRID(0, 1), arriving on tick 10808.
3-1 started moving to GRID(2, 0), arriving on tick 10816.
1-1 started moving to GRID(1, 0), arriving on tick 10848.
0-1 started moving to GRID(1, 1), arriving on tick 10864.
4-1 started moving to GRID(0, 0), arriving on tick 10898.
3-1 started moving to GRID(2, 1), arriving on tick 10906.
1-1 started moving to GRID(2, 0), arriving on tick 10938.
0-1 started moving to GRID(0, 1), arriving on tick 10954.
4-1 started moving to GRID(1, 0), arriving on tick 10988.
3-1 started moving to GRID(1, 1), arriving on tick 10996.
1-1 started moving to GRID(2, 1), arriving on tick 11028.
0-1 started moving to GRID(0, 0), arriving on tick 11044.
4-1 started moving to GRID(2, 0), arriving on tick 11078.
3-1 started moving to GRID(0, 1), arriving on tick 11086.
1-1 started moving to GRID(1, 1), arriving on tick 11118.
0-1 started moving to GRID(1, 0), arriving on tick 11134.
4-1 started moving to GRID(2, 1), arriving on tick 11168.
3-1 started moving to GRID(0, 0), arriving on tick 11176.
1-1 started moving to GRID(0, 1), arriving on tick 11208.
0-1 started moving to GRID(2, 0), arriving on tick 11224.
4-1 started moving to GRID(1, 1), arriving on tick 11258.
3-1 started moving to GRID(1, 0), arriving on tick 11266.
1-1 started moving to GRID(0, 0), arriving on tick 11298.
0-1 started moving to GRID(2, 1), arriving on tick 11314.
4-1 started moving to GRID(0, 1), arriving on tick 11348.
3-1 started moving to GRID(2, 0), arriving on tick 11356.
1-1 started moving to GRID(1, 0), arriving on tick 11388.
0-1 started moving to GRID(1, 1), arriving on tick 11404.
4-1 started moving to GRID(0, 0), arriving on tick 11438.
3-1 started moving to GRID(2, 1), arriving on tick 11446.
1-1 started moving to GRID(2, 0), arriving on tick 11478.
0-1 started moving to GRID(0, 1), arriving on tick 11494.
4-1 started moving to GRID(1, 0), arriving on tick 11528.
3-1 started moving to GRID(1, 1), arriving on tick 11536.
1-1 started moving to GRID(2, 1), arriving on tick 11568.
0-1 started moving to GRID(0, 0), arriving on tick 11584.
4-1 started moving to GRID(2, 0), arriving on tick 11618.
3-1 started moving to GRID(0, 1), arriving on tick 11626.
1-1 started moving to GRID(1, 1), arriving on tick 11658.
0-1 started moving to GRID(1, 0), arriving on tick 11674.
4-1 started moving to GRID(2, 1), arriving on tick 11708.
3-1 started moving to GRID(0, 0), arriving on tick 11716.
1-1 started moving to GRID(0, 1), arriving on tick 11748.
0-1 started moving to GRID(2, 0), arriving on tick 11764.
4-1 started moving to GRID(1, 1), arriving on tick 11798.
3-1 started moving to GRID(1, 0), arriving on tick 11806.
1-1 started moving to GRID(0, 0), arriving on tick 11838.
0-1 started moving to GRID(2, 1), arriving on tick 11854.
4-1 started moving to GRID(0, 1), arriving on tick 11888.
3-1 started moving to GRID(2, 0), arriving on tick 11896.
1-1 started moving to GRID(1, 0), arriving on tick 11928.
0-1 started moving to GRID(1, 1), arriving on tick 11944.
4-1 started moving to GRID(0, 0), arriving on tick 11978.
3-1 started moving to GRID(2, 1), arriving on tick 11986.
1-1 started moving to GRID(2, 0), arriving on tick 12018.
0-1 started moving to GRID(0, 1), arriving on tick 12034.
4-1 started moving to GRID(1, 0), arriving on tick 12068.
3-1 started moving to GRID(1, 1), arriving on tick 12076.
1-1 started moving to GRID(2, 1), arriving on tick 12108.
0-1 started moving to GRID(0, 0), arriving on tick 12124.
4-1 started moving to GRID(2, 0), arriving on tick 12158.
3-1 started moving to GRID(0, 1), arriving on tick 12166.
1-1 started moving to GRID(1, 1), arriving on tick 12198.
0-1 started moving to GRID(1, 0), arriving on tick 12214.
4-1 started moving to GRID(2, 1), arriving on tick 12248.
3-1 started moving to GRID(0, 0), arriving on tick 12256.
1-1 started moving to GRID(0, 1), arriving on tick 12288.
0-1 started moving to GRID(2, 0), arriving on tick 12304.
4-1 started moving to GRID(1, 1), arriving on tick 12338.
3-1 started moving to GRID(1, 0), arriving on tick 12346.
1-1 started moving to GRID(0, 0), arriving on tick 12378.
0-1 started moving to GRID(2, 1), arriving on tick 12394.
4-1 started moving to GRID(0, 1), arriving on tick 12428.
3-1 started moving to GRID(2, 0), arriving on tick 12436.
1-1 started moving to GRID(1, 0), arriving on tick 12468.
0-1 started moving to GRID(1, 1), arriving on tick 12484.
4-1 started moving to GRID(0, 0), arriving on tick 12518.
3-1 started moving to GRID(2, 1), arriving on tick 12526.
1-1 started moving to GRID(2, 0), arriving on tick 12558.
0-1 started moving to GRID(0, 1), arriving on tick 12574.
4-1 started moving to GRID(1, 0), arriving on tick 12608.
3-1 started moving to GRID(1, 1), arriving on tick 12616.
1-1 started moving to GRID(2, 1), arriving on tick 12648.
0-1 started moving to GRID(0, 0), arriving on tick 12664.
4-1 started moving to GRID(2, 0), arriving on tick 12698.
3-1 started moving to GRID(0, 1), arriving on tick 12706.
1-1 started moving to GRID(1, 1), arriving on tick 12738.
0-1 started moving to GRID(1, 0), arriving on tick 12754.
4-1 started moving to GRID(2, 1), arriving on tick 12788.
3-1 started moving to GRID(0, 0), arriving on tick 12796.
1-1 started moving to GRID(0, 1), arriving on tick 12828.
0-1 started moving to GRID(2, 0), arriving on tick 12844.
4-1 started moving to GRID(1, 1), arriving on tick 12878.
3-1 started moving to GRID(1, 0), arriving on tick 12886.
1-1 started moving to GRID(0, 0), arriving on tick 12918.
0-1 started moving to GRID(2, 1), arriving on tick 12934.
4-1 started moving to GRID(0, 1), arriving on tick 12968.
3-1 started moving to GRID(2, 0), arriving on tick 12976.
1-1 started moving to GRID(1, 0), arriving on tick 13008.
0-1 started moving to GRID(1, 1), arriving on tick 13024.
4-1 started moving to GRID(0, 0), arriving on tick 13058.
3-1 started moving to GRID(2, 1), arriving on tick 13066.
1-1 started moving to GRID(2, 0), arriving on tick 13098.
0-1 started moving to GRID(0, 1), arriving on tick 13114.
4-1 started moving to GRID(1, 0), arriving on tick 13148.
3-1 started moving to GRID(1, 1), arriving on tick 13156.
1-1 started moving to GRID(2, 1), arriving on tick 13188.
0-1 started moving to GRID(0, 0), arriving on tick 13204.
4-1 started moving to GRID(2, 0), arriving on tick 13238.
3-1 started moving to GRID(0, 1), arriving on tick 13246.
1-1 started moving to GRID(1, 1), arriving on tick 13278.
0-1 started moving to GRID(1, 0), arriving on tick 13294.
4-1 started moving to GRID(2, 1), arriving on tick 13328.
3-1 started moving to GRID(0, 0), arriving on tick 13336.
1-1 started moving to GRID(0, 1), arriving on tick 13368.
0-1 started moving to GRID(2, 0), arriving on tick 13384.
4-1 started moving to GRID(1, 1), arriving on tick 13418.
3-1 started moving to GRID(1, 0), arriving on tick 13426.
1-1 started moving to GRID(0, 0), arriving on tick 13458.
0-1 started moving to GRID(2, 1), arriving on tick 13474.
4-1 started moving to GRID(0, 1), arriving on tick 13508.
3-1 started moving to GRID(2, 0), arriving on tick 13516.
1-1 started moving to GRID(1, 0), arriving on tick 13548.
0-1 started moving to GRID(1, 1), arriving on tick 13564.
4-1 started moving to GRID(0, 0), arriving on tick 13598.
3-1 started moving to GRID(2, 1), arriving on tick 13606.
1-1 started moving to GRID(2, 0), arriving on tick 13638.
0-1 started moving to GRID(0, 1), arriving on tick 13654.
4-1 started moving to GRID(1, 0), arriving on tick 13688.
3-1 started moving to GRID(1, 1), arriving on tick 13696.
1-1 started moving to GRID(2, 1), arriving on tick 13728.
0-1 started moving to GRID(0, 0), arriving on tick 13744.
4-1 started moving to GRID(2, 0), arriving on tick 13778.
3-1 started moving to GRID(0, 1), arriving on tick 13786.
1-1 started moving to GRID(1, 1), arriving on tick 13818.
0-1 started moving to GRID(1, 0), arriving on tick 13834.
4-1 started moving to GRID(2, 1), arriving on tick 13868.
3-1 started moving to GRID(0, 0), arriving on tick 13876.
1-1 started moving to GRID(0, 1), arriving on tick 13908.
0-1 started moving to GRID(2, 0), arriving on tick 13924.
4-1 started moving to GRID(1, 1), arriving on tick 13958.
3-1 started moving to GRID(1, 0), arriving on tick 13966.
1-1 started moving to GRID(0, 0), arriving on tick 13998.
0-1 started moving to GRID(2, 1), arriving on tick 14014.
4-1 started moving to GRID(0, 1), arriving on tick 14048.
3-1 started moving to GRID(2, 0), arriving on tick 14056.
1-1 started moving to GRID(1, 0), arriving on tick 14088.
0-1 started moving to GRID(1, 1), arriving on tick 14104.
4-1 started moving to GRID(0, 0), arriving on tick 14138.
3-1 started moving to GRID(2, 1), arriving on tick 14146.
1-1 started moving to GRID(2, 0), arriving on tick 14178.
0-1 started moving to GRID(0, 1), arriving on tick 14194.
4-1 started moving to GRID(1, 0), arriving on tick 14228.
3-1 started moving to GRID(1, 1), arriving on tick 14236.
1-1 started moving to GRID(2, 1), arriving on tick 14268.
0-1 started moving to GRID(0, 0), arriving on tick 14284.
4-1 started moving to GRID(2, 0), arriving on tick 14318.
3-1 started moving to GRID(0, 1), arriving on tick 14326.
1-1 started moving to GRID(1, 1), arriving on tick 14358.
0-1 started moving to GRID(1, 0), arriving on tick 14374.
4-1 started moving to GRID(2, 1), arriving on tick 14408.
3-1 started moving to GRID(0, 0), arriving on tick 14416.
1-1 started moving to GRID(0, 1), arriving on tick 14448.
0-1 started moving to GRID(2, 0), arriving on tick 14464.
4-1 started moving to GRID(1, 1), arriving on tick 14498.
3-1 started moving to GRID(1, 0), arriving on tick 14506.
1-1 started moving to GRID(0, 0), arriving on tick 14538.
0-1 started moving to GRID(2, 1), arriving on tick 14554.
4-1 started moving to GRID(0, 1), arriving on tick 14588.
3-1 started moving to GRID(2, 0), arriving on tick 14596.
1-1 started moving to GRID(1, 0), arriving on tick 14628.
0-1 started moving to GRID(1, 1), arriving on tick 14644.
4-1 started moving to GRID(0, 0), arriving on tick 14678.
3-1 started moving to GRID(2, 1), arriving on tick 14686.
1-1 started moving to GRID(2, 0), arriving on tick 14718.
0-1 started moving to GRID(0, 1), arriving on tick 14734.
4-1 started moving to GRID(1, 0), arriving on tick 14768.
3-1 started moving to GRID(1, 1), arriving on tick 14776.
1-1 started moving to GRID(2, 1), arriving on tick 14808.
0-1 started moving to GRID(0, 0), arriving on tick 14824.
4-1 started moving to GRID(2, 0), arriving on tick 14858.
3-1 started moving to GRID(0, 1), arriving on tick 14866.
1-1 started moving to GRID(1, 1), arriving on tick 14898.
0-1 started moving to GRID(1, 0), arriving on tick 14914.
4-1 started moving to GRID(2, 1), arriving on tick 14948.
3-1 started moving to GRID(0, 0), arriving on tick 14956.
1-1 started moving to GRID(0, 1), arriving on tick 14988.
0-1 started moving to GRID(2, 0), arriving on tick 15004.
4-1 started moving to GRID(1, 1), arriving on tick 15038.
3-1 started moving to GRID(1, 0), arriving on tick 15046.
1-1 started moving to GRID(0, 0), arriving on tick 15078.
0-1 started moving to GRID(2, 1), arriving on tick 15094.
4-1 started moving to GRID(0, 1), arriving on tick 15128.
3-1 started moving to GRID(2, 0), arriving on tick 15136.
1-1 started moving to GRID(1, 0), arriving on tick 15168.
0-1 started moving to GRID(1, 1), arriving on tick 15184.
4-1 started moving to GRID(0, 0), arriving on tick 15218.
3-1 started moving to GRID(2, 1), arriving on tick 15226.
1-1 started moving to GRID(2, 0), arriving on tick 15258.
0-1 started moving to GRID(0, 1), arriving on tick 15274.
4-1 started moving to GRID(1, 0), arriving on tick 15308.
3-1 started moving to GRID(1, 1), arriving on tick 15316.
1-1 started moving to GRID(2, 1), arriving on tick 15348.
0-1 started moving to GRID(0, 0), arriving on tick 15364.
4-1 started moving to GRID(2, 0), arriving on tick 15398.
3-1 started moving to GRID(0, 1), arriving on tick 15406.
1-1 started moving to GRID(1, 1), arriving on tick 15438.
0-1 started moving to GRID(1, 0), arriving on tick 15454.
4-1 started moving to GRID(2, 1), arriving on tick 15488.
3-1 started moving to GRID(0, 0), arriving on tick 15496.
1-1 started moving to GRID(0, 1), arriving on tick 15528.
0-1 started moving to GRID(2, 0), arriving on tick 15544.
4-1 started moving to GRID(1, 1), arriving on tick 15578.
3-1 started moving to GRID(1, 0), arriving on tick 15586.
1-1 started moving to GRID(0, 0), arriving on tick 15618.
0-1 started moving to GRID(2, 1), arriving on tick 15634.
4-1 started moving to GRID(0, 1), arriving on tick 15668.
3-1 started moving to GRID(2, 0), arriving on tick 15676.
1-1 started moving to GRID(1, 0), arriving on tick 15708.
0-1 started moving to GRID(1, 1), arriving on tick 15724.
4-1 started moving to GRID(0, 0), arriving on tick 15758.
3-1 started moving to GRID(2, 1), arriving on tick 15766.
1-1 started moving to GRID(2, 0), arriving on tick 15798.
0-1 started moving to GRID(0, 1), arriving on tick 15814.
4-1 started moving to GRID(1, 0), arriving on tick 15848.
3-1 started moving to GRID(1, 1), arriving on tick 15856.
1-1 started moving to GRID(2, 1), arriving on tick 15888.
0-1 started moving to GRID(0, 0), arriving on tick 15904.
4-1 started moving to GRID(2, 0), arriving on tick 15938.
3-1 started moving to GRID(0, 1), arriving on tick 15946.
1-1 started moving to GRID(1, 1), arriving on tick 15978.
0-1 started moving to GRID(1, 0), arriving on tick 15994.
4-1 started moving to GRID(2, 1), arriving on tick 16028.
3-1 started moving to GRID(0, 0), arriving on tick 16036.
1-1 started moving to GRID(0, 1), arriving on tick 16068.
0-1 started moving to GRID(2, 0), arriving on tick 16084.
4-1 started moving to GRID(1, 1), arriving on tick 16118.
3-1 started moving to GRID(1, 0), arriving on tick 16126.
1-1 started moving to GRID(0, 0), arriving on tick 16158.
0-1 started moving to GRID(2, 1), arriving on tick 16174.
4-1 started moving to GRID(0, 1), arriving on tick 16208.
3-1 started moving to GRID(2, 0), arriving on tick 16216.
1-1 started moving to GRID(1, 0), arriving on tick 16248.
0-1 started moving to GRID(1, 1), arriving on tick 16264.
4-1 started moving to GRID(0, 0), arriving on tick 16298.
3-1 started moving to GRID(2, 1), arriving on tick 16306.
1-1 started moving to GRID(2, 0), arriving on tick 16338.
0-1 started moving to GRID(0, 1), arriving on tick 16354.
4-1 started moving to GRID(1, 0), arriving on tick 16388.
3-1 started moving to GRID(1, 1), arriving on tick 16396.
1-1 started moving to GRID(2, 1), arriving on tick 16428.
0-1 started moving to GRID(0, 0), arriving on tick 16444.
4-1 started moving to GRID(2, 0), arriving on tick 16478.
3-1 started moving to GRID(0, 1), arriving on tick 16486.
1-1 started moving to GRID(1, 1), arriving on tick 16518.
0-1 started moving to GRID(1, 0), arriving on tick 16534.
4-1 started moving to GRID(2, 1), arriving on tick 16568.
3-1 started moving to GRID(0, 0), arriving on tick 16576.
1-1 started moving to GRID(0, 1), arriving on tick 16608.
0-1 started moving to GRID(2, 0), arriving on tick 16624.
4-1 started moving to GRID(1, 1), arriving on tick 16658.
3-1 started moving to GRID(1, 0), arriving on tick 16666.
1-1 started moving to GRID(0, 0), arriving on tick 16698.
0-1 started moving to GRID(2, 1), arriving on tick 16714.
4-1 started moving to GRID(0, 1), arriving on tick 16748.
3-1 started moving to GRID(2, 0), arriving on tick 16756.
1-1 started moving to GRID(1, 0), arriving on tick 16788.
0-1 started moving to GRID(1, 1), arriving on tick 16804.
4-1 started moving to GRID(0, 0), arriving on tick 16838.
3-1 started moving to GRID(2, 1), arriving on tick 16846.
1-1 started moving to GRID(2, 0), arriving on tick 16878.
0-1 started moving to GRID(0, 1), arriving on tick 16894.
4-1 started moving to GRID(1, 0), arriving on tick 16928.
3-1 started moving to GRID(1, 1), arriving on tick 16936.
1-1 started moving to GRID(2, 1), arriving on tick 16968.
0-1 started moving to GRID(0, 0), arriving on tick 16984.
4-1 started moving to GRID(2, 0), arriving on tick 17018.
3-1 started moving to GRID(0, 1), arriving on tick 17026.
1-1 started moving to GRID(1, 1), arriving on tick 17058.
0-1 started moving to GRID(1, 0), arriving on tick 17074.
4-1 started moving to GRID(2, 1), arriving on tick 17108.
3-1 started moving to GRID(0, 0), arriving on tick 17116.
1-1 started moving to GRID(0, 1), arriving on tick 17148.
0-1 started moving to GRID(2, 0), arriving on tick 17164.
4-1 started moving to GRID(1, 1), arriving on tick 17198.
3-1 started moving to GRID(1, 0), arriving on tick 17206.
1-1 started moving to GRID(0, 0), arriving on tick 17238.
0-1 started moving to GRID(2, 1), arriving on tick 17254.
4-1 started moving to GRID(0, 1), arriving on tick 17288.
3-1 started moving to GRID(2, 0), arriving on tick 17296.
1-1 started moving to GRID(1, 0), arriving on tick 17328.
0-1 started moving to GRID(1, 1), arriving on tick 17344.
4-1 started moving to GRID(0, 0), arriving on tick 17378.
3-1 started moving to GRID(2, 1), arriving on tick 17386.
1-1 started moving to GRID(2, 0), arriving on tick 17418.
0-1 started moving to GRID(0, 1), arriving on tick 17434.
4-1 started moving to GRID(1, 0), arriving on tick 17468.
3-1 started moving to GRID(1, 1), arriving on tick 17476.
1-1 started moving to GRID(2, 1), arriving on tick 17508.
0-1 started moving to GRID(0, 0), arriving on tick 17524.
4-1 started moving to GRID(2, 0), arriving on tick 17558.
3-1 started moving to GRID(0, 1), arriving on tick 17566.
1-1 started moving to GRID(1, 1), arriving on tick 17598.
0-1 started moving to GRID(1, 0), arriving on tick 17614.
4-1 started moving to GRID(2, 1), arriving on tick 17648.
3-1 started moving to GRID(0, 0), arriving on tick 17656.
1-1 started moving to GRID(0, 1), arriving on tick 17688.
0-1 started moving to GRID(2, 0), arriving on tick 17704.
4-1 started moving to GRID(1, 1), arriving on tick 17738.
3-1 started moving to GRID(1, 0), arriving on tick 17746.
1-1 started moving to GRID(0, 0), arriving on tick 17778.
0-1 started moving to GRID(2, 1), arriving on tick 17794.
4-1 started moving to GRID(0, 1), arriving on tick 17828.
3-1 started moving to GRID(2, 0), arriving on tick 17836.
1-1 started moving to GRID(1, 0), arriving on tick 17868.
0-1 started moving to GRID(1, 1), arriving on tick 17884.
4-1 started moving to GRID(0, 0), arriving on tick 17918.
3-1 started moving to GRID(2, 1), arriving on tick 17926.
1-1 started moving to GRID(2, 0), arriving on tick 17958.
0-1 started moving to GRID(0, 1), arriving on tick 17974.
4-1 started moving to GRID(1, 0), arriving on tick 18008.
3-1 started moving to GRID(1, 1), arriving on tick 18016.
