[
	(EntityID(0, 1), Knight)
	(EntityID(1, 1), Ranger)
	(EntityID(2, 1), Knight)
	(EntityID(3, 1), Mage)
	(EntityID(4, 1), Knight)
	(EntityID(5, 1), Ranger)
	(EntityID(6, 1), Ranger)
	(EntityID(7, 1), Knight)
]

START OF EVENT TRANSCRIPT
1-1 attacked 5-1 for 10 damage.
3-1 attacked 5-1 for 4 damage.
5-1 attacked 1-1 for 20 damage.
6-1 attacked 1-1 for 10 damage.
0-1 started moving to GRID(2, 3), arriving on tick 30.
2-1 started moving to GRID(2, 4), arriving on tick 30.
4-1 started moving to GRID(6, 1), arriving on tick 42.
7-1 started moving to GRID(6, 3), arriving on tick 30.
0-1 started moving to GRID(3, 3), arriving on tick 60.
2-1 started moving to GRID(3, 4), arriving on tick 60.
7-1 started moving to GRID(5, 2), arriving on tick 72.
4-1 started moving to GRID(5, 0), arriving on tick 84.
1-1 attacked 5-1 for 10 damage.
5-1 attacked 1-1 for 20 damage.
6-1 attacked 1-1 for 10 damage.
3-1 attacked 5-1 for 4 damage.
0-1 started moving to GRID(4, 3), arriving on tick 90.
2-1 started moving to GRID(4, 3), arriving on tick 102.
7-1 started moving to GRID(4, 1), arriving on tick 114.
1-1 attacked 5-1 for 10 damage.
5-1 attacked 1-1 for 10 damage.
1-1 died.
6-1 attacked 1-1 for 5 damage.
3-1 attacked 5-1 for 8 damage.
5-1 attacked 0-1 for 8 damage.
6-1 attacked 0-1 for 8 damage.
4-1 started moving to GRID(4, 0), arriving on tick 174.
0-1 attacked 6-1 for 10 damage.
3-1 cast Chain Lightning, affecting [EntityID(7, 1), EntityID(4, 1), EntityID(5, 1)].
7-1 took 13 damage.
4-1 took 13 damage.
5-1 took 15 damage.
2-1 attacked 6-1 for 10 damage.
7-1 started moving to GRID(3, 1), arriving on tick 204.
5-1 attacked 0-1 for 8 damage.
6-1 attacked 0-1 for 8 damage.
3-1 attacked 5-1 for 4 damage.
0-1 attacked 6-1 for 10 damage.
2-1 attacked 6-1 for 20 damage.
5-1 attacked 0-1 for 8 damage.
6-1 attacked 0-1 for 8 damage.
4-1 attacked 3-1 for 10 damage.
3-1 attacked 5-1 for 4 damage.
7-1 attacked 3-1 for 10 damage.
0-1 attacked 6-1 for 10 damage.
5-1 attacked 0-1 for 8 damage.
6-1 attacked 0-1 for 8 damage.
2-1 attacked 6-1 for 10 damage.
4-1 attacked 3-1 for 10 damage.
5-1 died.
3-1 attacked 5-1 for 6 damage.
6-1 attacked 0-1 for 8 damage.
7-1 attacked 3-1 for 10 damage.
6-1 died.
0-1 attacked 6-1 for 5 damage.
2-1 started moving to GRID(3, 2), arriving on tick 384.
3-1 cast Chain Lightning, affecting [EntityID(4, 1), EntityID(7, 1)].
4-1 took 13 damage.
7-1 took 13 damage.
3-1 died.
4-1 attacked 3-1 for 10 damage.
7-1 started moving to GRID(4, 2), arriving on tick 426.
0-1 started moving to GRID(5, 2), arriving on tick 432.
4-1 started moving to GRID(4, 1), arriving on tick 444.
7-1 started moving to GRID(5, 1), arriving on tick 468.
0-1 started moving to GRID(6, 1), arriving on tick 474.
2-1 started moving to GRID(2, 1), arriving on tick 486.
4-1 started moving to GRID(3, 1), arriving on tick 474.
7-1 started moving to GRID(6, 0), arriving on tick 510.
0-1 started moving to GRID(7, 0), arriving on tick 516.
4-1 started moving to GRID(4, 0), arriving on tick 516.
2-1 started moving to GRID(1, 0), arriving on tick 528.
7-1 started moving to GRID(5, 0), arriving on tick 540.
0-1 started moving to GRID(7, 0), arriving on tick 526.
4-1 started moving to GRID(3, 0), arriving on tick 546.
0-1 started moving to GRID(6, 1), arriving on tick 568.
7-1 started moving to GRID(4, 1), arriving on tick 582.
4-1 started moving to GRID(2, 0), arriving on tick 576.
0-1 started moving to GRID(5, 1), arriving on tick 598.
7-1 started moving to GRID(3, 1), arriving on tick 612.
2-1 attacked 7-1 for 8 damage.
0-1 started moving to GRID(6, 0), arriving on tick 640.
7-1 started moving to GRID(2, 1), arriving on tick 642.
4-1 attacked 2-1 for 8 damage.
0-1 started moving to GRID(5, 0), arriving on tick 670.
7-1 started moving to GRID(1, 1), arriving on tick 672.
2-1 attacked 7-1 for 8 damage.
0-1 started moving to GRID(4, 0), arriving on tick 700.
7-1 started moving to GRID(0, 0), arriving on tick 714.
4-1 attacked 2-1 for 18 damage.
0-1 started moving to GRID(3, 0), arriving on tick 730.
2-1 attacked 7-1 for 8 damage.
4-1 attacked 2-1 for 8 damage.
2-1 attacked 7-1 for 8 damage.
7-1 started moving to GRID(0, 0), arriving on tick 784.
7-1 started moving to GRID(1, 1), arriving on tick 826.
0-1 attacked 4-1 for 8 damage.
4-1 attacked 2-1 for 8 damage.
7-1 started moving to GRID(1, 1), arriving on tick 836.
2-1 attacked 7-1 for 8 damage.
7-1 started moving to GRID(2, 1), arriving on tick 866.
0-1 attacked 4-1 for 8 damage.
7-1 started moving to GRID(3, 1), arriving on tick 896.
4-1 attacked 2-1 for 8 damage.
2-1 attacked 7-1 for 8 damage.
0-1 attacked 4-1 for 8 damage.
4-1 attacked 2-1 for 8 damage.
2-1 cast Bulwark, affecting [EntityID(2, 1)].
7-1 attacked 0-1 for 8 damage.
0-1 attacked 4-1 for 8 damage.
4-1 attacked 2-1 for 5 damage.
2-1 started moving to GRID(0, 1), arriving on tick 1050.
7-1 attacked 0-1 for 8 damage.
0-1 attacked 4-1 for 8 damage.
2-1 started moving to GRID(1, 1), arriving on tick 1080.
4-1 started moving to GRID(1, 0), arriving on tick 1086.
7-1 attacked 0-1 for 8 damage.
2-1 started moving to GRID(2, 1), arriving on tick 1110.
0-1 cast Bulwark, affecting [EntityID(0, 1)].
7-1 attacked 0-1 for 5 damage.
4-1 started moving to GRID(1, 1), arriving on tick 1176.
0-1 started moving to GRID(2, 0), arriving on tick 1180.
2-1 attacked 7-1 for 18 damage.
0-1 started moving to GRID(1, 0), arriving on tick 1210.
7-1 started moving to GRID(4, 0), arriving on tick 1238.
2-1 started moving to GRID(2, 0), arriving on tick 1260.
4-1 started moving to GRID(0, 0), arriving on tick 1278.
7-1 started moving to GRID(3, 0), arriving on tick 1268.
2-1 started moving to GRID(2, 0), arriving on tick 1270.
7-1 started moving to GRID(2, 1), arriving on tick 1310.
0-1 attacked 4-1 for 8 damage.
2-1 started moving to GRID(2, 0), arriving on tick 1280.
2-1 started moving to GRID(1, 1), arriving on tick 1322.
7-1 started moving to GRID(1, 2), arriving on tick 1352.
2-1 started moving to GRID(0, 1), arriving on tick 1352.
0-1 attacked 4-1 for 8 damage.
4-1 attacked 2-1 for 5 damage.
7-1 started moving to GRID(1, 2), arriving on tick 1362.
2-1 started moving to GRID(0, 2), arriving on tick 1382.
7-1 started moving to GRID(1, 1), arriving on tick 1392.
2-1 started moving to GRID(1, 3), arriving on tick 1424.
0-1 attacked 4-1 for 8 damage.
4-1 attacked 2-1 for 5 damage.
2-1 started moving to GRID(1, 2), arriving on tick 1454.
0-1 attacked 4-1 for 8 damage.
7-1 attacked 0-1 for 5 damage.
4-1 started moving to GRID(0, 1), arriving on tick 1488.
4-1 started moving to GRID(0, 2), arriving on tick 1518.
0-1 started moving to GRID(0, 0), arriving on tick 1540.
7-1 started moving to GRID(2, 0), arriving on tick 1554.
2-1 started moving to GRID(2, 1), arriving on tick 1556.
4-1 started moving to GRID(1, 3), arriving on tick 1560.
7-1 started moving to GRID(1, 0), arriving on tick 1584.
2-1 started moving to GRID(1, 1), arriving on tick 1586.
4-1 started moving to GRID(1, 2), arriving on tick 1590.
0-1 started moving to GRID(0, 1), arriving on tick 1630.
0-1 started moving to GRID(0, 2), arriving on tick 1660.
7-1 started moving to GRID(0, 0), arriving on tick 1674.
2-1 started moving to GRID(2, 0), arriving on tick 1688.
4-1 started moving to GRID(2, 1), arriving on tick 1692.
0-1 started moving to GRID(1, 3), arriving on tick 1702.
2-1 started moving to GRID(1, 0), arriving on tick 1718.
4-1 started moving to GRID(1, 1), arriving on tick 1722.
0-1 started moving to GRID(1, 2), arriving on tick 1732.
7-1 started moving to GRID(0, 1), arriving on tick 1764.
7-1 started moving to GRID(0, 2), arriving on tick 1794.
2-1 started moving to GRID(0, 0), arriving on tick 1808.
4-1 started moving to GRID(2, 0), arriving on tick 1824.
0-1 started moving to GRID(2, 1), arriving on tick 1834.
7-1 started moving to GRID(1, 3), arriving on tick 1836.
4-1 started moving to GRID(1, 0), arriving on tick 1854.
0-1 started moving to GRID(1, 1), arriving on tick 1864.
7-1 started moving to GRID(1, 2), arriving on tick 1866.
2-1 started moving to GRID(0, 1), arriving on tick 1898.
2-1 started moving to GRID(0, 2), arriving on tick 1928.
4-1 started moving to GRID(0, 0), arriving on tick 1944.
0-1 started moving to GRID(2, 0), arriving on tick 1966.
7-1 started moving to GRID(2, 1), arriving on tick 1968.
2-1 started moving to GRID(1, 3), arriving on tick 1970.
0-1 started moving to GRID(1, 0), arriving on tick 1996.
7-1 started moving to GRID(1, 1), arriving on tick 1998.
2-1 started moving to GRID(1, 2), arriving on tick 2000.
4-1 started moving to GRID(0, 1), arriving on tick 2034.
4-1 started moving to GRID(0, 2), arriving on tick 2064.
0-1 started moving to GRID(0, 0), arriving on tick 2086.
7-1 started moving to GRID(2, 0), arriving on tick 2100.
2-1 started moving to GRID(2, 1), arriving on tick 2102.
4-1 started moving to GRID(1, 3), arriving on tick 2106.
7-1 started moving to GRID(1, 0), arriving on tick 2130.
2-1 started moving to GRID(1, 1), arriving on tick 2132.
4-1 started moving to GRID(1, 2), arriving on tick 2136.
0-1 started moving to GRID(0, 1), arriving on tick 2176.
0-1 started moving to GRID(0, 2), arriving on tick 2206.
7-1 started moving to GRID(0, 0), arriving on tick 2220.
2-1 started moving to GRID(2, 0), arriving on tick 2234.
4-1 started moving to GRID(2, 1), arriving on tick 2238.
0-1 started moving to GRID(1, 3), arriving on tick 2248.
2-1 started moving to GRID(1, 0), arriving on tick 2264.
4-1 started moving to GRID(1, 1), arriving on tick 2268.
0-1 started moving to GRID(1, 2), arriving on tick 2278.
7-1 started moving to GRID(0, 1), arriving on tick 2310.
7-1 started moving to GRID(0, 2), arriving on tick 2340.
2-1 started moving to GRID(0, 0), arriving on tick 2354.
4-1 started moving to GRID(2, 0), arriving on tick 2370.
0-1 started moving to GRID(2, 1), arriving on tick 2380.
7-1 started moving to GRID(1, 3), arriving on tick 2382.
4-1 started moving to GRID(1, 0), arriving on tick 2400.
0-1 started moving to GRID(1, 1), arriving on tick 2410.
7-1 started moving to GRID(1, 2), arriving on tick 2412.
2-1 started moving to GRID(0, 1), arriving on tick 2444.
2-1 started moving to GRID(0, 2), arriving on tick 2474.
4-1 started moving to GRID(0, 0), arriving on tick 2490.
0-1 started moving to GRID(2, 0), arriving on tick 2512.
7-1 started moving to GRID(2, 1), arriving on tick 2514.
2-1 started moving to GRID(1, 3), arriving on tick 2516.
0-1 started moving to GRID(1, 0), arriving on tick 2542.
7-1 started moving to GRID(1, 1), arriving on tick 2544.
2-1 started moving to GRID(1, 2), arriving on tick 2546.
4-1 started moving to GRID(0, 1), arriving on tick 2580.
4-1 started moving to GRID(0, 2), arriving on tick 2610.
0-1 started moving to GRID(0, 0), arriving on tick 2632.
7-1 started moving to GRID(2, 0), arriving on tick 2646.
2-1 started moving to GRID(2, 1), arriving on tick 2648.
4-1 started moving to GRID(1, 3), arriving on tick 2652.
7-1 started moving to GRID(1, 0), arriving on tick 2676.
2-1 started moving to GRID(1, 1), arriving on tick 2678.
4-1 started moving to GRID(1, 2), arriving on tick 2682.
0-1 started moving to GRID(0, 1), arriving on tick 2722.
0-1 started moving to GRID(0, 2), arriving on tick 2752.
7-1 started moving to GRID(0, 0), arriving on tick 2766.
2-1 started moving to GRID(2, 0), arriving on tick 2780.
4-1 started moving to GRID(2, 1), arriving on tick 2784.
0-1 started moving to GRID(1, 3), arriving on tick 2794.
2-1 started moving to GRID(1, 0), arriving on tick 2810.
4-1 started moving to GRID(1, 1), arriving on tick 2814.
0-1 started moving to GRID(1, 2), arriving on tick 2824.
7-1 started moving to GRID(0, 1), arriving on tick 2856.
7-1 started moving to GRID(0, 2), arriving on tick 2886.
2-1 started moving to GRID(0, 0), arriving on tick 2900.
4-1 started moving to GRID(2, 0), arriving on tick 2916.
0-1 started moving to GRID(2, 1), arriving on tick 2926.
7-1 started moving to GRID(1, 3), arriving on tick 2928.
4-1 started moving to GRID(1, 0), arriving on tick 2946.
0-1 started moving to GRID(1, 1), arriving on tick 2956.
7-1 started moving to GRID(1, 2), arriving on tick 2958.
2-1 started moving to GRID(0, 1), arriving on tick 2990.
2-1 started moving to GRID(0, 2), arriving on tick 3020.
4-1 started moving to GRID(0, 0), arriving on tick 3036.
0-1 started moving to GRID(2, 0), arriving on tick 3058.
7-1 started moving to GRID(2, 1), arriving on tick 3060.
2-1 started moving to GRID(1, 3), arriving on tick 3062.
0-1 started moving to GRID(1, 0), arriving on tick 3088.
7-1 started moving to GRID(1, 1), arriving on tick 3090.
2-1 started moving to GRID(1, 2), arriving on tick 3092.
4-1 started moving to GRID(0, 1), arriving on tick 3126.
4-1 started moving to GRID(0, 2), arriving on tick 3156.
0-1 started moving to GRID(0, 0), arriving on tick 3178.
7-1 started moving to GRID(2, 0), arriving on tick 3192.
2-1 started moving to GRID(2, 1), arriving on tick 3194.
4-1 started moving to GRID(1, 3), arriving on tick 3198.
7-1 started moving to GRID(1, 0), arriving on tick 3222.
2-1 started moving to GRID(1, 1), arriving on tick 3224.
4-1 started moving to GRID(1, 2), arriving on tick 3228.
0-1 started moving to GRID(0, 1), arriving on tick 3268.
0-1 started moving to GRID(0, 2), arriving on tick 3298.
7-1 started moving to GRID(0, 0), arriving on tick 3312.
2-1 started moving to GRID(2, 0), arriving on tick 3326.
4-1 started moving to GRID(2, 1), arriving on tick 3330.
0-1 started moving to GRID(1, 3), arriving on tick 3340.
2-1 started moving to GRID(1, 0), arriving on tick 3356.
4-1 started moving to GRID(1, 1), arriving on tick 3360.
0-1 started moving to GRID(1, 2), arriving on tick 3370.
7-1 started moving to GRID(0, 1), arriving on tick 3402.
7-1 started moving to GRID(0, 2), arriving on tick 3432.
2-1 started moving to GRID(0, 0), arriving on tick 3446.
4-1 started moving to GRID(2, 0), arriving on tick 3462.
0-1 started moving to GRID(2, 1), arriving on tick 3472.
7-1 started moving to GRID(1, 3), arriving on tick 3474.
4-1 started moving to GRID(1, 0), arriving on tick 3492.
0-1 started moving to GRID(1, 1), arriving on tick 3502.
7-1 started moving to GRID(1, 2), arriving on tick 3504.
2-1 started moving to GRID(0, 1), arriving on tick 3536.
2-1 started moving to GRID(0, 2), arriving on tick 3566.
4-1 started moving to GRID(0, 0), arriving on tick 3582.
0-1 started moving to GRID(2, 0), arriving on tick 3604.
7-1 started moving to GRID(2, 1), arriving on tick 3606.
2-1 started moving to GRID(1, 3), arriving on tick 3608.
0-1 started moving to GRID(1, 0), arriving on tick 3634.
7-1 started moving to GRID(1, 1), arriving on tick 3636.
2-1 started moving to GRID(1, 2), arriving on tick 3638.
4-1 started moving to GRID(0, 1), arriving on tick 3672.
4-1 started moving to GRID(0, 2), arriving on tick 3702.
0-1 started moving to GRID(0, 0), arriving on tick 3724.
7-1 started moving to GRID(2, 0), arriving on tick 3738.
2-1 started moving to GRID(2, 1), arriving on tick 3740.
4-1 started moving to GRID(1, 3), arriving on tick 3744.
7-1 started moving to GRID(1, 0), arriving on tick 3768.
2-1 started moving to GRID(1, 1), arriving on tick 3770.
4-1 started moving to GRID(1, 2), arriving on tick 3774.
0-1 started moving to GRID(0, 1), arriving on tick 3814.
0-1 started moving to GRID(0, 2), arriving on tick 3844.
7-1 started moving to GRID(0, 0), arriving on tick 3858.
2-1 started moving to GRID(2, 0), arriving on tick 3872.
4-1 started moving to GRID(2, 1), arriving on tick 3876.
0-1 started moving to GRID(1, 3), arriving on tick 3886.
2-1 started moving to GRID(1, 0), arriving on tick 3902.
4-1 started moving to GRID(1, 1), arriving on tick 3906.
0-1 started moving to GRID(1, 2), arriving on tick 3916.
7-1 started moving to GRID(0, 1), arriving on tick 3948.
7-1 started moving to GRID(0, 2), arriving on tick 3978.
2-1 started moving to GRID(0, 0), arriving on tick 3992.
4-1 started moving to GRID(2, 0), arriving on tick 4008.
0-1 started moving to GRID(2, 1), arriving on tick 4018.
7-1 started moving to GRID(1, 3), arriving on tick 4020.
4-1 started moving to GRID(1, 0), arriving on tick 4038.
0-1 started moving to GRID(1, 1), arriving on tick 4048.
7-1 started moving to GRID(1, 2), arriving on tick 4050.
2-1 started moving to GRID(0, 1), arriving on tick 4082.
2-1 started moving to GRID(0, 2), arriving on tick 4112.
4-1 started moving to GRID(0, 0), arriving on tick 4128.
0-1 started moving to GRID(2, 0), arriving on tick 4150.
7-1 started moving to GRID(2, 1), arriving on tick 4152.
2-1 started moving to GRID(1, 3), arriving on tick 4154.
0-1 started moving to GRID(1, 0), arriving on tick 4180.
7-1 started moving to GRID(1, 1), arriving on tick 4182.
2-1 started moving to GRID(1, 2), arriving on tick 4184.
4-1 started moving to GRID(0, 1), arriving on tick 4218.
4-1 started moving to GRID(0, 2), arriving on tick 4248.
0-1 started moving to GRID(0, 0), arriving on tick 4270.
7-1 started moving to GRID(2, 0), arriving on tick 4284.
2-1 started moving to GRID(2, 1), arriving on tick 4286.
4-1 started moving to GRID(1, 3), arriving on tick 4290.
7-1 started moving to GRID(1, 0), arriving on tick 4314.
2-1 started moving to GRID(1, 1), arriving on tick 4316.
4-1 started moving to GRID(1, 2), arriving on tick 4320.
0-1 started moving to GRID(0, 1), arriving on tick 4360.
0-1 started moving to GRID(0, 2), arriving on tick 4390.
7-1 started moving to GRID(0, 0), arriving on tick 4404.
2-1 started moving to GRID(2, 0), arriving on tick 4418.
4-1 started moving to GRID(2, 1), arriving on tick 4422.
0-1 started moving to GRID(1, 3), arriving on tick 4432.
2-1 started moving to GRID(1, 0), arriving on tick 4448.
4-1 started moving to GRID(1, 1), arriving on tick 4452.
0-1 started moving to GRID(1, 2), arriving on tick 4462.
7-1 started moving to GRID(0, 1), arriving on tick 4494.
7-1 started moving to GRID(0, 2), arriving on tick 4524.
2-1 started moving to GRID(0, 0), arriving on tick 4538.
4-1 started moving to GRID(2, 0), arriving on tick 4554.
0-1 started moving to GRID(2, 1), arriving on tick 4564.
7-1 started moving to GRID(1, 3), arriving on tick 4566.
4-1 started moving to GRID(1, 0), arriving on tick 4584.
0-1 started moving to GRID(1, 1), arriving on tick 4594.
7-1 started moving to GRID(1, 2), arriving on tick 4596.
2-1 started moving to GRID(0, 1), arriving on tick 4628.
2-1 started moving to GRID(0, 2), arriving on tick 4658.
4-1 started moving to GRID(0, 0), arriving on tick 4674.
0-1 started moving to GRID(2, 0), arriving on tick 4696.
7-1 started moving to GRID(2, 1), arriving on tick 4698.
2-1 started moving to GRID(1, 3), arriving on tick 4700.
0-1 started moving to GRID(1, 0), arriving on tick 4726.
7-1 started moving to GRID(1, 1), arriving on tick 4728.
2-1 started moving to GRID(1, 2), arriving on tick 4730.
4-1 started moving to GRID(0, 1), arriving on tick 4764.
4-1 started moving to GRID(0, 2), arriving on tick 4794.
0-1 started moving to GRID(0, 0), arriving on tick 4816.
7-1 started moving to GRID(2, 0), arriving on tick 4830.
2-1 started moving to GRID(2, 1), arriving on tick 4832.
4-1 started moving to GRID(1, 3), arriving on tick 4836.
7-1 started moving to GRID(1, 0), arriving on tick 4860.
2-1 started moving to GRID(1, 1), arriving on tick 4862.
4-1 started moving to GRID(1, 2), arriving on tick 4866.
0-1 started moving to GRID(0, 1), arriving on tick 4906.
0-1 started moving to GRID(0, 2), arriving on tick 4936.
7-1 started moving to GRID(0, 0), arriving on tick 4950.
2-1 started moving to GRID(2, 0), arriving on tick 4964.
4-1 started moving to GRID(2, 1), arriving on tick 4968.
0-1 started moving to GRID(1, 3), arriving on tick 4978.
2-1 started moving to GRID(1, 0), arriving on tick 4994.
4-1 started moving to GRID(1, 1), arriving on tick 4998.
0-1 started moving to GRID(1, 2), arriving on tick 5008.
7-1 started moving to GRID(0, 1), arriving on tick 5040.
7-1 started moving to GRID(0, 2), arriving on tick 5070.
2-1 started moving to GRID(0, 0), arriving on tick 5084.
4-1 started moving to GRID(2, 0), arriving on tick 5100.
0-1 started moving to GRID(2, 1), arriving on tick 5110.
7-1 started moving to GRID(1, 3), arriving on tick 5112.
4-1 started moving to GRID(1, 0), arriving on tick 5130.
0-1 started moving to GRID(1, 1), arriving on tick 5140.
7-1 started moving to GRID(1, 2), arriving on tick 5142.
2-1 started moving to GRID(0, 1), arriving on tick 5174.
2-1 started moving to GRID(0, 2), arriving on tick 5204.
4-1 started moving to GRID(0, 0), arriving on tick 5220.
0-1 started moving to GRID(2, 0), arriving on tick 5242.
7-1 started moving to GRID(2, 1), arriving on tick 5244.
2-1 started moving to GRID(1, 3), arriving on tick 5246.
0-1 started moving to GRID(1, 0), arriving on tick 5272.
7-1 started moving to GRID(1, 1), arriving on tick 5274.
2-1 started moving to GRID(1, 2), arriving on tick 5276.
4-1 started moving to GRID(0, 1), arriving on tick 5310.
4-1 started moving to GRID(0, 2), arriving on tick 5340.
0-1 started moving to GRID(0, 0), arriving on tick 5362.
7-1 started moving to GRID(2, 0), arriving on tick 5376.
2-1 started moving to GRID(2, 1), arriving on tick 5378.
4-1 started moving to GRID(1, 3), arriving on tick 5382.
7-1 started moving to GRID(1, 0), arriving on tick 5406.
2-1 started moving to GRID(1, 1), arriving on tick 5408.
4-1 started moving to GRID(1, 2), arriving on tick 5412.
0-1 started moving to GRID(0, 1), arriving on tick 5452.
0-1 started moving to GRID(0, 2), arriving on tick 5482.
7-1 started moving to GRID(0, 0), arriving on tick 5496.
2-1 started moving to GRID(2, 0), arriving on tick 5510.
4-1 started moving to GRID(2, 1), arriving on tick 5514.
0-1 started moving to GRID(1, 3), arriving on tick 5524.
2-1 started moving to GRID(1, 0), arriving on tick 5540.
4-1 started moving to GRID(1, 1), arriving on tick 5544.
0-1 started moving to GRID(1, 2), arriving on tick 5554.
7-1 started moving to GRID(0, 1), arriving on tick 5586.
7-1 started moving to GRID(0, 2), arriving on tick 5616.
2-1 started moving to GRID(0, 0), arriving on tick 5630.
4-1 started moving to GRID(2, 0), arriving on tick 5646.
0-1 started moving to GRID(2, 1), arriving on tick 5656.
7-1 started moving to GRID(1, 3), arriving on tick 5658.
4-1 started moving to GRID(1, 0), arriving on tick 5676.
0-1 started moving to GRID(1, 1), arriving on tick 5686.
7-1 started moving to GRID(1, 2), arriving on tick 5688.
2-1 started moving to GRID(0, 1), arriving on tick 5720.
2-1 started moving to GRID(0, 2), arriving on tick 5750.
4-1 started moving to GRID(0, 0), arriving on tick 5766.
0-1 started moving to GRID(2, 0), arriving on tick 5788.
7-1 started moving to GRID(2, 1), arriving on tick 5790.
2-1 started moving to GRID(1, 3), arriving on tick 5792.
0-1 started moving to GRID(1, 0), arriving on tick 5818.
7-1 started moving to GRID(1, 1), arriving on tick 5820.
2-1 started moving to GRID(1, 2), arriving on tick 5822.
4-1 started moving to GRID(0, 1), arriving on tick 5856.
4-1 started moving to GRID(0, 2), arriving on tick 5886.
0-1 started moving to GRID(0, 0), arriving on tick 5908.
7-1 started moving to GRID(2, 0), arriving on tick 5922.
2-1 started moving to GRID(2, 1), arriving on tick 5924.
4-1 started moving to GRID(1, 3), arriving on tick 5928.
7-1 started moving to GRID(1, 0), arriving on tick 5952.
2-1 started moving to GRID(1, 1), arriving on tick 5954.
4-1 started moving to GRID(1, 2), arriving on tick 5958.
0-1 started moving to GRID(0, 1), arriving on tick 5998.
0-1 started moving to GRID(0, 2), arriving on tick 6028.
7-1 started moving to GRID(0, 0), arriving on tick 6042.
2-1 started moving to GRID(2, 0), arriving on tick 6056.
4-1 started moving to GRID(2, 1), arriving on tick 6060.
0-1 started moving to GRID(1, 3), arriving on tick 6070.
2-1 started moving to GRID(1, 0), arriving on tick 6086.
4-1 started moving to GRID(1, 1), arriving on tick 6090.
0-1 started moving to GRID(1, 2), arriving on tick 6100.
7-1 started moving to GRID(0, 1), arriving on tick 6132.
7-1 started moving to GRID(0, 2), arriving on tick 6162.
2-1 started moving to GRID(0, 0), arriving on tick 6176.
4-1 started moving to GRID(2, 0), arriving on tick 6192.
0-1 started moving to GRID(2, 1), arriving on tick 6202.
7-1 started moving to GRID(1, 3), arriving on tick 6204.
4-1 started moving to GRID(1, 0), arriving on tick 6222.
0-1 started moving to GRID(1, 1), arriving on tick 6232.
7-1 started moving to GRID(1, 2), arriving on tick 6234.
2-1 started moving to GRID(0, 1), arriving on tick 6266.
2-1 started moving to GRID(0, 2), arriving on tick 6296.
4-1 started moving to GRID(0, 0), arriving on tick 6312.
0-1 started moving to GRID(2, 0), arriving on tick 6334.
7-1 started moving to GRID(2, 1), arriving on tick 6336.
2-1 started moving to GRID(1, 3), arriving on tick 6338.
0-1 started moving to GRID(1, 0), arriving on tick 6364.
7-1 started moving to GRID(1, 1), arriving on tick 6366.
2-1 started moving to GRID(1, 2), arriving on tick 6368.
4-1 started moving to GRID(0, 1), arriving on tick 6402.
4-1 started moving to GRID(0, 2), arriving on tick 6432.
0-1 started moving to GRID(0, 0), arriving on tick 6454.
7-1 started moving to GRID(2, 0), arriving on tick 6468.
2-1 started moving to GRID(2, 1), arriving on tick 6470.
4-1 started moving to GRID(1, 3), arriving on tick 6474.
7-1 started moving to GRID(1, 0), arriving on tick 6498.
2-1 started moving to GRID(1, 1), arriving on tick 6500.
4-1 started moving to GRID(1, 2), arriving on tick 6504.
0-1 started moving to GRID(0, 1), arriving on tick 6544.
0-1 started moving to GRID(0, 2), arriving on tick 6574.
7-1 started moving to GRID(0, 0), arriving on tick 6588.
2-1 started moving to GRID(2, 0), arriving on tick 6602.
4-1 started moving to GRID(2, 1), arriving on tick 6606.
0-1 started moving to GRID(1, 3), arriving on tick 6616.
2-1 started moving to GRID(1, 0), arriving on tick 6632.
4-1 started moving to GRID(1, 1), arriving on tick 6636.
0-1 started moving to GRID(1, 2), arriving on tick 6646.
7-1 started moving to GRID(0, 1), arriving on tick 6678.
7-1 started moving to GRID(0, 2), arriving on tick 6708.
2-1 started moving to GRID(0, 0), arriving on tick 6722.
4-1 started moving to GRID(2, 0), arriving on tick 6738.
0-1 started moving to GRID(2, 1), arriving on tick 6748.
7-1 started moving to GRID(1, 3), arriving on tick 6750.
4-1 started moving to GRID(1, 0), arriving on tick 6768.
0-1 started moving to GRID(1, 1), arriving on tick 6778.
7-1 started moving to GRID(1, 2), arriving on tick 6780.
2-1 started moving to GRID(0, 1), arriving on tick 6812.
2-1 started moving to GRID(0, 2), arriving on tick 6842.
4-1 started moving to GRID(0, 0), arriving on tick 6858.
0-1 started moving to GRID(2, 0), arriving on tick 6880.
7-1 started moving to GRID(2, 1), arriving on tick 6882.
2-1 started moving to GRID(1, 3), arriving on tick 6884.
0-1 started moving to GRID(1, 0), arriving on tick 6910.
7-1 started moving to GRID(1, 1), arriving on tick 6912.
2-1 started moving to GRID(1, 2), arriving on tick 6914.
4-1 started moving to GRID(0, 1), arriving on tick 6948.
4-1 started moving to GRID(0, 2), arriving on tick 6978.
0-1 started moving to GRID(0, 0), arriving on tick 7000.
7-1 started moving to GRID(2, 0), arriving on tick 7014.
2-1 started moving to GRID(2, 1), arriving on tick 7016.
4-1 started moving to GRID(1, 3), arriving on tick 7020.
7-1 started moving to GRID(1, 0), arriving on tick 7044.
2-1 started moving to GRID(1, 1), arriving on tick 7046.
4-1 started moving to GRID(1, 2), arriving on tick 7050.
0-1 started moving to GRID(0, 1), arriving on tick 7090.
0-1 started moving to GRID(0, 2), arriving on tick 7120.
7-1 started moving to GRID(0, 0), arriving on tick 7134.
2-1 started moving to GRID(2, 0), arriving on tick 7148.
4-1 started moving to GRID(2, 1), arriving on tick 7152.
0-1 started moving to GRID(1, 3), arriving on tick 7162.
2-1 started moving to GRID(1, 0), arriving on tick 7178.
4-1 started moving to GRID(1, 1), arriving on tick 7182.
0-1 started moving to GRID(1, 2), arriving on tick 7192.
7-1 started moving to GRID(0, 1), arriving on tick 7224.
7-1 started moving to GRID(0, 2), arriving on tick 7254.
2-1 started moving to GRID(0, 0), arriving on tick 7268.
4-1 started moving to GRID(2, 0), arriving on tick 7284.
0-1 started moving to GRID(2, 1), arriving on tick 7294.
7-1 started moving to GRID(1, 3), arriving on tick 7296.
4-1 started moving to GRID(1, 0), arriving on tick 7314.
0-1 started moving to GRID(1, 1), arriving on tick 7324.
7-1 started moving to GRID(1, 2), arriving on tick 7326.
2-1 started moving to GRID(0, 1), arriving on tick 7358.
2-1 started moving to GRID(0, 2), arriving on tick 7388.
4-1 started moving to GRID(0, 0), arriving on tick 7404.
0-1 started moving to GRID(2, 0), arriving on tick 7426.
7-1 started moving to GRID(2, 1), arriving on tick 7428.
2-1 started moving to GRID(1, 3), arriving on tick 7430.
0-1 started moving to GRID(1, 0), arriving on tick 7456.
7-1 started moving to GRID(1, 1), arriving on tick 7458.
2-1 started moving to GRID(1, 2), arriving on tick 7460.
4-1 started moving to GRID(0, 1), arriving on tick 7494.
4-1 started moving to GRID(0, 2), arriving on tick 7524.
0-1 started moving to GRID(0, 0), arriving on tick 7546.
7-1 started moving to GRID(2, 0), arriving on tick 7560.
2-1 started moving to GRID(2, 1), arriving on tick 7562.
4-1 started moving to GRID(1, 3), arriving on tick 7566.
7-1 started moving to GRID(1, 0), arriving on tick 7590.
2-1 started moving to GRID(1, 1), arriving on tick 7592.
4-1 started moving to GRID(1, 2), arriving on tick 7596.
0-1 started moving to GRID(0, 1), arriving on tick 7636.
0-1 started moving to GRID(0, 2), arriving on tick 7666.
7-1 started moving to GRID(0, 0), arriving on tick 7680.
2-1 started moving to GRID(2, 0), arriving on tick 7694.
4-1 started moving to GRID(2, 1), arriving on tick 7698.
0-1 started moving to GRID(1, 3), arriving on tick 7708.
2-1 started moving to GRID(1, 0), arriving on tick 7724.
4-1 started moving to GRID(1, 1), arriving on tick 7728.
0-1 started moving to GRID(1, 2), arriving on tick 7738.
7-1 started moving to GRID(0, 1), arriving on tick 7770.
7-1 started moving to GRID(0, 2), arriving on tick 7800.
2-1 started moving to GRID(0, 0), arriving on tick 7814.
4-1 started moving to GRID(2, 0), arriving on tick 7830.
0-1 started moving to GRID(2, 1), arriving on tick 7840.
7-1 started moving to GRID(1, 3), arriving on tick 7842.
4-1 started moving to GRID(1, 0), arriving on tick 7860.
0-1 started moving to GRID(1, 1), arriving on tick 7870.
7-1 started moving to GRID(1, 2), arriving on tick 7872.
2-1 started moving to GRID(0, 1), arriving on tick 7904.
2-1 started moving to GRID(0, 2), arriving on tick 7934.
4-1 started moving to GRID(0, 0), arriving on tick 7950.
0-1 started moving to GRID(2, 0), arriving on tick 7972.
7-1 started moving to GRID(2, 1), arriving on tick 7974.
2-1 started moving to GRID(1, 3), arriving on tick 7976.
0-1 started moving to GRID(1, 0), arriving on tick 8002.
7-1 started moving to GRID(1, 1), arriving on tick 8004.
2-1 started moving to GRID(1, 2), arriving on tick 8006.
4-1 started moving to GRID(0, 1), arriving on tick 8040.
4-1 started moving to GRID(0, 2), arriving on tick 8070.
0-1 started moving to GRID(0, 0), arriving on tick 8092.
7-1 started moving to GRID(2, 0), arriving on tick 8106.
2-1 started moving to GRID(2, 1), arriving on tick 8108.
4-1 started moving to GRID(1, 3), arriving on tick 8112.
7-1 started moving to GRID(1, 0), arriving on tick 8136.
2-1 started moving to GRID(1, 1), arriving on tick 8138.
4-1 started moving to GRID(1, 2), arriving on tick 8142.
0-1 started moving to GRID(0, 1), arriving on tick 8182.
0-1 started moving to GRID(0, 2), arriving on tick 8212.
7-1 started moving to GRID(0, 0), arriving on tick 8226.
2-1 started moving to GRID(2, 0), arriving on tick 8240.
4-1 started moving to GRID(2, 1), arriving on tick 8244.
0-1 started moving to GRID(1, 3), arriving on tick 8254.
2-1 started moving to GRID(1, 0), arriving on tick 8270.
4-1 started moving to GRID(1, 1), arriving on tick 8274.
0-1 started moving to GRID(1, 2), arriving on tick 8284.
7-1 started moving to GRID(0, 1), arriving on tick 8316.
7-1 started moving to GRID(0, 2), arriving on tick 8346.
2-1 started moving to GRID(0, 0), arriving on tick 8360.
4-1 started moving to GRID(2, 0), arriving on tick 8376.
0-1 started moving to GRID(2, 1), arriving on tick 8386.
7-1 started moving to GRID(1, 3), arriving on tick 8388.
4-1 started moving to GRID(1, 0), arriving on tick 8406.
0-1 started moving to GRID(1, 1), arriving on tick 8416.
7-1 started moving to GRID(1, 2), arriving on tick 8418.
2-1 started moving to GRID(0, 1), arriving on tick 8450.
2-1 started moving to GRID(0, 2), arriving on tick 8480.
4-1 started moving to GRID(0, 0), arriving on tick 8496.
0-1 started moving to GRID(2, 0), arriving on tick 8518.
7-1 started moving to GRID(2, 1), arriving on tick 8520.
2-1 started moving to GRID(1, 3), arriving on tick 8522.
0-1 started moving to GRID(1, 0), arriving on tick 8548.
7-1 started moving to GRID(1, 1), arriving on tick 8550.
2-1 started moving to GRID(1, 2), arriving on tick 8552.
4-1 started moving to GRID(0, 1), arriving on tick 8586.
4-1 started moving to GRID(0, 2), arriving on tick 8616.
0-1 started moving to GRID(0, 0), arriving on tick 8638.
7-1 started moving to GRID(2, 0), arriving on tick 8652.
2-1 started moving to GRID(2, 1), arriving on tick 8654.
4-1 started moving to GRID(1, 3), arriving on tick 8658.
7-1 started moving to GRID(1, 0), arriving on tick 8682.
2-1 started moving to GRID(1, 1), arriving on tick 8684.
4-1 started moving to GRID(1, 2), arriving on tick 8688.
0-1 started moving to GRID(0, 1), arriving on tick 8728.
0-1 started moving to GRID(0, 2), arriving on tick 8758.
7-1 started moving to GRID(0, 0), arriving on tick 8772.
2-1 started moving to GRID(2, 0), arriving on tick 8786.
4-1 started moving to GRID(2, 1), arriving on tick 8790.
0-1 started moving to GRID(1, 3), arriving on tick 8800.
2-1 started moving to GRID(1, 0), arriving on tick 8816.
4-1 started moving to GRID(1, 1), arriving on tick 8820.
0-1 started moving to GRID(1, 2), arriving on tick 8830.
7-1 started moving to GRID(0, 1), arriving on tick 8862.
7-1 started moving to GRID(0, 2), arriving on tick 8892.
2-1 started moving to GRID(0, 0), arriving on tick 8906.
4-1 started moving to GRID(2, 0), arriving on tick 8922.
0-1 started moving to GRID(2, 1), arriving on tick 8932.
7-1 started moving to GRID(1, 3), arriving on tick 8934.
4-1 started moving to GRID(1, 0), arriving on tick 8952.
0-1 started moving to GRID(1, 1), arriving on tick 8962.
7-1 started moving to GRID(1, 2), arriving on tick 8964.
2-1 started moving to GRID(0, 1), arriving on tick 8996.
2-1 started moving to GRID(0, 2), arriving on tick 9026.
4-1 started moving to GRID(0, 0), arriving on tick 9042.
0-1 started moving to GRID(2, 0), arriving on tick 9064.
7-1 started moving to GRID(2, 1), arriving on tick 9066.
2-1 started moving to GRID(1, 3), arriving on tick 9068.
0-1 started moving to GRID(1, 0), arriving on tick 9094.
7-1 started moving to GRID(1, 1), arriving on tick 9096.
2-1 started moving to GRID(1, 2), arriving on tick 9098.
4-1 started moving to GRID(0, 1), arriving on tick 9132.
4-1 started moving to GRID(0, 2), arriving on tick 9162.
0-1 started moving to GRID(0, 0), arriving on tick 9184.
7-1 started moving to GRID(2, 0), arriving on tick 9198.
2-1 started moving to GRID(2, 1), arriving on tick 9200.
4-1 started moving to GRID(1, 3), arriving on tick 9204.
7-1 started moving to GRID(1, 0), arriving on tick 9228.
2-1 started moving to GRID(1, 1), arriving on tick 9230.
4-1 started moving to GRID(1, 2), arriving on tick 9234.
0-1 started moving to GRID(0, 1), arriving on tick 9274.
0-1 started moving to GRID(0, 2), arriving on tick 9304.
7-1 started moving to GRID(0, 0), arriving on tick 9318.
2-1 started moving to GRID(2, 0), arriving on tick 9332.
4-1 started moving to GRID(2, 1), arriving on tick 9336.
0-1 started moving to GRID(1, 3), arriving on tick 9346.
2-1 started moving to GRID(1, 0), arriving on tick 9362.
4-1 started moving to GRID(1, 1), arriving on tick 9366.
0-1 started moving to GRID(1, 2), arriving on tick 9376.
7-1 started moving to GRID(0, 1), arriving on tick 9408.
7-1 started moving to GRID(0, 2), arriving on tick 9438.
2-1 started moving to GRID(0, 0), arriving on tick 9452.
4-1 started moving to GRID(2, 0), arriving on tick 9468.
0-1 started moving to GRID(2, 1), arriving on tick 9478.
7-1 started moving to GRID(1, 3), arriving on tick 9480.
4-1 started moving to GRID(1, 0), arriving on tick 9498.
0-1 started moving to GRID(1, 1), arriving on tick 9508.
7-1 started moving to GRID(1, 2), arriving on tick 9510.
2-1 started moving to GRID(0, 1), arriving on tick 9542.
2-1 started moving to GRID(0, 2), arriving on tick 9572.
4-1 started moving to GRID(0, 0), arriving on tick 9588.
0-1 started moving to GRID(2, 0), arriving on tick 9610.
7-1 started moving to GRID(2, 1), arriving on tick 9612.
2-1 started moving to GRID(1, 3), arriving on tick 9614.
0-1 started moving to GRID(1, 0), arriving on tick 9640.
7-1 started moving to GRID(1, 1), arriving on tick 9642.
2-1 started moving to GRID(1, 2), arriving on tick 9644.
4-1 started moving to GRID(0, 1), arriving on tick 9678.
4-1 started moving to GRID(0, 2), arriving on tick 9708.
0-1 started moving to GRID(0, 0), arriving on tick 9730.
7-1 started moving to GRID(2, 0), arriving on tick 9744.
2-1 started moving to GRID(2, 1), arriving on tick 9746.
4-1 started moving to GRID(1, 3), arriving on tick 9750.
7-1 started moving to GRID(1, 0), arriving on tick 9774.
2-1 started moving to GRID(1, 1), arriving on tick 9776.
4-1 started moving to GRID(1, 2), arriving on tick 9780.
0-1 started moving to GRID(0, 1), arriving on tick 9820.
0-1 started moving to GRID(0, 2), arriving on tick 9850.
7-1 started moving to GRID(0, 0), arriving on tick 9864.
2-1 started moving to GRID(2, 0), arriving on tick 9878.
4-1 started moving to GRID(2, 1), arriving on tick 9882.
0-1 started moving to GRID(1, 3), arriving on tick 9892.
2-1 started moving to GRID(1, 0), arriving on tick 9908.
4-1 started moving to GRID(1, 1), arriving on tick 9912.
0-1 started moving to GRID(1, 2), arriving on tick 9922.
7-1 started moving to GRID(0, 1), arriving on tick 9954.
7-1 started moving to GRID(0, 2), arriving on tick 9984.
2-1 started moving to GRID(0, 0), arriving on tick 9998.
4-1 started moving to GRID(2, 0), arriving on tick 10014.
0-1 started moving to GRID(2, 1), arriving on tick 10024.
7-1 started moving to GRID(1, 3), arriving on tick 10026.
4-1 started moving to GRID(1, 0), arriving on tick 10044.
0-1 started moving to GRID(1, 1), arriving on tick 10054.
7-1 started moving to GRID(1, 2), arriving on tick 10056.
2-1 started moving to GRID(0, 1), arriving on tick 10088.
2-1 started moving to GRID(0, 2), arriving on tick 10118.
4-1 started moving to GRID(0, 0), arriving on tick 10134.
0-1 started moving to GRID(2, 0), arriving on tick 10156.
7-1 started moving to GRID(2, 1), arriving on tick 10158.
2-1 started moving to GRID(1, 3), arriving on tick 10160.
0-1 started moving to GRID(1, 0), arriving on tick 10186.
7-1 started moving to GRID(1, 1), arriving on tick 10188.
2-1 started moving to GRID(1, 2), arriving on tick 10190.
4-1 started moving to GRID(0, 1), arriving on tick 10224.
4-1 started moving to GRID(0, 2), arriving on tick 10254.
0-1 started moving to GRID(0, 0), arriving on tick 10276.
7-1 started moving to GRID(2, 0), arriving on tick 10290.
2-1 started moving to GRID(2, 1), arriving on tick 10292.
4-1 started moving to GRID(1, 3), arriving on tick 10296.
7-1 started moving to GRID(1, 0), arriving on tick 10320.
2-1 started moving to GRID(1, 1), arriving on tick 10322.
4-1 started moving to GRID(1, 2), arriving on tick 10326.
0-1 started moving to GRID(0, 1), arriving on tick 10366.
0-1 started moving to GRID(0, 2), arriving on tick 10396.
7-1 started moving to GRID(0, 0), arriving on tick 10410.
2-1 started moving to GRID(2, 0), arriving on tick 10424.
4-1 started moving to GRID(2, 1), arriving on tick 10428.
0-1 started moving to GRID(1, 3), arriving on tick 10438.
2-1 started moving to GRID(1, 0), arriving on tick 10454.
4-1 started moving to GRID(1, 1), arriving on tick 10458.
0-1 started moving to GRID(1, 2), arriving on tick 10468.
7-1 started moving to GRID(0, 1), arriving on tick 10500.
7-1 started moving to GRID(0, 2), arriving on tick 10530.
2-1 started moving to GRID(0, 0), arriving on tick 10544.
4-1 started moving to GRID(2, 0), arriving on tick 10560.
0-1 started moving to GRID(2, 1), arriving on tick 10570.
7-1 started moving to GRID(1, 3), arriving on tick 10572.
4-1 started moving to GRID(1, 0), arriving on tick 10590.
0-1 started moving to GRID(1, 1), arriving on tick 10600.
7-1 started moving to GRID(1, 2), arriving on tick 10602.
2-1 started moving to GRID(0, 1), arriving on tick 10634.
2-1 started moving to GRID(0, 2), arriving on tick 10664.
4-1 started moving to GRID(0, 0), arriving on tick 10680.
0-1 started moving to GRID(2, 0), arriving on tick 10702.
7-1 started moving to GRID(2, 1), arriving on tick 10704.
2-1 started moving to GRID(1, 3), arriving on tick 10706.
0-1 started moving to GRID(1, 0), arriving on tick 10732.
7-1 started moving to GRID(1, 1), arriving on tick 10734.
2-1 started moving to GRID(1, 2), arriving on tick 10736.
4-1 started moving to GRID(0, 1), arriving on tick 10770.
4-1 started moving to GRID(0, 2), arriving on tick 10800.
0-1 started moving to GRID(0, 0), arriving on tick 10822.
7-1 started moving to GRID(2, 0), arriving on tick 10836.
2-1 started moving to GRID(2, 1), arriving on tick 10838.
4-1 started moving to GRID(1, 3), arriving on tick 10842.
7-1 started moving to GRID(1, 0), arriving on tick 10866.
2-1 started moving to GRID(1, 1), arriving on tick 10868.
4-1 started moving to GRID(1, 2), arriving on tick 10872.
0-1 started moving to GRID(0, 1), arriving on tick 10912.
0-1 started moving to GRID(0, 2), arriving on tick 10942.
7-1 started moving to GRID(0, 0), arriving on tick 10956.
2-1 started moving to GRID(2, 0), arriving on tick 10970.
4-1 started moving to GRID(2, 1), arriving on tick 10974.
0-1 started moving to GRID(1, 3), arriving on tick 10984.
2-1 started moving to GRID(1, 0), arriving on tick 11000.
4-1 started moving to GRID(1, 1), arriving on tick 11004.
0-1 started moving to GRID(1, 2), arriving on tick 11014.
7-1 started moving to GRID(0, 1), arriving on tick 11046.
7-1 started moving to GRID(0, 2), arriving on tick 11076.
2-1 started moving to GRID(0, 0), arriving on tick 11090.
4-1 started moving to GRID(2, 0), arriving on tick 11106.
0-1 started moving to GRID(2, 1), arriving on tick 11116.
7-1 started moving to GRID(1, 3), arriving on tick 11118.
4-1 started moving to GRID(1, 0), arriving on tick 11136.
0-1 started moving to GRID(1, 1), arriving on tick 11146.
7-1 started moving to GRID(1, 2), arriving on tick 11148.
2-1 started moving to GRID(0, 1), arriving on tick 11180.
2-1 started moving to GRID(0, 2), arriving on tick 11210.
4-1 started moving to GRID(0, 0), arriving on tick 11226.
0-1 started moving to GRID(2, 0), arriving on tick 11248.
7-1 started moving to GRID(2, 1), arriving on tick 11250.
2-1 started moving to GRID(1, 3), arriving on tick 11252.
0-1 started moving to GRID(1, 0), arriving on tick 11278.
7-1 started moving to GRID(1, 1), arriving on tick 11280.
2-1 started moving to GRID(1, 2), arriving on tick 11282.
4-1 started moving to GRID(0, 1), arriving on tick 11316.
4-1 started moving to GRID(0, 2), arriving on tick 11346.
0-1 started moving to GRID(0, 0), arriving on tick 11368.
7-1 started moving to GRID(2, 0), arriving on tick 11382.
2-1 started moving to GRID(2, 1), arriving on tick 11384.
4-1 started moving to GRID(1, 3), arriving on tick 11388.
7-1 started moving to GRID(1, 0), arriving on tick 11412.
2-1 started moving to GRID(1, 1), arriving on tick 11414.
4-1 started moving to GRID(1, 2), arriving on tick 11418.
0-1 started moving to GRID(0, 1), arriving on tick 11458.
0-1 started moving to GRID(0, 2), arriving on tick 11488.
7-1 started moving to GRID(0, 0), arriving on tick 11502.
2-1 started moving to GRID(2, 0), arriving on tick 11516.
4-1 started moving to GRID(2, 1), arriving on tick 11520.
0-1 started moving to GRID(1, 3), arriving on tick 11530.
2-1 started moving to GRID(1, 0), arriving on tick 11546.
4-1 started moving to GRID(1, 1), arriving on tick 11550.
0-1 started moving to GRID(1, 2), arriving on tick 11560.
7-1 started moving to GRID(0, 1), arriving on tick 11592.
7-1 started moving to GRID(0, 2), arriving on tick 11622.
2-1 started moving to GRID(0, 0), arriving on tick 11636.
4-1 started moving to GRID(2, 0), arriving on tick 11652.
0-1 started moving to GRID(2, 1), arriving on tick 11662.
7-1 started moving to GRID(1, 3), arriving on tick 11664.
4-1 started moving to GRID(1, 0), arriving on tick 11682.
0-1 started moving to GRID(1, 1), arriving on tick 11692.
7-1 started moving to GRID(1, 2), arriving on tick 11694.
2-1 started moving to GRID(0, 1), arriving on tick 11726.
2-1 started moving to GRID(0, 2), arriving on tick 11756.
4-1 started moving to GRID(0, 0), arriving on tick 11772.
0-1 started moving to GRID(2, 0), arriving on tick 11794.
7-1 started moving to GRID(2, 1), arriving on tick 11796.
2-1 started moving to GRID(1, 3), arriving on tick 11798.
0-1 started moving to GRID(1, 0), arriving on tick 11824.
7-1 started moving to GRID(1, 1), arriving on tick 11826.
2-1 started moving to GRID(1, 2), arriving on tick 11828.
4-1 started moving to GRID(0, 1), arriving on tick 11862.
4-1 started moving to GRID(0, 2), arriving on tick 11892.
0-1 started moving to GRID(0, 0), arriving on tick 11914.
7-1 started moving to GRID(2, 0), arriving on tick 11928.
2-1 started moving to GRID(2, 1), arriving on tick 11930.
4-1 started moving to GRID(1, 3), arriving on tick 11934.
7-1 started moving to GRID(1, 0), arriving on tick 11958.
2-1 started moving to GRID(1, 1), arriving on tick 11960.
4-1 started moving to GRID(1, 2), arriving on tick 11964.
0-1 started moving to GRID(0, 1), arriving on tick 12004.
0-1 started moving to GRID(0, 2), arriving on tick 12034.
7-1 started moving to GRID(0, 0), arriving on tick 12048.
2-1 started moving to GRID(2, 0), arriving on tick 12062.
4-1 started moving to GRID(2, 1), arriving on tick 12066.
0-1 started moving to GRID(1, 3), arriving on tick 12076.
2-1 started moving to GRID(1, 0), arriving on tick 12092.
4-1 started moving to GRID(1, 1), arriving on tick 12096.
0-1 started moving to GRID(1, 2), arriving on tick 12106.
7-1 started moving to GRID(0, 1), arriving on tick 12138.
7-1 started moving to GRID(0, 2), arriving on tick 12168.
2-1 started moving to GRID(0, 0), arriving on tick 12182.
4-1 started moving to GRID(2, 0), arriving on tick 12198.
0-1 started moving to GRID(2, 1), arriving on tick 12208.
7-1 started moving to GRID(1, 3), arriving on tick 12210.
4-1 started moving to GRID(1, 0), arriving on tick 12228.
0-1 started moving to GRID(1, 1), arriving on tick 12238.
7-1 started moving to GRID(1, 2), arriving on tick 12240.
2-1 started moving to GRID(0, 1), arriving on tick 12272.
2-1 started moving to GRID(0, 2), arriving on tick 12302.
4-1 started moving to GRID(0, 0), arriving on tick 12318.
0-1 started moving to GRID(2, 0), arriving on tick 12340.
7-1 started moving to GRID(2, 1), arriving on tick 12342.
2-1 started moving to GRID(1, 3), arriving on tick 12344.
0-1 started moving to GRID(1, 0), arriving on tick 12370.
7-1 started moving to GRID(1, 1), arriving on tick 12372.
2-1 started moving to GRID(1, 2), arriving on tick 12374.
4-1 started moving to GRID(0, 1), arriving on tick 12408.
4-1 started moving to GRID(0, 2), arriving on tick 12438.
0-1 started moving to GRID(0, 0), arriving on tick 12460.
7-1 started moving to GRID(2, 0), arriving on tick 12474.
2-1 started moving to GRID(2, 1), arriving on tick 12476.
4-1 started moving to GRID(1, 3), arriving on tick 12480.
7-1 started moving to GRID(1, 0), arriving on tick 12504.
2-1 started moving to GRID(1, 1), arriving on tick 12506.
4-1 started moving to GRID(1, 2), arriving on tick 12510.
0-1 started moving to GRID(0, 1), arriving on tick 12550.
0-1 started moving to GRID(0, 2), arriving on tick 12580.
7-1 started moving to GRID(0, 0), arriving on tick 12594.
2-1 started moving to GRID(2, 0), arriving on tick 12608.
4-1 started moving to GRID(2, 1), arriving on tick 12612.
0-1 started moving to GRID(1, 3), arriving on tick 12622.
2-1 started moving to GRID(1, 0), arriving on tick 12638.
4-1 started moving to GRID(1, 1), arriving on tick 12642.
0-1 started moving to GRID(1, 2), arriving on tick 12652.
7-1 started moving to GRID(0, 1), arriving on tick 12684.
7-1 started moving to GRID(0, 2), arriving on tick 12714.
2-1 started moving to GRID(0, 0), arriving on tick 12728.
4-1 started moving to GRID(2, 0), arriving on tick 12744.
0-1 started moving to GRID(2, 1), arriving on tick 12754.
7-1 started moving to GRID(1, 3), arriving on tick 12756.
4-1 started moving to GRID(1, 0), arriving on tick 12774.
0-1 started moving to GRID(1, 1), arriving on tick 12784.
7-1 started moving to GRID(1, 2), arriving on tick 12786.
2-1 started moving to GRID(0, 1), arriving on tick 12818.
2-1 started moving to GRID(0, 2), arriving on tick 12848.
4-1 started moving to GRID(0, 0), arriving on tick 12864.
0-1 started moving to GRID(2, 0), arriving on tick 12886.
7-1 started moving to GRID(2, 1), arriving on tick 12888.
2-1 started moving to GRID(1, 3), arriving on tick 12890.
0-1 started moving to GRID(1, 0), arriving on tick 12916.
7-1 started moving to GRID(1, 1), arriving on tick 12918.
2-1 started moving to GRID(1, 2), arriving on tick 12920.
4-1 started moving to GRID(0, 1), arriving on tick 12954.
4-1 started moving to GRID(0, 2), arriving on tick 12984.
0-1 started moving to GRID(0, 0), arriving on tick 13006.
7-1 started moving to GRID(2, 0), arriving on tick 13020.
2-1 started moving to GRID(2, 1), arriving on tick 13022.
4-1 started moving to GRID(1, 3), arriving on tick 13026.
7-1 started moving to GRID(1, 0), arriving on tick 13050.
2-1 started moving to GRID(1, 1), arriving on tick 13052.
4-1 started moving to GRID(1, 2), arriving on tick 13056.
0-1 started moving to GRID(0, 1), arriving on tick 13096.
0-1 started moving to GRID(0, 2), arriving on tick 13126.
7-1 started moving to GRID(0, 0), arriving on tick 13140.
2-1 started moving to GRID(2, 0), arriving on tick 13154.
4-1 started moving to GRID(2, 1), arriving on tick 13158.
0-1 started moving to GRID(1, 3), arriving on tick 13168.
2-1 started moving to GRID(1, 0), arriving on tick 13184.
4-1 started moving to GRID(1, 1), arriving on tick 13188.
0-1 started moving to GRID(1, 2), arriving on tick 13198.
7-1 started moving to GRID(0, 1), arriving on tick 13230.
7-1 started moving to GRID(0, 2), arriving on tick 13260.
2-1 started moving to GRID(0, 0), arriving on tick 13274.
4-1 started moving to GRID(2, 0), arriving on tick 13290.
0-1 started moving to GRID(2, 1), arriving on tick 13300.
7-1 started moving to GRID(1, 3), arriving on tick 13302.
4-1 started moving to GRID(1, 0), arriving on tick 13320.
0-1 started moving to GRID(1, 1), arriving on tick 13330.
7-1 started moving to GRID(1, 2), arriving on tick 13332.
2-1 started moving to GRID(0, 1), arriving on tick 13364.
2-1 started moving to GRID(0, 2), arriving on tick 13394.
4-1 started moving to GRID(0, 0), arriving on tick 13410.
0-1 started moving to GRID(2, 0), arriving on tick 13432.
7-1 started moving to GRID(2, 1), arriving on tick 13434.
2-1 started moving to GRID(1, 3), arriving on tick 13436.
0-1 started moving to GRID(1, 0), arriving on tick 13462.
7-1 started moving to GRID(1, 1), arriving on tick 13464.
2-1 started moving to GRID(1, 2), arriving on tick 13466.
4-1 started moving to GRID(0, 1), arriving on tick 13500.
4-1 started moving to GRID(0, 2), arriving on tick 13530.
0-1 started moving to GRID(0, 0), arriving on tick 13552.
7-1 started moving to GRID(2, 0), arriving on tick 13566.
2-1 started moving to GRID(2, 1), arriving on tick 13568.
4-1 started moving to GRID(1, 3), arriving on tick 13572.
7-1 started moving to GRID(1, 0), arriving on tick 13596.
2-1 started moving to GRID(1, 1), arriving on tick 13598.
4-1 started moving to GRID(1, 2), arriving on tick 13602.
0-1 started moving to GRID(0, 1), arriving on tick 13642.
0-1 started moving to GRID(0, 2), arriving on tick 13672.
7-1 started moving to GRID(0, 0), arriving on tick 13686.
2-1 started moving to GRID(2, 0), arriving on tick 13700.
4-1 started moving to GRID(2, 1), arriving on tick 13704.
0-1 started moving to GRID(1, 3), arriving on tick 13714.
2-1 started moving to GRID(1, 0), arriving on tick 13730.
4-1 started moving to GRID(1, 1), arriving on tick 13734.
0-1 started moving to GRID(1, 2), arriving on tick 13744.
7-1 started moving to GRID(0, 1), arriving on tick 13776.
7-1 started moving to GRID(0, 2), arriving on tick 13806.
2-1 started moving to GRID(0, 0), arriving on tick 13820.
4-1 started moving to GRID(2, 0), arriving on tick 13836.
0-1 started moving to GRID(2, 1), arriving on tick 13846.
7-1 started moving to GRID(1, 3), arriving on tick 13848.
4-1 started moving to GRID(1, 0), arriving on tick 13866.
0-1 started moving to GRID(1, 1), arriving on tick 13876.
7-1 started moving to GRID(1, 2), arriving on tick 13878.
2-1 started moving to GRID(0, 1), arriving on tick 13910.
2-1 started moving to GRID(0, 2), arriving on tick 13940.
4-1 started moving to GRID(0, 0), arriving on tick 13956.
0-1 started moving to GRID(2, 0), arriving on tick 13978.
7-1 started moving to GRID(2, 1), arriving on tick 13980.
2-1 started moving to GRID(1, 3), arriving on tick 13982.
0-1 started moving to GRID(1, 0), arriving on tick 14008.
7-1 started moving to GRID(1, 1), arriving on tick 14010.
2-1 started moving to GRID(1, 2), arriving on tick 14012.
4-1 started moving to GRID(0, 1), arriving on tick 14046.
4-1 started moving to GRID(0, 2), arriving on tick 14076.
0-1 started moving to GRID(0, 0), arriving on tick 14098.
7-1 started moving to GRID(2, 0), arriving on tick 14112.
2-1 started moving to GRID(2, 1), arriving on tick 14114.
4-1 started moving to GRID(1, 3), arriving on tick 14118.
7-1 started moving to GRID(1, 0), arriving on tick 14142.
2-1 started moving to GRID(1, 1), arriving on tick 14144.
4-1 started moving to GRID(1, 2), arriving on tick 14148.
0-1 started moving to GRID(0, 1), arriving on tick 14188.
0-1 started moving to GRID(0, 2), arriving on tick 14218.
7-1 started moving to GRID(0, 0), arriving on tick 14232.
2-1 started moving to GRID(2, 0), arriving on tick 14246.
4-1 started moving to GRID(2, 1), arriving on tick 14250.
0-1 started moving to GRID(1, 3), arriving on tick 14260.
2-1 started moving to GRID(1, 0), arriving on tick 14276.
4-1 started moving to GRID(1, 1), arriving on tick 14280.
0-1 started moving to GRID(1, 2), arriving on tick 14290.
7-1 started moving to GRID(0, 1), arriving on tick 14322.
7-1 started moving to GRID(0, 2), arriving on tick 14352.
2-1 started moving to GRID(0, 0), arriving on tick 14366.
4-1 started moving to GRID(2, 0), arriving on tick 14382.
0-1 started moving to GRID(2, 1), arriving on tick 14392.
7-1 started moving to GRID(1, 3), arriving on tick 14394.
4-1 started moving to GRID(1, 0), arriving on tick 14412.
0-1 started moving to GRID(1, 1), arriving on tick 14422.
7-1 started moving to GRID(1, 2), arriving on tick 14424.
2-1 started moving to GRID(0, 1), arriving on tick 14456.
2-1 started moving to GRID(0, 2), arriving on tick 14486.
4-1 started moving to GRID(0, 0), arriving on tick 14502.
0-1 started moving to GRID(2, 0), arriving on tick 14524.
7-1 started moving to GRID(2, 1), arriving on tick 14526.
2-1 started moving to GRID(1, 3), arriving on tick 14528.
0-1 started moving to GRID(1, 0), arriving on tick 14554.
7-1 started moving to GRID(1, 1), arriving on tick 14556.
2-1 started moving to GRID(1, 2), arriving on tick 14558.
4-1 started moving to GRID(0, 1), arriving on tick 14592.
4-1 started moving to GRID(0, 2), arriving on tick 14622.
0-1 started moving to GRID(0, 0), arriving on tick 14644.
7-1 started moving to GRID(2, 0), arriving on tick 14658.
2-1 started moving to GRID(2, 1), arriving on tick 14660.
4-1 started moving to GRID(1, 3), arriving on tick 14664.
7-1 started moving to GRID(1, 0), arriving on tick 14688.
2-1 started moving to GRID(1, 1), arriving on tick 14690.
4-1 started moving to GRID(1, 2), arriving on tick 14694.
0-1 started moving to GRID(0, 1), arriving on tick 14734.
0-1 started moving to GRID(0, 2), arriving on tick 14764.
7-1 started moving to GRID(0, 0), arriving on tick 14778.
2-1 started moving to GRID(2, 0), arriving on tick 14792.
4-1 started moving to GRID(2, 1), arriving on tick 14796.
0-1 started moving to GRID(1, 3), arriving on tick 14806.
2-1 started moving to GRID(1, 0), arriving on tick 14822.
4-1 started moving to GRID(1, 1), arriving on tick 14826.
0-1 started moving to GRID(1, 2), arriving on tick 14836.
7-1 started moving to GRID(0, 1), arriving on tick 14868.
7-1 started moving to GRID(0, 2), arriving on tick 14898.
2-1 started moving to GRID(0, 0), arriving on tick 14912.
4-1 started moving to GRID(2, 0), arriving on tick 14928.
0-1 started moving to GRID(2, 1), arriving on tick 14938.
7-1 started moving to GRID(1, 3), arriving on tick 14940.
4-1 started moving to GRID(1, 0), arriving on tick 14958.
0-1 started moving to GRID(1, 1), arriving on tick 14968.
7-1 started moving to GRID(1, 2), arriving on tick 14970.
2-1 started moving to GRID(0, 1), arriving on tick 15002.
2-1 started moving to GRID(0, 2), arriving on tick 15032.
4-1 started moving to GRID(0, 0), arriving on tick 15048.
0-1 started moving to GRID(2, 0), arriving on tick 15070.
7-1 started moving to GRID(2, 1), arriving on tick 15072.
2-1 started moving to GRID(1, 3), arriving on tick 15074.
0-1 started moving to GRID(1, 0), arriving on tick 15100.
7-1 started moving to GRID(1, 1), arriving on tick 15102.
2-1 started moving to GRID(1, 2), arriving on tick 15104.
4-1 started moving to GRID(0, 1), arriving on tick 15138.
4-1 started moving to GRID(0, 2), arriving on tick 15168.
0-1 started moving to GRID(0, 0), arriving on tick 15190.
7-1 started moving to GRID(2, 0), arriving on tick 15204.
2-1 started moving to GRID(2, 1), arriving on tick 15206.
4-1 started moving to GRID(1, 3), arriving on tick 15210.
7-1 started moving to GRID(1, 0), arriving on tick 15234.
2-1 started moving to GRID(1, 1), arriving on tick 15236.
4-1 started moving to GRID(1, 2), arriving on tick 15240.
0-1 started moving to GRID(0, 1), arriving on tick 15280.
0-1 started moving to GRID(0, 2), arriving on tick 15310.
7-1 started moving to GRID(0, 0), arriving on tick 15324.
2-1 started moving to GRID(2, 0), arriving on tick 15338.
4-1 started moving to GRID(2, 1), arriving on tick 15342.
0-1 started moving to GRID(1, 3), arriving on tick 15352.
2-1 started moving to GRID(1, 0), arriving on tick 15368.
4-1 started moving to GRID(1, 1), arriving on tick 15372.
0-1 started moving to GRID(1, 2), arriving on tick 15382.
7-1 started moving to GRID(0, 1), arriving on tick 15414.
7-1 started moving to GRID(0, 2), arriving on tick 15444.
2-1 started moving to GRID(0, 0), arriving on tick 15458.
4-1 started moving to GRID(2, 0), arriving on tick 15474.
0-1 started moving to GRID(2, 1), arriving on tick 15484.
7-1 started moving to GRID(1, 3), arriving on tick 15486.
4-1 started moving to GRID(1, 0), arriving on tick 15504.
0-1 started moving to GRID(1, 1), arriving on tick 15514.
7-1 started moving to GRID(1, 2), arriving on tick 15516.
2-1 started moving to GRID(0, 1), arriving on tick 15548.
2-1 started moving to GRID(0, 2), arriving on tick 15578.
4-1 started moving to GRID(0, 0), arriving on tick 15594.
0-1 started moving to GRID(2, 0), arriving on tick 15616.
7-1 started moving to GRID(2, 1), arriving on tick 15618.
2-1 started moving to GRID(1, 3), arriving on tick 15620.
0-1 started moving to GRID(1, 0), arriving on tick 15646.
7-1 started moving to GRID(1, 1), arriving on tick 15648.
2-1 started moving to GRID(1, 2), arriving on tick 15650.
4-1 started moving to GRID(0, 1), arriving on tick 15684.
4-1 started moving to GRID(0, 2), arriving on tick 15714.
0-1 started moving to GRID(0, 0), arriving on tick 15736.
7-1 started moving to GRID(2, 0), arriving on tick 15750.
2-1 started moving to GRID(2, 1), arriving on tick 15752.
4-1 started moving to GRID(1, 3), arriving on tick 15756.
7-1 started moving to GRID(1, 0), arriving on tick 15780.
2-1 started moving to GRID(1, 1), arriving on tick 15782.
4-1 started moving to GRID(1, 2), arriving on tick 15786.
0-1 started moving to GRID(0, 1), arriving on tick 15826.
0-1 started moving to GRID(0, 2), arriving on tick 15856.
7-1 started moving to GRID(0, 0), arriving on tick 15870.
2-1 started moving to GRID(2, 0), arriving on tick 15884.
4-1 started moving to GRID(2, 1), arriving on tick 15888.
0-1 started moving to GRID(1, 3), arriving on tick 15898.
2-1 started moving to GRID(1, 0), arriving on tick 15914.
4-1 started moving to GRID(1, 1), arriving on tick 15918.
0-1 started moving to GRID(1, 2), arriving on tick 15928.
7-1 started moving to GRID(0, 1), arriving on tick 15960.
7-1 started moving to GRID(0, 2), arriving on tick 15990.
2-1 started moving to GRID(0, 0), arriving on tick 16004.
4-1 started moving to GRID(2, 0), arriving on tick 16020.
0-1 started moving to GRID(2, 1), arriving on tick 16030.
7-1 started moving to GRID(1, 3), arriving on tick 16032.
4-1 started moving to GRID(1, 0), arriving on tick 16050.
0-1 started moving to GRID(1, 1), arriving on tick 16060.
7-1 started moving to GRID(1, 2), arriving on tick 16062.
2-1 started moving to GRID(0, 1), arriving on tick 16094.
2-1 started moving to GRID(0, 2), arriving on tick 16124.
4-1 started moving to GRID(0, 0), arriving on tick 16140.
0-1 started moving to GRID(2, 0), arriving on tick 16162.
7-1 started moving to GRID(2, 1), arriving on tick 16164.
2-1 started moving to GRID(1, 3), arriving on tick 16166.
0-1 started moving to GRID(1, 0), arriving on tick 16192.
7-1 started moving to GRID(1, 1), arriving on tick 16194.
2-1 started moving to GRID(1, 2), arriving on tick 16196.
4-1 started moving to GRID(0, 1), arriving on tick 16230.
4-1 started moving to GRID(0, 2), arriving on tick 16260.
0-1 started moving to GRID(0, 0), arriving on tick 16282.
7-1 started moving to GRID(2, 0), arriving on tick 16296.
2-1 started moving to GRID(2, 1), arriving on tick 16298.
4-1 started moving to GRID(1, 3), arriving on tick 16302.
7-1 started moving to GRID(1, 0), arriving on tick 16326.
2-1 started moving to GRID(1, 1), arriving on tick 16328.
4-1 started moving to GRID(1, 2), arriving on tick 16332.
0-1 started moving to GRID(0, 1), arriving on tick 16372.
0-1 started moving to GRID(0, 2), arriving on tick 16402.
7-1 started moving to GRID(0, 0), arriving on tick 16416.
2-1 started moving to GRID(2, 0), arriving on tick 16430.
4-1 started moving to GRID(2, 1), arriving on tick 16434.
0-1 started moving to GRID(1, 3), arriving on tick 16444.
2-1 started moving to GRID(1, 0), arriving on tick 16460.
4-1 started moving to GRID(1, 1), arriving on tick 16464.
0-1 started moving to GRID(1, 2), arriving on tick 16474.
7-1 started moving to GRID(0, 1), arriving on tick 16506.
7-1 started moving to GRID(0, 2), arriving on tick 16536.
2-1 started moving to GRID(0, 0), arriving on tick 16550.
4-1 started moving to GRID(2, 0), arriving on tick 16566.
0-1 started moving to GRID(2, 1), arriving on tick 16576.
7-1 started moving to GRID(1, 3), arriving on tick 16578.
4-1 started moving to GRID(1, 0), arriving on tick 16596.
0-1 started moving to GRID(1, 1), arriving on tick 16606.
7-1 started moving to GRID(1, 2), arriving on tick 16608.
2-1 started moving to GRID(0, 1), arriving on tick 16640.
2-1 started moving to GRID(0, 2), arriving on tick 16670.
4-1 started moving to GRID(0, 0), arriving on tick 16686.
0-1 started moving to GRID(2, 0), arriving on tick 16708.
7-1 started moving to GRID(2, 1), arriving on tick 16710.
2-1 started moving to GRID(1, 3), arriving on tick 16712.
0-1 started moving to GRID(1, 0), arriving on tick 16738.
7-1 started moving to GRID(1, 1), arriving on tick 16740.
2-1 started moving to GRID(1, 2), arriving on tick 16742.
4-1 started moving to GRID(0, 1), arriving on tick 16776.
4-1 started moving to GRID(0, 2), arriving on tick 16806.
0-1 started moving to GRID(0, 0), arriving on tick 16828.
7-1 started moving to GRID(2, 0), arriving on tick 16842.
2-1 started moving to GRID(2, 1), arriving on tick 16844.
4-1 started moving to GRID(1, 3), arriving on tick 16848.
7-1 started moving to GRID(1, 0), arriving on tick 16872.
2-1 started moving to GRID(1, 1), arriving on tick 16874.
4-1 started moving to GRID(1, 2), arriving on tick 16878.
0-1 started moving to GRID(0, 1), arriving on tick 16918.
0-1 started moving to GRID(0, 2), arriving on tick 16948.
7-1 started moving to GRID(0, 0), arriving on tick 16962.
2-1 started moving to GRID(2, 0), arriving on tick 16976.
4-1 started moving to GRID(2, 1), arriving on tick 16980.
0-1 started moving to GRID(1, 3), arriving on tick 16990.
2-1 started moving to GRID(1, 0), arriving on tick 17006.
4-1 started moving to GRID(1, 1), arriving on tick 17010.
0-1 started moving to GRID(1, 2), arriving on tick 17020.
7-1 started moving to GRID(0, 1), arriving on tick 17052.
7-1 started moving to GRID(0, 2), arriving on tick 17082.
2-1 started moving to GRID(0, 0), arriving on tick 17096.
4-1 started moving to GRID(2, 0), arriving on tick 17112.
0-1 started moving to GRID(2, 1), arriving on tick 17122.
7-1 started moving to GRID(1, 3), arriving on tick 17124.
4-1 started moving to GRID(1, 0), arriving on tick 17142.
0-1 started moving to GRID(1, 1), arriving on tick 17152.
7-1 started moving to GRID(1, 2), arriving on tick 17154.
2-1 started moving to GRID(0, 1), arriving on tick 17186.
2-1 started moving to GRID(0, 2), arriving on tick 17216.
4-1 started moving to GRID(0, 0), arriving on tick 17232.
0-1 started moving to GRID(2, 0), arriving on tick 17254.
7-1 started moving to GRID(2, 1), arriving on tick 17256.
2-1 started moving to GRID(1, 3), arriving on tick 17258.
0-1 started moving to GRID(1, 0), arriving on tick 17284.
7-1 started moving to GRID(1, 1), arriving on tick 17286.
2-1 started moving to GRID(1, 2), arriving on tick 17288.
4-1 started moving to GRID(0, 1), arriving on tick 17322.
4-1 started moving to GRID(0, 2), arriving on tick 17352.
0-1 started moving to GRID(0, 0), arriving on tick 17374.
7-1 started moving to GRID(2, 0), arriving on tick 17388.
2-1 started moving to GRID(2, 1), arriving on tick 17390.
4-1 started moving to GRID(1, 3), arriving on tick 17394.
7-1 started moving to GRID(1, 0), arriving on tick 17418.
2-1 started moving to GRID(1, 1), arriving on tick 17420.
4-1 started moving to GRID(1, 2), arriving on tick 17424.
0-1 started moving to GRID(0, 1), arriving on tick 17464.
0-1 started moving to GRID(0, 2), arriving on tick 17494.
7-1 started moving to GRID(0, 0), arriving on tick 17508.
2-1 started moving to GRID(2, 0), arriving on tick 17522.
4-1 started moving to GRID(2, 1), arriving on tick 17526.
0-1 started moving to GRID(1, 3), arriving on tick 17536.
2-1 started moving to GRID(1, 0), arriving on tick 17552.
4-1 started moving to GRID(1, 1), arriving on tick 17556.
0-1 started moving to GRID(1, 2), arriving on tick 17566.
7-1 started moving to GRID(0, 1), arriving on tick 17598.
7-1 started moving to GRID(0, 2), arriving on tick 17628.
2-1 started moving to GRID(0, 0), arriving on tick 17642.
4-1 started moving to GRID(2, 0), arriving on tick 17658.
0-1 started moving to GRID(2, 1), arriving on tick 17668.
7-1 started moving to GRID(1, 3), arriving on tick 17670.
4-1 started moving to GRID(1, 0), arriving on tick 17688.
0-1 started moving to GRID(1, 1), arriving on tick 17698.
7-1 started moving to GRID(1, 2), arriving on tick 17700.
2-1 started moving to GRID(0, 1), arriving on tick 17732.
2-1 started moving to GRID(0, 2), arriving on tick 17762.
4-1 started moving to GRID(0, 0), arriving on tick 17778.
0-1 started moving to GRID(2, 0), arriving on tick 17800.
7-1 started moving to GRID(2, 1), arriving on tick 17802.
2-1 started moving to GRID(1, 3), arriving on tick 17804.
0-1 started moving to GRID(1, 0), arriving on tick 17830.
7-1 started moving to GRID(1, 1), arriving on tick 17832.
2-1 started moving to GRID(1, 2), arriving on tick 17834.
4-1 started moving to GRID(0, 1), arriving on tick 17868.
4-1 started moving to GRID(0, 2), arriving on tick 17898.
0-1 started moving to GRID(0, 0), arriving on tick 17920.
7-1 started moving to GRID(2, 0), arriving on tick 17934.
2-1 started moving to GRID(2, 1), arriving on tick 17936.
4-1 started moving to GRID(1, 3), arriving on tick 17940.
7-1 started moving to GRID(1, 0), arriving on tick 17964.
2-1 started moving to GRID(1, 1), arriving on tick 17966.
4-1 started moving to GRID(1, 2), arriving on tick 17970.
0-1 started moving to GRID(0, 1), arriving on tick 18010.
