[
	(EntityID(0, 1), Knight)
	(EntityID(1, 1), Mage)
	(EntityID(2, 1), Knight)
	(EntityID(3, 1), Knight)
	(EntityID(4, 1), Ranger)
	(EntityID(5, 1), Knight)
]

START OF EVENT TRANSCRIPT
1-1 attacked 5-1 for 2 damage.
4-1 attacked 2-1 for 8 damage.
0-1 started moving to GRID(2, 1), arriving on tick 42.
2-1 started moving to GRID(3, 0), arriving on tick 30.
3-1 started moving to GRID(8, 3), arriving on tick 30.
5-1 started moving to GRID(5, 4), arriving on tick 30.
2-1 started moving to GRID(4, 0), arriving on tick 60.
3-1 started moving to GRID(7, 3), arriving on tick 60.
5-1 started moving to GRID(4, 4), arriving on tick 60.
0-1 started moving to GRID(3, 1), arriving on tick 72.
4-1 attacked 2-1 for 8 damage.
1-1 attacked 5-1 for 2 damage.
3-1 started moving to GRID(6, 3), arriving on tick 90.
0-1 started moving to GRID(4, 1), arriving on tick 102.
4-1 attacked 2-1 for 8 damage.
3-1 started moving to GRID(5, 3), arriving on tick 120.
1-1 attacked 5-1 for 2 damage.
0-1 started moving to GRID(5, 1), arriving on tick 132.
2-1 attacked 4-1 for 10 damage.
5-1 attacked 1-1 for 10 damage.
3-1 started moving to GRID(4, 3), arriving on tick 150.
4-1 attacked 2-1 for 8 damage.
1-1 cast Chain Lightning, affecting [EntityID(5, 1), EntityID(4, 1), EntityID(3, 1)].
5-1 took 13 damage.
4-1 took 15 damage.
3-1 took 13 damage.
3-1 started moving to GRID(3, 3), arriving on tick 180.
2-1 attacked 4-1 for 10 damage.
5-1 attacked 1-1 for 10 damage.
4-1 attacked 2-1 for 18 damage.
0-1 attacked 4-1 for 10 damage.
1-1 attacked 5-1 for 2 damage.
4-1 attacked 2-1 for 18 damage.
2-1 attacked 4-1 for 10 damage.
5-1 attacked 1-1 for 10 damage.
3-1 attacked 1-1 for 10 damage.
1-1 attacked 5-1 for 2 damage.
0-1 attacked 4-1 for 10 damage.
4-1 attacked 2-1 for 8 damage.
4-1 died.
2-1 attacked 4-1 for 10 damage.
1-1 died.
5-1 attacked 1-1 for 10 damage.
3-1 started moving to GRID(4, 2), arriving on tick 342.
0-1 started moving to GRID(5, 2), arriving on tick 342.
3-1 started moving to GRID(3, 1), arriving on tick 384.
0-1 started moving to GRID(4, 3), arriving on tick 384.
2-1 started moving to GRID(5, 1), arriving on tick 402.
5-1 started moving to GRID(5, 3), arriving on tick 402.
3-1 started moving to GRID(2, 1), arriving on tick 414.
0-1 started moving to GRID(3, 2), arriving on tick 426.
2-1 started moving to GRID(4, 1), arriving on tick 432.
5-1 started moving to GRID(5, 2), arriving on tick 432.
3-1 started moving to GRID(1, 0), arriving on tick 456.
0-1 started moving to GRID(2, 2), arriving on tick 456.
2-1 started moving to GRID(3, 1), arriving on tick 462.
5-1 started moving to GRID(4, 2), arriving on tick 462.
0-1 started moving to GRID(1, 1), arriving on tick 498.
2-1 started moving to GRID(2, 0), arriving on tick 504.
5-1 started moving to GRID(3, 2), arriving on tick 492.
5-1 started moving to GRID(2, 1), arriving on tick 534.
0-1 started moving to GRID(0, 0), arriving on tick 540.
3-1 attacked 0-1 for 8 damage.
0-1 started moving to GRID(0, 1), arriving on tick 570.
2-1 attacked 3-1 for 8 damage.
0-1 started moving to GRID(1, 1), arriving on tick 600.
3-1 started moving to GRID(0, 0), arriving on tick 606.
5-1 attacked 2-1 for 8 damage.
3-1 started moving to GRID(0, 1), arriving on tick 636.
2-1 started moving to GRID(1, 0), arriving on tick 654.
5-1 started moving to GRID(3, 0), arriving on tick 696.
2-1 started moving to GRID(0, 0), arriving on tick 684.
0-1 started moving to GRID(2, 0), arriving on tick 702.
3-1 started moving to GRID(1, 0), arriving on tick 738.
5-1 started moving to GRID(3, 0), arriving on tick 706.
0-1 started moving to GRID(2, 0), arriving on tick 712.
5-1 started moving to GRID(2, 1), arriving on tick 748.
0-1 started moving to GRID(1, 1), arriving on tick 754.
2-1 attacked 3-1 for 18 damage.
5-1 started moving to GRID(1, 2), arriving on tick 790.
0-1 started moving to GRID(0, 1), arriving on tick 784.
5-1 started moving to GRID(1, 1), arriving on tick 820.
3-1 started moving to GRID(2, 1), arriving on tick 840.
2-1 attacked 3-1 for 8 damage.
5-1 started moving to GRID(2, 0), arriving on tick 862.
3-1 started moving to GRID(1, 2), arriving on tick 882.
0-1 started moving to GRID(1, 0), arriving on tick 886.
5-1 started moving to GRID(2, 0), arriving on tick 872.
2-1 attacked 3-1 for 8 damage.
5-1 started moving to GRID(1, 1), arriving on tick 914.
3-1 started moving to GRID(0, 2), arriving on tick 912.
3-1 started moving to GRID(0, 1), arriving on tick 942.
5-1 started moving to GRID(1, 1), arriving on tick 924.
2-1 attacked 3-1 for 8 damage.
5-1 started moving to GRID(2, 0), arriving on tick 966.
3-1 started moving to GRID(1, 2), arriving on tick 984.
0-1 attacked 5-1 for 8 damage.
5-1 started moving to GRID(2, 0), arriving on tick 976.
5-1 started moving to GRID(1, 1), arriving on tick 1018.
2-1 cast Bulwark, affecting [EntityID(2, 1)].
3-1 started moving to GRID(2, 1), arriving on tick 1026.
0-1 attacked 5-1 for 8 damage.
5-1 started moving to GRID(0, 1), arriving on tick 1048.
3-1 started moving to GRID(2, 0), arriving on tick 1056.
2-1 attacked 3-1 for 8 damage.
0-1 started moving to GRID(1, 1), arriving on tick 1096.
2-1 started moving to GRID(0, 0), arriving on tick 1114.
5-1 attacked 2-1 for 5 damage.
2-1 started moving to GRID(1, 0), arriving on tick 1144.
3-1 started moving to GRID(3, 1), arriving on tick 1158.
0-1 attacked 5-1 for 8 damage.
3-1 started moving to GRID(2, 1), arriving on tick 1188.
5-1 started moving to GRID(0, 0), arriving on tick 1198.
2-1 started moving to GRID(2, 0), arriving on tick 1234.
0-1 started moving to GRID(0, 1), arriving on tick 1246.
3-1 started moving to GRID(1, 1), arriving on tick 1278.
5-1 started moving to GRID(1, 0), arriving on tick 1288.
2-1 started moving to GRID(2, 1), arriving on tick 1324.
0-1 started moving to GRID(0, 0), arriving on tick 1336.
3-1 started moving to GRID(0, 1), arriving on tick 1368.
5-1 started moving to GRID(2, 0), arriving on tick 1378.
2-1 started moving to GRID(1, 1), arriving on tick 1414.
0-1 started moving to GRID(1, 0), arriving on tick 1426.
3-1 started moving to GRID(0, 0), arriving on tick 1458.
5-1 started moving to GRID(2, 1), arriving on tick 1468.
2-1 started moving to GRID(0, 1), arriving on tick 1504.
0-1 started moving to GRID(2, 0), arriving on tick 1516.
3-1 started moving to GRID(1, 0), arriving on tick 1548.
5-1 started moving to GRID(1, 1), arriving on tick 1558.
2-1 started moving to GRID(0, 0), arriving on tick 1594.
0-1 started moving to GRID(2, 1), arriving on tick 1606.
3-1 started moving to GRID(2, 0), arriving on tick 1638.
5-1 started moving to GRID(0, 1), arriving on tick 1648.
2-1 started moving to GRID(1, 0), arriving on tick 1684.
0-1 started moving to GRID(1, 1), arriving on tick 1696.
3-1 started moving to GRID(2, 1), arriving on tick 1728.
5-1 started moving to GRID(0, 0), arriving on tick 1738.
2-1 started moving to GRID(2, 0), arriving on tick 1774.
0-1 started moving to GRID(0, 1), arriving on tick 1786.
3-1 started moving to GRID(1, 1), arriving on tick 1818.
5-1 started moving to GRID(1, 0), arriving on tick 1828.
2-1 started moving to GRID(2, 1), arriving on tick 1864.
0-1 started moving to GRID(0, 0), arriving on tick 1876.
3-1 started moving to GRID(0, 1), arriving on tick 1908.
5-1 started moving to GRID(2, 0), arriving on tick 1918.
2-1 started moving to GRID(1, 1), arriving on tick 1954.
0-1 started moving to GRID(1, 0), arriving on tick 1966.
3-1 started moving to GRID(0, 0), arriving on tick 1998.
5-1 started moving to GRID(2, 1), arriving on tick 2008.
2-1 started moving to GRID(0, 1), arriving on tick 2044.
0-1 started moving to GRID(2, 0), arriving on tick 2056.
3-1 started moving to GRID(1, 0), arriving on tick 2088.
5-1 started moving to GRID(1, 1), arriving on tick 2098.
2-1 started moving to GRID(0, 0), arriving on tick 2134.
0-1 started moving to GRID(2, 1), arriving on tick 2146.
3-1 started moving to GRID(2, 0), arriving on tick 2178.
5-1 started moving to GRID(0, 1), arriving on tick 2188.
2-1 started moving to GRID(1, 0), arriving on tick 2224.
0-1 started moving to GRID(1, 1), arriving on tick 2236.
3-1 started moving to GRID(2, 1), arriving on tick 2268.
5-1 started moving to GRID(0, 0), arriving on tick 2278.
2-1 started moving to GRID(2, 0), arriving on tick 2314.
0-1 started moving to GRID(0, 1), arriving on tick 2326.
3-1 started moving to GRID(1, 1), arriving on tick 2358.
5-1 started moving to GRID(1, 0), arriving on tick 2368.
2-1 started moving to GRID(2, 1), arriving on tick 2404.
0-1 started moving to GRID(0, 0), arriving on tick 2416.
3-1 started moving to GRID(0, 1), arriving on tick 2448.
5-1 started moving to GRID(2, 0), arriving on tick 2458.
2-1 started moving to GRID(1, 1), arriving on tick 2494.
0-1 started moving to GRID(1, 0), arriving on tick 2506.
3-1 started moving to GRID(0, 0), arriving on tick 2538.
5-1 started moving to GRID(2, 1), arriving on tick 2548.
2-1 started moving to GRID(0, 1), arriving on tick 2584.
0-1 started moving to GRID(2, 0), arriving on tick 2596.
3-1 started moving to GRID(1, 0), arriving on tick 2628.
5-1 started moving to GRID(1, 1), arriving on tick 2638.
2-1 started moving to GRID(0, 0), arriving on tick 2674.
0-1 started moving to GRID(2, 1), arriving on tick 2686.
3-1 started moving to GRID(2, 0), arriving on tick 2718.
5-1 started moving to GRID(0, 1), arriving on tick 2728.
2-1 started moving to GRID(1, 0), arriving on tick 2764.
0-1 started moving to GRID(1, 1), arriving on tick 2776.
3-1 started moving to GRID(2, 1), arriving on tick 2808.
5-1 started moving to GRID(0, 0), arriving on tick 2818.
2-1 started moving to GRID(2, 0), arriving on tick 2854.
0-1 started moving to GRID(0, 1), arriving on tick 2866.
3-1 started moving to GRID(1, 1), arriving on tick 2898.
5-1 started moving to GRID(1, 0), arriving on tick 2908.
2-1 started moving to GRID(2, 1), arriving on tick 2944.
0-1 started moving to GRID(0, 0), arriving on tick 2956.
3-1 started moving to GRID(0, 1), arriving on tick 2988.
5-1 started moving to GRID(2, 0), arriving on tick 2998.
2-1 started moving to GRID(1, 1), arriving on tick 3034.
0-1 started moving to GRID(1, 0), arriving on tick 3046.
3-1 started moving to GRID(0, 0), arriving on tick 3078.
5-1 started moving to GRID(2, 1), arriving on tick 3088.
2-1 started moving to GRID(0, 1), arriving on tick 3124.
0-1 started moving to GRID(2, 0), arriving on tick 3136.
3-1 started moving to GRID(1, 0), arriving on tick 3168.
5-1 started moving to GRID(1, 1), arriving on tick 3178.
2-1 started moving to GRID(0, 0), arriving on tick 3214.
0-1 started moving to GRID(2, 1), arriving on tick 3226.
3-1 started moving to GRID(2, 0), arriving on tick 3258.
5-1 started moving to GRID(0, 1), arriving on tick 3268.
2-1 started moving to GRID(1, 0), arriving on tick 3304.
0-1 started moving to GRID(1, 1), arriving on tick 3316.
3-1 started moving to GRID(2, 1), arriving on tick 3348.
5-1 started moving to GRID(0, 0), arriving on tick 3358.
2-1 started moving to GRID(2, 0), arriving on tick 3394.
0-1 started moving to GRID(0, 1), arriving on tick 3406.
3-1 started moving to GRID(1, 1), arriving on tick 3438.
5-1 started moving to GRID(1, 0), arriving on tick 3448.
2-1 started moving to GRID(2, 1), arriving on tick 3484.
0-1 started moving to GRID(0, 0), arriving on tick 3496.
3-1 started moving to GRID(0, 1), arriving on tick 3528.
5-1 started moving to GRID(2, 0), arriving on tick 3538.
2-1 started moving to GRID(1, 1), arriving on tick 3574.
0-1 started moving to GRID(1, 0), arriving on tick 3586.
3-1 started moving to GRID(0, 0), arriving on tick 3618.
5-1 started moving to GRID(2, 1), arriving on tick 3628.
2-1 started moving to GRID(0, 1), arriving on tick 3664.
0-1 started moving to GRID(2, 0), arriving on tick 3676.
3-1 started moving to GRID(1, 0), arriving on tick 3708.
5-1 started moving to GRID(1, 1), arriving on tick 3718.
2-1 started moving to GRID(0, 0), arriving on tick 3754.
0-1 started moving to GRID(2, 1), arriving on tick 3766.
3-1 started moving to GRID(2, 0), arriving on tick 3798.
5-1 started moving to GRID(0, 1), arriving on tick 3808.
2-1 started moving to GRID(1, 0), arriving on tick 3844.
0-1 started moving to GRID(1, 1), arriving on tick 3856.
3-1 started moving to GRID(2, 1), arriving on tick 3888.
5-1 started moving to GRID(0, 0), arriving on tick 3898.
2-1 started moving to GRID(2, 0), arriving on tick 3934.
0-1 started moving to GRID(0, 1), arriving on tick 3946.
3-1 started moving to GRID(1, 1), arriving on tick 3978.
5-1 started moving to GRID(1, 0), arriving on tick 3988.
2-1 started moving to GRID(2, 1), arriving on tick 4024.
0-1 started moving to GRID(0, 0), arriving on tick 4036.
3-1 started moving to GRID(0, 1), arriving on tick 4068.
5-1 started moving to GRID(2, 0), arriving on tick 4078.
2-1 started moving to GRID(1, 1), arriving on tick 4114.
0-1 started moving to GRID(1, 0), arriving on tick 4126.
3-1 started moving to GRID(0, 0), arriving on tick 4158.
5-1 started moving to GRID(2, 1), arriving on tick 4168.
2-1 started moving to GRID(0, 1), arriving on tick 4204.
0-1 started moving to GRID(2, 0), arriving on tick 4216.
3-1 started moving to GRID(1, 0), arriving on tick 4248.
5-1 started moving to GRID(1, 1), arriving on tick 4258.
2-1 started moving to GRID(0, 0), arriving on tick 4294.
0-1 started moving to GRID(2, 1), arriving on tick 4306.
3-1 started moving to GRID(2, 0), arriving on tick 4338.
5-1 started moving to GRID(0, 1), arriving on tick 4348.
2-1 started moving to GRID(1, 0), arriving on tick 4384.
0-1 started moving to GRID(1, 1), arriving on tick 4396.
3-1 started moving to GRID(2, 1), arriving on tick 4428.
5-1 started moving to GRID(0, 0), arriving on tick 4438.
2-1 started moving to GRID(2, 0), arriving on tick 4474.
0-1 started moving to GRID(0, 1), arriving on tick 4486.
3-1 started moving to GRID(1, 1), arriving on tick 4518.
5-1 started moving to GRID(1, 0), arriving on tick 4528.
2-1 started moving to GRID(2, 1), arriving on tick 4564.
0-1 started moving to GRID(0, 0), arriving on tick 4576.
3-1 started moving to GRID(0, 1), arriving on tick 4608.
5-1 started moving to GRID(2, 0), arriving on tick 4618.
2-1 started moving to GRID(1, 1), arriving on tick 4654.
0-1 started moving to GRID(1, 0), arriving on tick 4666.
3-1 started moving to GRID(0, 0), arriving on tick 4698.
5-1 started moving to GRID(2, 1), arriving on tick 4708.
2-1 started moving to GRID(0, 1), arriving on tick 4744.
0-1 started moving to GRID(2, 0), arriving on tick 4756.
3-1 started moving to GRID(1, 0), arriving on tick 4788.
5-1 started moving to GRID(1, 1), arriving on tick 4798.
2-1 started moving to GRID(0, 0), arriving on tick 4834.
0-1 started moving to GRID(2, 1), arriving on tick 4846.
3-1 started moving to GRID(2, 0), arriving on tick 4878.
5-1 started moving to GRID(0, 1), arriving on tick 4888.
2-1 started moving to GRID(1, 0), arriving on tick 4924.
0-1 started moving to GRID(1, 1), arriving on tick 4936.
3-1 started moving to GRID(2, 1), arriving on tick 4968.
5-1 started moving to GRID(0, 0), arriving on tick 4978.
2-1 started moving to GRID(2, 0), arriving on tick 5014.
0-1 started moving to GRID(0, 1), arriving on tick 5026.
3-1 started moving to GRID(1, 1), arriving on tick 5058.
5-1 started moving to GRID(1, 0), arriving on tick 5068.
2-1 started moving to GRID(2, 1), arriving on tick 5104.
0-1 started moving to GRID(0, 0), arriving on tick 5116.
3-1 started moving to GRID(0, 1), arriving on tick 5148.
5-1 started moving to GRID(2, 0), arriving on tick 5158.
2-1 started moving to GRID(1, 1), arriving on tick 5194.
0-1 started moving to GRID(1, 0), arriving on tick 5206.
3-1 started moving to GRID(0, 0), arriving on tick 5238.
5-1 started moving to GRID(2, 1), arriving on tick 5248.
2-1 started moving to GRID(0, 1), arriving on tick 5284.
0-1 started moving to GRID(2, 0), arriving on tick 5296.
3-1 started moving to GRID(1, 0), arriving on tick 5328.
5-1 started moving to GRID(1, 1), arriving on tick 5338.
2-1 started moving to GRID(0, 0), arriving on tick 5374.
0-1 started moving to GRID(2, 1), arriving on tick 5386.
3-1 started moving to GRID(2, 0), arriving on tick 5418.
5-1 started moving to GRID(0, 1), arriving on tick 5428.
2-1 started moving to GRID(1, 0), arriving on tick 5464.
0-1 started moving to GRID(1, 1), arriving on tick 5476.
3-1 started moving to GRID(2, 1), arriving on tick 5508.
5-1 started moving to GRID(0, 0), arriving on tick 5518.
2-1 started moving to GRID(2, 0), arriving on tick 5554.
0-1 started moving to GRID(0, 1), arriving on tick 5566.
3-1 started moving to GRID(1, 1), arriving on tick 5598.
5-1 started moving to GRID(1, 0), arriving on tick 5608.
2-1 started moving to GRID(2, 1), arriving on tick 5644.
0-1 started moving to GRID(0, 0), arriving on tick 5656.
3-1 started moving to GRID(0, 1), arriving on tick 5688.
5-1 started moving to GRID(2, 0), arriving on tick 5698.
2-1 started moving to GRID(1, 1), arriving on tick 5734.
0-1 started moving to GRID(1, 0), arriving on tick 5746.
3-1 started moving to GRID(0, 0), arriving on tick 5778.
5-1 started moving to GRID(2, 1), arriving on tick 5788.
2-1 started moving to GRID(0, 1), arriving on tick 5824.
0-1 started moving to GRID(2, 0), arriving on tick 5836.
3-1 started moving to GRID(1, 0), arriving on tick 5868.
5-1 started moving to GRID(1, 1), arriving on tick 5878.
2-1 started moving to GRID(0, 0), arriving on tick 5914.
0-1 started moving to GRID(2, 1), arriving on tick 5926.
3-1 started moving to GRID(2, 0), arriving on tick 5958.
5-1 started moving to GRID(0, 1), arriving on tick 5968.
2-1 started moving to GRID(1, 0), arriving on tick 6004.
0-1 started moving to GRID(1, 1), arriving on tick 6016.
3-1 started moving to GRID(2, 1), arriving on tick 6048.
5-1 started moving to GRID(0, 0), arriving on tick 6058.
2-1 started moving to GRID(2, 0), arriving on tick 6094.
0-1 started moving to GRID(0, 1), arriving on tick 6106.
3-1 started moving to GRID(1, 1), arriving on tick 6138.
5-1 started moving to GRID(1, 0), arriving on tick 6148.
2-1 started moving to GRID(2, 1), arriving on tick 6184.
0-1 started moving to GRID(0, 0), arriving on tick 6196.
3-1 started moving to GRID(0, 1), arriving on tick 6228.
5-1 started moving to GRID(2, 0), arriving on tick 6238.
2-1 started moving to GRID(1, 1), arriving on tick 6274.
0-1 started moving to GRID(1, 0), arriving on tick 6286.
3-1 started moving to GRID(0, 0), arriving on tick 6318.
5-1 started moving to GRID(2, 1), arriving on tick 6328.
2-1 started moving to GRID(0, 1), arriving on tick 6364.
0-1 started moving to GRID(2, 0), arriving on tick 6376.
3-1 started moving to GRID(1, 0), arriving on tick 6408.
5-1 started moving to GRID(1, 1), arriving on tick 6418.
2-1 started moving to GRID(0, 0), arriving on tick 6454.
0-1 started moving to GRID(2, 1), arriving on tick 6466.
3-1 started moving to GRID(2, 0), arriving on tick 6498.
5-1 started moving to GRID(0, 1), arriving on tick 6508.
2-1 started moving to GRID(1, 0), arriving on tick 6544.
0-1 started moving to GRID(1, 1), arriving on tick 6556.
3-1 started moving to GRID(2, 1), arriving on tick 6588.
5-1 started moving to GRID(0, 0), arriving on tick 6598.
2-1 started moving to GRID(2, 0), arriving on tick 6634.
0-1 started moving to GRID(0, 1), arriving on tick 6646.
3-1 started moving to GRID(1, 1), arriving on tick 6678.
5-1 started moving to GRID(1, 0), arriving on tick 6688.
2-1 started moving to GRID(2, 1), arriving on tick 6724.
0-1 started moving to GRID(0, 0), arriving on tick 6736.
3-1 started moving to GRID(0, 1), arriving on tick 6768.
5-1 started moving to GRID(2, 0), arriving on tick 6778.
2-1 started moving to GRID(1, 1), arriving on tick 6814.
0-1 started moving to GRID(1, 0), arriving on tick 6826.
3-1 started moving to GRID(0, 0), arriving on tick 6858.
5-1 started moving to GRID(2, 1), arriving on tick 6868.
2-1 started moving to GRID(0, 1), arriving on tick 6904.
0-1 started moving to GRID(2, 0), arriving on tick 6916.
3-1 started moving to GRID(1, 0), arriving on tick 6948.
5-1 started moving to GRID(1, 1), arriving on tick 6958.
2-1 started moving to GRID(0, 0), arriving on tick 6994.
0-1 started moving to GRID(2, 1), arriving on tick 7006.
3-1 started moving to GRID(2, 0), arriving on tick 7038.
5-1 started moving to GRID(0, 1), arriving on tick 7048.
2-1 started moving to GRID(1, 0), arriving on tick 7084.
0-1 started moving to GRID(1, 1), arriving on tick 7096.
3-1 started moving to GRID(2, 1), arriving on tick 7128.
5-1 started moving to GRID(0, 0), arriving on tick 7138.
2-1 started moving to GRID(2, 0), arriving on tick 7174.
0-1 started moving to GRID(0, 1), arriving on tick 7186.
3-1 started moving to GRID(1, 1), arriving on tick 7218.
5-1 started moving to GRID(1, 0), arriving on tick 7228.
2-1 started moving to GRID(2, 1), arriving on tick 7264.
0-1 started moving to GRID(0, 0), arriving on tick 7276.
3-1 started moving to GRID(0, 1), arriving on tick 7308.
5-1 started moving to GRID(2, 0), arriving on tick 7318.
2-1 started moving to GRID(1, 1), arriving on tick 7354.
0-1 started moving to GRID(1, 0), arriving on tick 7366.
3-1 started moving to GRID(0, 0), arriving on tick 7398.
5-1 started moving to GRID(2, 1), arriving on tick 7408.
2-1 started moving to GRID(0, 1), arriving on tick 7444.
0-1 started moving to GRID(2, 0), arriving on tick 7456.
3-1 started moving to GRID(1, 0), arriving on tick 7488.
5-1 started moving to GRID(1, 1), arriving on tick 7498.
2-1 started moving to GRID(0, 0), arriving on tick 7534.
0-1 started moving to GRID(2, 1), arriving on tick 7546.
3-1 started moving to GRID(2, 0), arriving on tick 7578.
5-1 started moving to GRID(0, 1), arriving on tick 7588.
2-1 started moving to GRID(1, 0), arriving on tick 7624.
0-1 started moving to GRID(1, 1), arriving on tick 7636.
3-1 started moving to GRID(2, 1), arriving on tick 7668.
5-1 started moving to GRID(0, 0), arriving on tick 7678.
2-1 started moving to GRID(2, 0), arriving on tick 7714.
0-1 started moving to GRID(0, 1), arriving on tick 7726.
3-1 started moving to GRID(1, 1), arriving on tick 7758.
5-1 started moving to GRID(1, 0), arriving on tick 7768.
2-1 started moving to GRID(2, 1), arriving on tick 7804.
0-1 started moving to GRID(0, 0), arriving on tick 7816.
3-1 started moving to GRID(0, 1), arriving on tick 7848.
5-1 started moving to GRID(2, 0), arriving on tick 7858.
2-1 started moving to GRID(1, 1), arriving on tick 7894.
0-1 started moving to GRID(1, 0), arriving on tick 7906.
3-1 started moving to GRID(0, 0), arriving on tick 7938.
5-1 started moving to GRID(2, 1), arriving on tick 7948.
2-1 started moving to GRID(0, 1), arriving on tick 7984.
0-1 started moving to GRID(2, 0), arriving on tick 7996.
3-1 started moving to GRID(1, 0), arriving on tick 8028.
5-1 started moving to GRID(1, 1), arriving on tick 8038.
2-1 started moving to GRID(0, 0), arriving on tick 8074.
0-1 started moving to GRID(2, 1), arriving on tick 8086.
3-1 started moving to GRID(2, 0), arriving on tick 8118.
5-1 started moving to GRID(0, 1), arriving on tick 8128.
2-1 started moving to GRID(1, 0), arriving on tick 8164.
0-1 started moving to GRID(1, 1), arriving on tick 8176.
3-1 started moving to GRID(2, 1), arriving on tick 8208.
5-1 started moving to GRID(0, 0), arriving on tick 8218.
2-1 started moving to GRID(2, 0), arriving on tick 8254.
0-1 started moving to GRID(0, 1), arriving on tick 8266.
3-1 started moving to GRID(1, 1), arriving on tick 8298.
5-1 started moving to GRID(1, 0), arriving on tick 8308.
2-1 started moving to GRID(2, 1), arriving on tick 8344.
0-1 started moving to GRID(0, 0), arriving on tick 8356.
3-1 started moving to GRID(0, 1), arriving on tick 8388.
5-1 started moving to GRID(2, 0), arriving on tick 8398.
2-1 started moving to GRID(1, 1), arriving on tick 8434.
0-1 started moving to GRID(1, 0), arriving on tick 8446.
3-1 started moving to GRID(0, 0), arriving on tick 8478.
5-1 started moving to GRID(2, 1), arriving on tick 8488.
2-1 started moving to GRID(0, 1), arriving on tick 8524.
0-1 started moving to GRID(2, 0), arriving on tick 8536.
3-1 started moving to GRID(1, 0), arriving on tick 8568.
5-1 started moving to GRID(1, 1), arriving on tick 8578.
2-1 started moving to GRID(0, 0), arriving on tick 8614.
0-1 started moving to GRID(2, 1), arriving on tick 8626.
3-1 started moving to GRID(2, 0), arriving on tick 8658.
5-1 started moving to GRID(0, 1), arriving on tick 8668.
2-1 started moving to GRID(1, 0), arriving on tick 8704.
0-1 started moving to GRID(1, 1), arriving on tick 8716.
3-1 started moving to GRID(2, 1), arriving on tick 8748.
5-1 started moving to GRID(0, 0), arriving on tick 8758.
2-1 started moving to GRID(2, 0), arriving on tick 8794.
0-1 started moving to GRID(0, 1), arriving on tick 8806.
3-1 started moving to GRID(1, 1), arriving on tick 8838.
5-1 started moving to GRID(1, 0), arriving on tick 8848.
2-1 started moving to GRID(2, 1), arriving on tick 8884.
0-1 started moving to GRID(0, 0), arriving on tick 8896.
3-1 started moving to GRID(0, 1), arriving on tick 8928.
5-1 started moving to GRID(2, 0), arriving on tick 8938.
2-1 started moving to GRID(1, 1), arriving on tick 8974.
0-1 started moving to GRID(1, 0), arriving on tick 8986.
3-1 started moving to GRID(0, 0), arriving on tick 9018.
5-1 started moving to GRID(2, 1), arriving on tick 9028.
2-1 started moving to GRID(0, 1), arriving on tick 9064.
0-1 started moving to GRID(2, 0), arriving on tick 9076.
3-1 started moving to GRID(1, 0), arriving on tick 9108.
5-1 started moving to GRID(1, 1), arriving on tick 9118.
2-1 started moving to GRID(0, 0), arriving on tick 9154.
0-1 started moving to GRID(2, 1), arriving on tick 9166.
3-1 started moving to GRID(2, 0), arriving on tick 9198.
5-1 started moving to GRID(0, 1), arriving on tick 9208.
2-1 started moving to GRID(1, 0), arriving on tick 9244.
0-1 started moving to GRID(1, 1), arriving on tick 9256.
3-1 started moving to GRID(2, 1), arriving on tick 9288.
5-1 started moving to GRID(0, 0), arriving on tick 9298.
2-1 started moving to GRID(2, 0), arriving on tick 9334.
0-1 started moving to GRID(0, 1), arriving on tick 9346.
3-1 started moving to GRID(1, 1), arriving on tick 9378.
5-1 started moving to GRID(1, 0), arriving on tick 9388.
2-1 started moving to GRID(2, 1), arriving on tick 9424.
0-1 started moving to GRID(0, 0), arriving on tick 9436.
3-1 started moving to GRID(0, 1), arriving on tick 9468.
5-1 started moving to GRID(2, 0), arriving on tick 9478.
2-1 started moving to GRID(1, 1), arriving on tick 9514.
0-1 started moving to GRID(1, 0), arriving on tick 9526.
3-1 started moving to GRID(0, 0), arriving on tick 9558.
5-1 started moving to GRID(2, 1), arriving on tick 9568.
2-1 started moving to GRID(0, 1), arriving on tick 9604.
0-1 started moving to GRID(2, 0), arriving on tick 9616.
3-1 started moving to GRID(1, 0), arriving on tick 9648.
5-1 started moving to GRID(1, 1), arriving on tick 9658.
2-1 started moving to GRID(0, 0), arriving on tick 9694.
0-1 started moving to GRID(2, 1), arriving on tick 9706.
3-1 started moving to GRID(2, 0), arriving on tick 9738.
5-1 started moving to GRID(0, 1), arriving on tick 9748.
2-1 started moving to GRID(1, 0), arriving on tick 9784.
0-1 started moving to GRID(1, 1), arriving on tick 9796.
3-1 started moving to GRID(2, 1), arriving on tick 9828.
5-1 started moving to GRID(0, 0), arriving on tick 9838.
2-1 started moving to GRID(2, 0), arriving on tick 9874.
0-1 started moving to GRID(0, 1), arriving on tick 9886.
3-1 started moving to GRID(1, 1), arriving on tick 9918.
5-1 started moving to GRID(1, 0), arriving on tick 9928.
2-1 started moving to GRID(2, 1), arriving on tick 9964.
0-1 started moving to GRID(0, 0), arriving on tick 9976.
3-1 started moving to GRID(0, 1), arriving on tick 10008.
5-1 started moving to GRID(2, 0), arriving on tick 10018.
2-1 started moving to GRID(1, 1), arriving on tick 10054.
0-1 started moving to GRID(1, 0), arriving on tick 10066.
3-1 started moving to GRID(0, 0), arriving on tick 10098.
5-1 started moving to GRID(2, 1), arriving on tick 10108.
2-1 started moving to GRID(0, 1), arriving on tick 10144.
0-1 started moving to GRID(2, 0), arriving on tick 10156.
3-1 started moving to GRID(1, 0), arriving on tick 10188.
5-1 started moving to GRID(1, 1), arriving on tick 10198.
2-1 started moving to GRID(0, 0), arriving on tick 10234.
0-1 started moving to GRID(2, 1), arriving on tick 10246.
3-1 started moving to GRID(2, 0), arriving on tick 10278.
5-1 started moving to GRID(0, 1), arriving on tick 10288.
2-1 started moving to GRID(1, 0), arriving on tick 10324.
0-1 started moving to GRID(1, 1), arriving on tick 10336.
3-1 started moving to GRID(2, 1), arriving on tick 10368.
5-1 started moving to GRID(0, 0), arriving on tick 10378.
2-1 started moving to GRID(2, 0), arriving on tick 10414.
0-1 started moving to GRID(0, 1), arriving on tick 10426.
3-1 started moving to GRID(1, 1), arriving on tick 10458.
5-1 started moving to GRID(1, 0), arriving on tick 10468.
2-1 started moving to GRID(2, 1), arriving on tick 10504.
0-1 started moving to GRID(0, 0), arriving on tick 10516.
3-1 started moving to GRID(0, 1), arriving on tick 10548.
5-1 started moving to GRID(2, 0), arriving on tick 10558.
2-1 started moving to GRID(1, 1), arriving on tick 10594.
0-1 started moving to GRID(1, 0), arriving on tick 10606.
3-1 started moving to GRID(0, 0), arriving on tick 10638.
5-1 started moving to GRID(2, 1), arriving on tick 10648.
2-1 started moving to GRID(0, 1), arriving on tick 10684.
0-1 started moving to GRID(2, 0), arriving on tick 10696.
3-1 started moving to GRID(1, 0), arriving on tick 10728.
5-1 started moving to GRID(1, 1), arriving on tick 10738.
2-1 started moving to GRID(0, 0), arriving on tick 10774.
0-1 started moving to GRID(2, 1), arriving on tick 10786.
3-1 started moving to GRID(2, 0), arriving on tick 10818.
5-1 started moving to GRID(0, 1), arriving on tick 10828.
2-1 started moving to GRID(1, 0), arriving on tick 10864.
0-1 started moving to GRID(1, 1), arriving on tick 10876.
3-1 started moving to GRID(2, 1), arriving on tick 10908.
5-1 started moving to GRID(0, 0), arriving on tick 10918.
2-1 started moving to GRID(2, 0), arriving on tick 10954.
0-1 started moving to GRID(0, 1), arriving on tick 10966.
3-1 started moving to GRID(1, 1), arriving on tick 10998.
5-1 started moving to GRID(1, 0), arriving on tick 11008.
2-1 started moving to GRID(2, 1), arriving on tick 11044.
0-1 started moving to GRID(0, 0), arriving on tick 11056.
3-1 started moving to GRID(0, 1), arriving on tick 11088.
5-1 started moving to GRID(2, 0), arriving on tick 11098.
2-1 started moving to GRID(1, 1), arriving on tick 11134.
0-1 started moving to GRID(1, 0), arriving on tick 11146.
3-1 started moving to GRID(0, 0), arriving on tick 11178.
5-1 started moving to GRID(2, 1), arriving on tick 11188.
2-1 started moving to GRID(0, 1), arriving on tick 11224.
0-1 started moving to GRID(2, 0), arriving on tick 11236.
3-1 started moving to GRID(1, 0), arriving on tick 11268.
5-1 started moving to GRID(1, 1), arriving on tick 11278.
2-1 started moving to GRID(0, 0), arriving on tick 11314.
0-1 started moving to GRID(2, 1), arriving on tick 11326.
3-1 started moving to GRID(2, 0), arriving on tick 11358.
5-1 started moving to GRID(0, 1), arriving on tick 11368.
2-1 started moving to GRID(1, 0), arriving on tick 11404.
0-1 started moving to GRID(1, 1), arriving on tick 11416.
3-1 started moving to GRID(2, 1), arriving on tick 11448.
5-1 started moving to GRID(0, 0), arriving on tick 11458.
2-1 started moving to GRID(2, 0), arriving on tick 11494.
0-1 started moving to GRID(0, 1), arriving on tick 11506.
3-1 started moving to GRID(1, 1), arriving on tick 11538.
5-1 started moving to GRID(1, 0), arriving on tick 11548.
2-1 started moving to GRID(2, 1), arriving on tick 11584.
0-1 started moving to GRID(0, 0), arriving on tick 11596.
3-1 started moving to GRID(0, 1), arriving on tick 11628.
5-1 started moving to GRID(2, 0), arriving on tick 11638.
2-1 started moving to GRID(1, 1), arriving on tick 11674.
0-1 started moving to GRID(1, 0), arriving on tick 11686.
3-1 started moving to GRID(0, 0), arriving on tick 11718.
5-1 started moving to GRID(2, 1), arriving on tick 11728.
2-1 started moving to GRID(0, 1), arriving on tick 11764.
0-1 started moving to GRID(2, 0), arriving on tick 11776.
3-1 started moving to GRID(1, 0), arriving on tick 11808.
5-1 started moving to GRID(1, 1), arriving on tick 11818.
2-1 started moving to GRID(0, 0), arriving on tick 11854.
0-1 started moving to GRID(2, 1), arriving on tick 11866.
3-1 started moving to GRID(2, 0), arriving on tick 11898.
5-1 started moving to GRID(0, 1), arriving on tick 11908.
2-1 started moving to GRID(1, 0), arriving on tick 11944.
0-1 started moving to GRID(1, 1), arriving on tick 11956.
3-1 started moving to GRID(2, 1), arriving on tick 11988.
5-1 started moving to GRID(0, 0), arriving on tick 11998.
2-1 started moving to GRID(2, 0), arriving on tick 12034.
0-1 started moving to GRID(0, 1), arriving on tick 12046.
3-1 started moving to GRID(1, 1), arriving on tick 12078.
5-1 started moving to GRID(1, 0), arriving on tick 12088.
2-1 started moving to GRID(2, 1), arriving on tick 12124.
0-1 started moving to GRID(0, 0), arriving on tick 12136.
3-1 started moving to GRID(0, 1), arriving on tick 12168.
5-1 started moving to GRID(2, 0), arriving on tick 12178.
2-1 started moving to GRID(1, 1), arriving on tick 12214.
0-1 started moving to GRID(1, 0), arriving on tick 12226.
3-1 started moving to GRID(0, 0), arriving on tick 12258.
5-1 started moving to GRID(2, 1), arriving on tick 12268.
2-1 started moving to GRID(0, 1), arriving on tick 12304.
0-1 started moving to GRID(2, 0), arriving on tick 12316.
3-1 started moving to GRID(1, 0), arriving on tick 12348.
5-1 started moving to GRID(1, 1), arriving on tick 12358.
2-1 started moving to GRID(0, 0), arriving on tick 12394.
0-1 started moving to GRID(2, 1), arriving on tick 12406.
3-1 started moving to GRID(2, 0), arriving on tick 12438.
5-1 started moving to GRID(0, 1), arriving on tick 12448.
2-1 started moving to GRID(1, 0), arriving on tick 12484.
0-1 started moving to GRID(1, 1), arriving on tick 12496.
3-1 started moving to GRID(2, 1), arriving on tick 12528.
5-1 started moving to GRID(0, 0), arriving on tick 12538.
2-1 started moving to GRID(2, 0), arriving on tick 12574.
0-1 started moving to GRID(0, 1), arriving on tick 12586.
3-1 started moving to GRID(1, 1), arriving on tick 12618.
5-1 started moving to GRID(1, 0), arriving on tick 12628.
2-1 started moving to GRID(2, 1), arriving on tick 12664.
0-1 started moving to GRID(0, 0), arriving on tick 12676.
3-1 started moving to GRID(0, 1), arriving on tick 12708.
5-1 started moving to GRID(2, 0), arriving on tick 12718.
2-1 started moving to GRID(1, 1), arriving on tick 12754.
0-1 started moving to GRID(1, 0), arriving on tick 12766.
3-1 started moving to GRID(0, 0), arriving on tick 12798.
5-1 started moving to GRID(2, 1), arriving on tick 12808.
2-1 started moving to GRID(0, 1), arriving on tick 12844.
0-1 started moving to GRID(2, 0), arriving on tick 12856.
3-1 started moving to GRID(1, 0), arriving on tick 12888.
5-1 started moving to GRID(1, 1), arriving on tick 12898.
2-1 started moving to GRID(0, 0), arriving on tick 12934.
0-1 started moving to GRID(2, 1), arriving on tick 12946.
3-1 started moving to GRID(2, 0), arriving on tick 12978.
5-1 started moving to GRID(0, 1), arriving on tick 12988.
2-1 started moving to GRID(1, 0), arriving on tick 13024.
0-1 started moving to GRID(1, 1), arriving on tick 13036.
3-1 started moving to GRID(2, 1), arriving on tick 13068.
5-1 started moving to GRID(0, 0), arriving on tick 13078.
2-1 started moving to GRID(2, 0), arriving on tick 13114.
0-1 started moving to GRID(0, 1), arriving on tick 13126.
3-1 started moving to GRID(1, 1), arriving on tick 13158.
5-1 started moving to GRID(1, 0), arriving on tick 13168.
2-1 started moving to GRID(2, 1), arriving on tick 13204.
0-1 started moving to GRID(0, 0), arriving on tick 13216.
3-1 started moving to GRID(0, 1), arriving on tick 13248.
5-1 started moving to GRID(2, 0), arriving on tick 13258.
2-1 started moving to GRID(1, 1), arriving on tick 13294.
0-1 started moving to GRID(1, 0), arriving on tick 13306.
3-1 started moving to GRID(0, 0), arriving on tick 13338.
5-1 started moving to GRID(2, 1), arriving on tick 13348.
2-1 started moving to GRID(0, 1), arriving on tick 13384.
0-1 started moving to GRID(2, 0), arriving on tick 13396.
3-1 started moving to GRID(1, 0), arriving on tick 13428.
5-1 started moving to GRID(1, 1), arriving on tick 13438.
2-1 started moving to GRID(0, 0), arriving on tick 13474.
0-1 started moving to GRID(2, 1), arriving on tick 13486.
3-1 started moving to GRID(2, 0), arriving on tick 13518.
5-1 started moving to GRID(0, 1), arriving on tick 13528.
2-1 started moving to GRID(1, 0), arriving on tick 13564.
0-1 started moving to GRID(1, 1), arriving on tick 13576.
3-1 started moving to GRID(2, 1), arriving on tick 13608.
5-1 started moving to GRID(0, 0), arriving on tick 13618.
2-1 started moving to GRID(2, 0), arriving on tick 13654.
0-1 started moving to GRID(0, 1), arriving on tick 13666.
3-1 started moving to GRID(1, 1), arriving on tick 13698.
5-1 started moving to GRID(1, 0), arriving on tick 13708.
2-1 started moving to GRID(2, 1), arriving on tick 13744.
0-1 started moving to GRID(0, 0), arriving on tick 13756.
3-1 started moving to GRID(0, 1), arriving on tick 13788.
5-1 started moving to GRID(2, 0), arriving on tick 13798.
2-1 started moving to GRID(1, 1), arriving on tick 13834.
0-1 started moving to GRID(1, 0), arriving on tick 13846.
3-1 started moving to GRID(0, 0), arriving on tick 13878.
5-1 started moving to GRID(2, 1), arriving on tick 13888.
2-1 started moving to GRID(0, 1), arriving on tick 13924.
0-1 started moving to GRID(2, 0), arriving on tick 13936.
3-1 started moving to GRID(1, 0), arriving on tick 13968.
5-1 started moving to GRID(1, 1), arriving on tick 13978.
2-1 started moving to GRID(0, 0), arriving on tick 14014.
0-1 started moving to GRID(2, 1), arriving on tick 14026.
3-1 started moving to GRID(2, 0), arriving on tick 14058.
5-1 started moving to GRID(0, 1), arriving on tick 14068.
2-1 started moving to GRID(1, 0), arriving on tick 14104.
0-1 started moving to GRID(1, 1), arriving on tick 14116.
3-1 started moving to GRID(2, 1), arriving on tick 14148.
5-1 started moving to GRID(0, 0), arriving on tick 14158.
2-1 started moving to GRID(2, 0), arriving on tick 14194.
0-1 started moving to GRID(0, 1), arriving on tick 14206.
3-1 started moving to GRID(1, 1), arriving on tick 14238.
5-1 started moving to GRID(1, 0), arriving on tick 14248.
2-1 started moving to GRID(2, 1), arriving on tick 14284.
0-1 started moving to GRID(0, 0), arriving on tick 14296.
3-1 started moving to GRID(0, 1), arriving on tick 14328.
5-1 started moving to GRID(2, 0), arriving on tick 14338.
2-1 started moving to GRID(1, 1), arriving on tick 14374.
0-1 started moving to GRID(1, 0), arriving on tick 14386.
3-1 started moving to GRID(0, 0), arriving on tick 14418.
5-1 started moving to GRID(2, 1), arriving on tick 14428.
2-1 started moving to GRID(0, 1), arriving on tick 14464.
0-1 started moving to GRID(2, 0), arriving on tick 14476.
3-1 started moving to GRID(1, 0), arriving on tick 14508.
5-1 started moving to GRID(1, 1), arriving on tick 14518.
2-1 started moving to GRID(0, 0), arriving on tick 14554.
0-1 started moving to GRID(2, 1), arriving on tick 14566.
3-1 started moving to GRID(2, 0), arriving on tick 14598.
5-1 started moving to GRID(0, 1), arriving on tick 14608.
2-1 started moving to GRID(1, 0), arriving on tick 14644.
0-1 started moving to GRID(1, 1), arriving on tick 14656.
3-1 started moving to GRID(2, 1), arriving on tick 14688.
5-1 started moving to GRID(0, 0), arriving on tick 14698.
2-1 started moving to GRID(2, 0), arriving on tick 14734.
0-1 started moving to GRID(0, 1), arriving on tick 14746.
3-1 started moving to GRID(1, 1), arriving on tick 14778.
5-1 started moving to GRID(1, 0), arriving on tick 14788.
2-1 started moving to GRID(2, 1), arriving on tick 14824.
0-1 started moving to GRID(0, 0), arriving on tick 14836.
3-1 started moving to GRID(0, 1), arriving on tick 14868.
5-1 started moving to GRID(2, 0), arriving on tick 14878.
2-1 started moving to GRID(1, 1), arriving on tick 14914.
0-1 started moving to GRID(1, 0), arriving on tick 14926.
3-1 started moving to GRID(0, 0), arriving on tick 14958.
5-1 started moving to GRID(2, 1), arriving on tick 14968.
2-1 started moving to GRID(0, 1), arriving on tick 15004.
0-1 started moving to GRID(2, 0), arriving on tick 15016.
3-1 started moving to GRID(1, 0), arriving on tick 15048.
5-1 started moving to GRID(1, 1), arriving on tick 15058.
2-1 started moving to GRID(0, 0), arriving on tick 15094.
0-1 started moving to GRID(2, 1), arriving on tick 15106.
3-1 started moving to GRID(2, 0), arriving on tick 15138.
5-1 started moving to GRID(0, 1), arriving on tick 15148.
2-1 started moving to GRID(1, 0), arriving on tick 15184.
0-1 started moving to GRID(1, 1), arriving on tick 15196.
3-1 started moving to GRID(2, 1), arriving on tick 15228.
5-1 started moving to GRID(0, 0), arriving on tick 15238.
2-1 started moving to GRID(2, 0), arriving on tick 15274.
0-1 started moving to GRID(0, 1), arriving on tick 15286.
3-1 started moving to GRID(1, 1), arriving on tick 15318.
5-1 started moving to GRID(1, 0), arriving on tick 15328.
2-1 started moving to GRID(2, 1), arriving on tick 15364.
0-1 started moving to GRID(0, 0), arriving on tick 15376.
3-1 started moving to GRID(0, 1), arriving on tick 15408.
5-1 started moving to GRID(2, 0), arriving on tick 15418.
2-1 started moving to GRID(1, 1), arriving on tick 15454.
0-1 started moving to GRID(1, 0), arriving on tick 15466.
3-1 started moving to GRID(0, 0), arriving on tick 15498.
5-1 started moving to GRID(2, 1), arriving on tick 15508.
2-1 started moving to GRID(0, 1), arriving on tick 15544.
0-1 started moving to GRID(2, 0), arriving on tick 15556.
3-1 started moving to GRID(1, 0), arriving on tick 15588.
5-1 started moving to GRID(1, 1), arriving on tick 15598.
2-1 started moving to GRID(0, 0), arriving on tick 15634.
0-1 started moving to GRID(2, 1), arriving on tick 15646.
3-1 started moving to GRID(2, 0), arriving on tick 15678.
5-1 started moving to GRID(0, 1), arriving on tick 15688.
2-1 started moving to GRID(1, 0), arriving on tick 15724.
0-1 started moving to GRID(1, 1), arriving on tick 15736.
3-1 started moving to GRID(2, 1), arriving on tick 15768.
5-1 started moving to GRID(0, 0), arriving on tick 15778.
2-1 started moving to GRID(2, 0), arriving on tick 15814.
0-1 started moving to GRID(0, 1), arriving on tick 15826.
3-1 started moving to GRID(1, 1), arriving on tick 15858.
5-1 started moving to GRID(1, 0), arriving on tick 15868.
2-1 started moving to GRID(2, 1), arriving on tick 15904.
0-1 started moving to GRID(0, 0), arriving on tick 15916.
3-1 started moving to GRID(0, 1), arriving on tick 15948.
5-1 started moving to GRID(2, 0), arriving on tick 15958.
2-1 started moving to GRID(1, 1), arriving on tick 15994.
0-1 started moving to GRID(1, 0), arriving on tick 16006.
3-1 started moving to GRID(0, 0), arriving on tick 16038.
5-1 started moving to GRID(2, 1), arriving on tick 16048.
2-1 started moving to GRID(0, 1), arriving on tick 16084.
0-1 started moving to GRID(2, 0), arriving on tick 16096.
3-1 started moving to GRID(1, 0), arriving on tick 16128.
5-1 started moving to GRID(1, 1), arriving on tick 16138.
2-1 started moving to GRID(0, 0), arriving on tick 16174.
0-1 started moving to GRID(2, 1), arriving on tick 16186.
3-1 started moving to GRID(2, 0), arriving on tick 16218.
5-1 started moving to GRID(0, 1), arriving on tick 16228.
2-1 started moving to GRID(1, 0), arriving on tick 16264.
0-1 started moving to GRID(1, 1), arriving on tick 16276.
3-1 started moving to GRID(2, 1), arriving on tick 16308.
5-1 started moving to GRID(0, 0), arriving on tick 16318.
2-1 started moving to GRID(2, 0), arriving on tick 16354.
0-1 started moving to GRID(0, 1), arriving on tick 16366.
3-1 started moving to GRID(1, 1), arriving on tick 16398.
5-1 started moving to GRID(1, 0), arriving on tick 16408.
2-1 started moving to GRID(2, 1), arriving on tick 16444.
0-1 started moving to GRID(0, 0), arriving on tick 16456.
3-1 started moving to GRID(0, 1), arriving on tick 16488.
5-1 started moving to GRID(2, 0), arriving on tick 16498.
2-1 started moving to GRID(1, 1), arriving on tick 16534.
0-1 started moving to GRID(1, 0), arriving on tick 16546.
3-1 started moving to GRID(0, 0), arriving on tick 16578.
5-1 started moving to GRID(2, 1), arriving on tick 16588.
2-1 started moving to GRID(0, 1), arriving on tick 16624.
0-1 started moving to GRID(2, 0), arriving on tick 16636.
3-1 started moving to GRID(1, 0), arriving on tick 16668.
5-1 started moving to GRID(1, 1), arriving on tick 16678.
2-1 started moving to GRID(0, 0), arriving on tick 16714.
0-1 started moving to GRID(2, 1), arriving on tick 16726.
3-1 started moving to GRID(2, 0), arriving on tick 16758.
5-1 started moving to GRID(0, 1), arriving on tick 16768.
2-1 started moving to GRID(1, 0), arriving on tick 16804.
0-1 started moving to GRID(1, 1), arriving on tick 16816.
3-1 started moving to GRID(2, 1), arriving on tick 16848.
5-1 started moving to GRID(0, 0), arriving on tick 16858.
2-1 started moving to GRID(2, 0), arriving on tick 16894.
0-1 started moving to GRID(0, 1), arriving on tick 16906.
3-1 started moving to GRID(1, 1), arriving on tick 16938.
5-1 started moving to GRID(1, 0), arriving on tick 16948.
2-1 started moving to GRID(2, 1), arriving on tick 16984.
0-1 started moving to GRID(0, 0), arriving on tick 16996.
3-1 started moving to GRID(0, 1), arriving on tick 17028.
5-1 started moving to GRID(2, 0), arriving on tick 17038.
2-1 started moving to GRID(1, 1), arriving on tick 17074.
0-1 started moving to GRID(1, 0), arriving on tick 17086.
3-1 started moving to GRID(0, 0), arriving on tick 17118.
5-1 started moving to GRID(2, 1), arriving on tick 17128.
2-1 started moving to GRID(0, 1), arriving on tick 17164.
0-1 started moving to GRID(2, 0), arriving on tick 17176.
3-1 started moving to GRID(1, 0), arriving on tick 17208.
5-1 started moving to GRID(1, 1), arriving on tick 17218.
2-1 started moving to GRID(0, 0), arriving on tick 17254.
0-1 started moving to GRID(2, 1), arriving on tick 17266.
3-1 started moving to GRID(2, 0), arriving on tick 17298.
5-1 started moving to GRID(0, 1), arriving on tick 17308.
2-1 started moving to GRID(1, 0), arriving on tick 17344.
0-1 started moving to GRID(1, 1), arriving on tick 17356.
3-1 started moving to GRID(2, 1), arriving on tick 17388.
5-1 started moving to GRID(0, 0), arriving on tick 17398.
2-1 started moving to GRID(2, 0), arriving on tick 17434.
0-1 started moving to GRID(0, 1), arriving on tick 17446.
3-1 started moving to GRID(1, 1), arriving on tick 17478.
5-1 started moving to GRID(1, 0), arriving on tick 17488.
2-1 started moving to GRID(2, 1), arriving on tick 17524.
0-1 started moving to GRID(0, 0), arriving on tick 17536.
3-1 started moving to GRID(0, 1), arriving on tick 17568.
5-1 started moving to GRID(2, 0), arriving on tick 17578.
2-1 started moving to GRID(1, 1), arriving on tick 17614.
0-1 started moving to GRID(1, 0), arriving on tick 17626.
3-1 started moving to GRID(0, 0), arriving on tick 17658.
5-1 started moving to GRID(2, 1), arriving on tick 17668.
2-1 started moving to GRID(0, 1), arriving on tick 17704.
0-1 started moving to GRID(2, 0), arriving on tick 17716.
3-1 started moving to GRID(1, 0), arriving on tick 17748.
5-1 started moving to GRID(1, 1), arriving on tick 17758.
2-1 started moving to GRID(0, 0), arriving on tick 17794.
0-1 started moving to GRID(2, 1), arriving on tick 17806.
3-1 started moving to GRID(2, 0), arriving on tick 17838.
5-1 started moving to GRID(0, 1), arriving on tick 17848.
2-1 started moving to GRID(1, 0), arriving on tick 17884.
0-1 started moving to GRID(1, 1), arriving on tick 17896.
3-1 started moving to GRID(2, 1), arriving on tick 17928.
5-1 started moving to GRID(0, 0), arriving on tick 17938.
2-1 started moving to GRID(2, 0), arriving on tick 17974.
0-1 started moving to GRID(0, 1), arriving on tick 17986.
3-1 started moving to GRID(1, 1), arriving on tick 18018.
5-1 started moving to GRID(1, 0), arriving on tick 18028.
