[
	(EntityID(0, 1), Knight)
	(EntityID(1, 1), Knight)
	(EntityID(2, 1), Knight)
	(EntityID(3, 1), Knight)
	(EntityID(4, 1), Knight)
	(EntityID(5, 1), Knight)
	(EntityID(6, 1), Knight)
]

START OF EVENT TRANSCRIPT
0-1 started moving to GRID(4, 4), arriving on tick 42.
1-1 started moving to GRID(3, 2), arriving on tick 42.
2-1 started moving to GRID(5, 3), arriving on tick 30.
3-1 started moving to GRID(2, 3), arriving on tick 42.
4-1 started moving to GRID(8, 1), arriving on tick 30.
5-1 started moving to GRID(4, 4), arriving on tick 30.
6-1 started moving to GRID(7, 2), arriving on tick 30.
2-1 started moving to GRID(4, 2), arriving on tick 72.
4-1 started moving to GRID(7, 1), arriving on tick 60.
5-1 started moving to GRID(4, 3), arriving on tick 60.
6-1 started moving to GRID(6, 3), arriving on tick 72.
0-1 started moving to GRID(3, 4), arriving on tick 72.
1-1 started moving to GRID(2, 2), arriving on tick 72.
3-1 started moving to GRID(2, 2), arriving on tick 72.
4-1 started moving to GRID(6, 1), arriving on tick 90.
5-1 started moving to GRID(3, 3), arriving on tick 90.
2-1 started moving to GRID(3, 1), arriving on tick 114.
6-1 started moving to GRID(5, 2), arriving on tick 114.
0-1 started moving to GRID(2, 4), arriving on tick 102.
1-1 started moving to GRID(1, 1), arriving on tick 114.
3-1 started moving to GRID(1, 1), arriving on tick 114.
4-1 started moving to GRID(5, 1), arriving on tick 120.
5-1 started moving to GRID(3, 2), arriving on tick 120.
0-1 started moving to GRID(1, 3), arriving on tick 144.
2-1 started moving to GRID(2, 1), arriving on tick 144.
6-1 started moving to GRID(4, 1), arriving on tick 156.
1-1 started moving to GRID(1, 0), arriving on tick 144.
3-1 started moving to GRID(1, 0), arriving on tick 144.
4-1 started moving to GRID(6, 0), arriving on tick 162.
5-1 started moving to GRID(2, 2), arriving on tick 150.
0-1 started moving to GRID(1, 2), arriving on tick 174.
2-1 started moving to GRID(3, 0), arriving on tick 186.
5-1 started moving to GRID(1, 1), arriving on tick 192.
6-1 started moving to GRID(3, 1), arriving on tick 186.
4-1 started moving to GRID(5, 0), arriving on tick 192.
0-1 started moving to GRID(0, 1), arriving on tick 216.
2-1 started moving to GRID(2, 0), arriving on tick 216.
5-1 started moving to GRID(0, 0), arriving on tick 234.
4-1 started moving to GRID(4, 0), arriving on tick 222.
1-1 attacked 5-1 for 18 damage.
3-1 attacked 5-1 for 8 damage.
2-1 started moving to GRID(2, 0), arriving on tick 226.
4-1 started moving to GRID(3, 0), arriving on tick 252.
2-1 started moving to GRID(2, 0), arriving on tick 236.
2-1 started moving to GRID(1, 1), arriving on tick 278.
6-1 started moving to GRID(2, 1), arriving on tick 276.
4-1 started moving to GRID(3, 0), arriving on tick 262.
4-1 started moving to GRID(3, 0), arriving on tick 272.
1-1 attacked 5-1 for 8 damage.
3-1 attacked 5-1 for 8 damage.
4-1 started moving to GRID(3, 0), arriving on tick 282.
0-1 attacked 5-1 for 8 damage.
6-1 started moving to GRID(1, 2), arriving on tick 318.
2-1 started moving to GRID(0, 2), arriving on tick 320.
4-1 started moving to GRID(2, 0), arriving on tick 312.
5-1 attacked 2-1 for 8 damage.
4-1 started moving to GRID(3, 1), arriving on tick 354.
6-1 started moving to GRID(0, 3), arriving on tick 360.
2-1 started moving to GRID(0, 2), arriving on tick 330.
1-1 attacked 5-1 for 8 damage.
3-1 attacked 5-1 for 8 damage.
2-1 started moving to GRID(1, 1), arriving on tick 372.
0-1 attacked 5-1 for 8 damage.
5-1 attacked 2-1 for 8 damage.
4-1 started moving to GRID(2, 1), arriving on tick 384.
6-1 started moving to GRID(0, 3), arriving on tick 370.
6-1 started moving to GRID(1, 2), arriving on tick 412.
2-1 started moving to GRID(2, 0), arriving on tick 414.
1-1 attacked 5-1 for 8 damage.
3-1 attacked 5-1 for 8 damage.
4-1 started moving to GRID(3, 0), arriving on tick 426.
0-1 attacked 5-1 for 8 damage.
6-1 started moving to GRID(0, 2), arriving on tick 442.
5-1 attacked 2-1 for 8 damage.
2-1 started moving to GRID(2, 0), arriving on tick 424.
2-1 started moving to GRID(1, 1), arriving on tick 466.
4-1 started moving to GRID(3, 0), arriving on tick 436.
4-1 started moving to GRID(2, 1), arriving on tick 478.
6-1 started moving to GRID(1, 3), arriving on tick 484.
1-1 attacked 5-1 for 18 damage.
3-1 attacked 5-1 for 8 damage.
0-1 attacked 5-1 for 8 damage.
2-1 started moving to GRID(1, 1), arriving on tick 476.
5-1 attacked 2-1 for 8 damage.
2-1 started moving to GRID(2, 0), arriving on tick 518.
4-1 started moving to GRID(1, 2), arriving on tick 520.
6-1 started moving to GRID(2, 2), arriving on tick 526.
1-1 attacked 5-1 for 18 damage.
3-1 attacked 5-1 for 18 damage.
0-1 attacked 5-1 for 18 damage.
2-1 started moving to GRID(2, 0), arriving on tick 528.
4-1 started moving to GRID(1, 1), arriving on tick 550.
6-1 started moving to GRID(2, 1), arriving on tick 556.
2-1 started moving to GRID(2, 0), arriving on tick 538.
5-1 attacked 2-1 for 8 damage.
2-1 started moving to GRID(2, 0), arriving on tick 548.
2-1 started moving to GRID(2, 0), arriving on tick 558.
4-1 started moving to GRID(0, 2), arriving on tick 592.
6-1 started moving to GRID(3, 0), arriving on tick 598.
2-1 started moving to GRID(2, 0), arriving on tick 568.
1-1 attacked 5-1 for 8 damage.
3-1 attacked 5-1 for 8 damage.
2-1 started moving to GRID(2, 0), arriving on tick 578.
0-1 attacked 5-1 for 18 damage.
2-1 started moving to GRID(2, 0), arriving on tick 588.
2-1 started moving to GRID(2, 0), arriving on tick 598.
4-1 started moving to GRID(1, 3), arriving on tick 634.
5-1 attacked 2-1 for 8 damage.
6-1 started moving to GRID(3, 0), arriving on tick 608.
2-1 started moving to GRID(1, 1), arriving on tick 640.
6-1 started moving to GRID(2, 1), arriving on tick 650.
1-1 attacked 5-1 for 8 damage.
3-1 attacked 5-1 for 8 damage.
4-1 started moving to GRID(1, 2), arriving on tick 664.
0-1 attacked 5-1 for 8 damage.
2-1 started moving to GRID(0, 2), arriving on tick 682.
6-1 started moving to GRID(2, 0), arriving on tick 680.
5-1 attacked 2-1 for 8 damage.
4-1 started moving to GRID(0, 3), arriving on tick 706.
6-1 started moving to GRID(3, 1), arriving on tick 722.
2-1 started moving to GRID(0, 2), arriving on tick 692.
5-1 died.
1-1 attacked 5-1 for 6 damage.
3-1 attacked 6-1 for 8 damage.
0-1 attacked 4-1 for 8 damage.
6-1 started moving to GRID(2, 1), arriving on tick 752.
1-1 cast Bulwark, affecting [EntityID(1, 1)].
3-1 cast Bulwark, affecting [EntityID(3, 1)].
2-1 attacked 4-1 for 8 damage.
6-1 started moving to GRID(1, 2), arriving on tick 794.
0-1 started moving to GRID(0, 1), arriving on tick 766.
4-1 attacked 2-1 for 8 damage.
0-1 started moving to GRID(0, 1), arriving on tick 776.
0-1 started moving to GRID(0, 1), arriving on tick 786.
0-1 started moving to GRID(0, 1), arriving on tick 796.
0-1 started moving to GRID(0, 1), arriving on tick 806.
3-1 started moving to GRID(2, 1), arriving on tick 846.
1-1 started moving to GRID(2, 1), arriving on tick 846.
0-1 started moving to GRID(0, 1), arriving on tick 816.
2-1 attacked 4-1 for 8 damage.
0-1 started moving to GRID(0, 1), arriving on tick 826.
4-1 attacked 2-1 for 8 damage.
0-1 started moving to GRID(0, 1), arriving on tick 836.
0-1 started moving to GRID(0, 1), arriving on tick 846.
3-1 started moving to GRID(1, 1), arriving on tick 876.
1-1 started moving to GRID(1, 1), arriving on tick 876.
0-1 started moving to GRID(0, 1), arriving on tick 856.
6-1 attacked 2-1 for 8 damage.
0-1 started moving to GRID(0, 1), arriving on tick 866.
0-1 started moving to GRID(0, 1), arriving on tick 876.
2-1 attacked 4-1 for 8 damage.
0-1 started moving to GRID(0, 1), arriving on tick 886.
4-1 attacked 2-1 for 8 damage.
0-1 started moving to GRID(0, 1), arriving on tick 896.
0-1 started moving to GRID(0, 1), arriving on tick 906.
0-1 started moving to GRID(0, 1), arriving on tick 916.
6-1 attacked 2-1 for 8 damage.
0-1 started moving to GRID(0, 1), arriving on tick 926.
0-1 started moving to GRID(0, 1), arriving on tick 936.
2-1 attacked 4-1 for 8 damage.
3-1 attacked 6-1 for 8 damage.
1-1 attacked 6-1 for 8 damage.
0-1 started moving to GRID(0, 1), arriving on tick 946.
4-1 attacked 2-1 for 8 damage.
0-1 started moving to GRID(0, 1), arriving on tick 956.
0-1 started moving to GRID(0, 1), arriving on tick 966.
0-1 started moving to GRID(0, 1), arriving on tick 976.
6-1 attacked 2-1 for 8 damage.
0-1 started moving to GRID(0, 1), arriving on tick 986.
0-1 started moving to GRID(0, 1), arriving on tick 996.
2-1 attacked 4-1 for 8 damage.
3-1 attacked 6-1 for 8 damage.
1-1 attacked 6-1 for 8 damage.
0-1 started moving to GRID(0, 1), arriving on tick 1006.
4-1 attacked 2-1 for 8 damage.
0-1 started moving to GRID(0, 1), arriving on tick 1016.
0-1 started moving to GRID(0, 1), arriving on tick 1026.
0-1 started moving to GRID(0, 1), arriving on tick 1036.
6-1 attacked 2-1 for 8 damage.
0-1 started moving to GRID(0, 1), arriving on tick 1046.
0-1 started moving to GRID(0, 1), arriving on tick 1056.
2-1 attacked 4-1 for 8 damage.
3-1 attacked 6-1 for 8 damage.
1-1 attacked 6-1 for 8 damage.
0-1 started moving to GRID(0, 1), arriving on tick 1066.
4-1 attacked 2-1 for 8 damage.
0-1 started moving to GRID(0, 1), arriving on tick 1076.
0-1 started moving to GRID(0, 1), arriving on tick 1086.
0-1 started moving to GRID(0, 1), arriving on tick 1096.
6-1 attacked 2-1 for 8 damage.
0-1 started moving to GRID(0, 1), arriving on tick 1106.
0-1 started moving to GRID(0, 1), arriving on tick 1116.
2-1 attacked 4-1 for 8 damage.
3-1 attacked 6-1 for 8 damage.
1-1 attacked 6-1 for 8 damage.
0-1 started moving to GRID(0, 1), arriving on tick 1126.
4-1 attacked 2-1 for 8 damage.
0-1 started moving to GRID(0, 1), arriving on tick 1136.
0-1 started moving to GRID(0, 1), arriving on tick 1146.
0-1 started moving to GRID(0, 1), arriving on tick 1156.
6-1 attacked 2-1 for 8 damage.
0-1 started moving to GRID(0, 1), arriving on tick 1166.
0-1 started moving to GRID(0, 1), arriving on tick 1176.
2-1 attacked 4-1 for 18 damage.
3-1 attacked 6-1 for 8 damage.
1-1 attacked 6-1 for 18 damage.
0-1 started moving to GRID(0, 1), arriving on tick 1186.
4-1 attacked 2-1 for 8 damage.
0-1 started moving to GRID(0, 1), arriving on tick 1196.
0-1 started moving to GRID(0, 1), arriving on tick 1206.
0-1 started moving to GRID(0, 1), arriving on tick 1216.
6-1 attacked 2-1 for 8 damage.
0-1 started moving to GRID(0, 1), arriving on tick 1226.
0-1 started moving to GRID(0, 1), arriving on tick 1236.
2-1 attacked 4-1 for 18 damage.
3-1 attacked 6-1 for 8 damage.
1-1 attacked 6-1 for 8 damage.
0-1 started moving to GRID(0, 1), arriving on tick 1246.
4-1 attacked 2-1 for 8 damage.
0-1 started moving to GRID(0, 1), arriving on tick 1256.
0-1 started moving to GRID(0, 1), arriving on tick 1266.
0-1 started moving to GRID(0, 1), arriving on tick 1276.
6-1 attacked 2-1 for 8 damage.
0-1 started moving to GRID(0, 1), arriving on tick 1286.
0-1 started moving to GRID(0, 1), arriving on tick 1296.
2-1 cast Bulwark, affecting [EntityID(2, 1)].
3-1 attacked 6-1 for 8 damage.
1-1 attacked 6-1 for 8 damage.
0-1 started moving to GRID(0, 1), arriving on tick 1306.
4-1 attacked 2-1 for 5 damage.
0-1 started moving to GRID(0, 1), arriving on tick 1316.
0-1 started moving to GRID(0, 1), arriving on tick 1326.
0-1 started moving to GRID(0, 1), arriving on tick 1336.
6-1 attacked 2-1 for 5 damage.
0-1 started moving to GRID(0, 1), arriving on tick 1346.
0-1 started moving to GRID(0, 1), arriving on tick 1356.
2-1 attacked 4-1 for 8 damage.
3-1 attacked 6-1 for 8 damage.
1-1 attacked 6-1 for 18 damage.
0-1 started moving to GRID(0, 1), arriving on tick 1366.
4-1 attacked 2-1 for 5 damage.
0-1 started moving to GRID(0, 1), arriving on tick 1376.
0-1 started moving to GRID(0, 1), arriving on tick 1386.
0-1 started moving to GRID(0, 1), arriving on tick 1396.
6-1 attacked 2-1 for 5 damage.
0-1 started moving to GRID(0, 1), arriving on tick 1406.
0-1 started moving to GRID(0, 1), arriving on tick 1416.
2-1 attacked 4-1 for 8 damage.
3-1 attacked 6-1 for 8 damage.
1-1 attacked 6-1 for 8 damage.
0-1 started moving to GRID(0, 1), arriving on tick 1426.
4-1 attacked 2-1 for 15 damage.
0-1 started moving to GRID(0, 1), arriving on tick 1436.
0-1 started moving to GRID(0, 1), arriving on tick 1446.
0-1 started moving to GRID(0, 1), arriving on tick 1456.
6-1 attacked 2-1 for 5 damage.
0-1 started moving to GRID(0, 1), arriving on tick 1466.
0-1 started moving to GRID(0, 1), arriving on tick 1476.
2-1 attacked 4-1 for 8 damage.
3-1 cast Bulwark, affecting [EntityID(3, 1)].
1-1 cast Bulwark, affecting [EntityID(1, 1)].
0-1 started moving to GRID(0, 1), arriving on tick 1486.
4-1 attacked 2-1 for 5 damage.
0-1 started moving to GRID(0, 1), arriving on tick 1496.
0-1 started moving to GRID(0, 1), arriving on tick 1506.
0-1 started moving to GRID(0, 1), arriving on tick 1516.
6-1 attacked 2-1 for 5 damage.
0-1 started moving to GRID(0, 1), arriving on tick 1526.
0-1 started moving to GRID(0, 1), arriving on tick 1536.
2-1 attacked 4-1 for 8 damage.
3-1 attacked 6-1 for 8 damage.
1-1 attacked 6-1 for 8 damage.
0-1 started moving to GRID(0, 1), arriving on tick 1546.
4-1 attacked 2-1 for 5 damage.
0-1 started moving to GRID(0, 1), arriving on tick 1556.
0-1 started moving to GRID(0, 1), arriving on tick 1566.
0-1 started moving to GRID(0, 1), arriving on tick 1576.
2-1 died.
6-1 attacked 2-1 for 3 damage.
0-1 started moving to GRID(0, 2), arriving on tick 1606.
3-1 attacked 6-1 for 8 damage.
1-1 attacked 6-1 for 8 damage.
4-1 started moving to GRID(1, 4), arriving on tick 1648.
6-1 attacked 0-1 for 8 damage.
4-1 started moving to GRID(1, 3), arriving on tick 1678.
3-1 attacked 6-1 for 8 damage.
1-1 attacked 6-1 for 8 damage.
0-1 started moving to GRID(0, 2), arriving on tick 1676.
0-1 started moving to GRID(0, 1), arriving on tick 1706.
4-1 started moving to GRID(2, 2), arriving on tick 1720.
6-1 started moving to GRID(0, 3), arriving on tick 1736.
3-1 started moving to GRID(0, 0), arriving on tick 1758.
1-1 started moving to GRID(0, 0), arriving on tick 1758.
4-1 started moving to GRID(2, 1), arriving on tick 1750.
6-1 started moving to GRID(0, 2), arriving on tick 1766.
4-1 started moving to GRID(1, 0), arriving on tick 1792.
0-1 started moving to GRID(1, 2), arriving on tick 1808.
0-1 started moving to GRID(1, 1), arriving on tick 1838.
3-1 started moving to GRID(0, 1), arriving on tick 1848.
1-1 started moving to GRID(0, 1), arriving on tick 1848.
6-1 started moving to GRID(1, 3), arriving on tick 1868.
4-1 started moving to GRID(0, 0), arriving on tick 1882.
6-1 started moving to GRID(1, 2), arriving on tick 1898.
0-1 started moving to GRID(1, 0), arriving on tick 1928.
3-1 started moving to GRID(0, 2), arriving on tick 1938.
1-1 started moving to GRID(0, 2), arriving on tick 1938.
4-1 started moving to GRID(0, 1), arriving on tick 1972.
6-1 started moving to GRID(1, 1), arriving on tick 1988.
0-1 started moving to GRID(0, 0), arriving on tick 2018.
3-1 started moving to GRID(1, 2), arriving on tick 2028.
1-1 started moving to GRID(1, 2), arriving on tick 2028.
4-1 started moving to GRID(0, 2), arriving on tick 2062.
6-1 started moving to GRID(1, 0), arriving on tick 2078.
0-1 started moving to GRID(0, 1), arriving on tick 2108.
3-1 started moving to GRID(1, 1), arriving on tick 2118.
1-1 started moving to GRID(1, 1), arriving on tick 2118.
4-1 started moving to GRID(1, 2), arriving on tick 2152.
6-1 started moving to GRID(0, 0), arriving on tick 2168.
0-1 started moving to GRID(0, 2), arriving on tick 2198.
3-1 started moving to GRID(1, 0), arriving on tick 2208.
1-1 started moving to GRID(1, 0), arriving on tick 2208.
4-1 started moving to GRID(1, 1), arriving on tick 2242.
6-1 started moving to GRID(0, 1), arriving on tick 2258.
0-1 started moving to GRID(1, 2), arriving on tick 2288.
3-1 started moving to GRID(0, 0), arriving on tick 2298.
1-1 started moving to GRID(0, 0), arriving on tick 2298.
4-1 started moving to GRID(1, 0), arriving on tick 2332.
6-1 started moving to GRID(0, 2), arriving on tick 2348.
0-1 started moving to GRID(1, 1), arriving on tick 2378.
3-1 started moving to GRID(0, 1), arriving on tick 2388.
1-1 started moving to GRID(0, 1), arriving on tick 2388.
4-1 started moving to GRID(0, 0), arriving on tick 2422.
6-1 started moving to GRID(1, 2), arriving on tick 2438.
0-1 started moving to GRID(1, 0), arriving on tick 2468.
3-1 started moving to GRID(0, 2), arriving on tick 2478.
1-1 started moving to GRID(0, 2), arriving on tick 2478.
4-1 started moving to GRID(0, 1), arriving on tick 2512.
6-1 started moving to GRID(1, 1), arriving on tick 2528.
0-1 started moving to GRID(0, 0), arriving on tick 2558.
3-1 started moving to GRID(1, 2), arriving on tick 2568.
1-1 started moving to GRID(1, 2), arriving on tick 2568.
4-1 started moving to GRID(0, 2), arriving on tick 2602.
6-1 started moving to GRID(1, 0), arriving on tick 2618.
0-1 started moving to GRID(0, 1), arriving on tick 2648.
3-1 started moving to GRID(1, 1), arriving on tick 2658.
1-1 started moving to GRID(1, 1), arriving on tick 2658.
4-1 started moving to GRID(1, 2), arriving on tick 2692.
6-1 started moving to GRID(0, 0), arriving on tick 2708.
0-1 started moving to GRID(0, 2), arriving on tick 2738.
3-1 started moving to GRID(1, 0), arriving on tick 2748.
1-1 started moving to GRID(1, 0), arriving on tick 2748.
4-1 started moving to GRID(1, 1), arriving on tick 2782.
6-1 started moving to GRID(0, 1), arriving on tick 2798.
0-1 started moving to GRID(1, 2), arriving on tick 2828.
3-1 started moving to GRID(0, 0), arriving on tick 2838.
1-1 started moving to GRID(0, 0), arriving on tick 2838.
4-1 started moving to GRID(1, 0), arriving on tick 2872.
6-1 started moving to GRID(0, 2), arriving on tick 2888.
0-1 started moving to GRID(1, 1), arriving on tick 2918.
3-1 started moving to GRID(0, 1), arriving on tick 2928.
1-1 started moving to GRID(0, 1), arriving on tick 2928.
4-1 started moving to GRID(0, 0), arriving on tick 2962.
6-1 started moving to GRID(1, 2), arriving on tick 2978.
0-1 started moving to GRID(1, 0), arriving on tick 3008.
3-1 started moving to GRID(0, 2), arriving on tick 3018.
1-1 started moving to GRID(0, 2), arriving on tick 3018.
4-1 started moving to GRID(0, 1), arriving on tick 3052.
6-1 started moving to GRID(1, 1), arriving on tick 3068.
0-1 started moving to GRID(0, 0), arriving on tick 3098.
3-1 started moving to GRID(1, 2), arriving on tick 3108.
1-1 started moving to GRID(1, 2), arriving on tick 3108.
4-1 started moving to GRID(0, 2), arriving on tick 3142.
6-1 started moving to GRID(1, 0), arriving on tick 3158.
0-1 started moving to GRID(0, 1), arriving on tick 3188.
3-1 started moving to GRID(1, 1), arriving on tick 3198.
1-1 started moving to GRID(1, 1), arriving on tick 3198.
4-1 started moving to GRID(1, 2), arriving on tick 3232.
6-1 started moving to GRID(0, 0), arriving on tick 3248.
0-1 started moving to GRID(0, 2), arriving on tick 3278.
3-1 started moving to GRID(1, 0), arriving on tick 3288.
1-1 started moving to GRID(1, 0), arriving on tick 3288.
4-1 started moving to GRID(1, 1), arriving on tick 3322.
6-1 started moving to GRID(0, 1), arriving on tick 3338.
0-1 started moving to GRID(1, 2), arriving on tick 3368.
3-1 started moving to GRID(0, 0), arriving on tick 3378.
1-1 started moving to GRID(0, 0), arriving on tick 3378.
4-1 started moving to GRID(1, 0), arriving on tick 3412.
6-1 started moving to GRID(0, 2), arriving on tick 3428.
0-1 started moving to GRID(1, 1), arriving on tick 3458.
3-1 started moving to GRID(0, 1), arriving on tick 3468.
1-1 started moving to GRID(0, 1), arriving on tick 3468.
4-1 started moving to GRID(0, 0), arriving on tick 3502.
6-1 started moving to GRID(1, 2), arriving on tick 3518.
0-1 started moving to GRID(1, 0), arriving on tick 3548.
3-1 started moving to GRID(0, 2), arriving on tick 3558.
1-1 started moving to GRID(0, 2), arriving on tick 3558.
4-1 started moving to GRID(0, 1), arriving on tick 3592.
6-1 started moving to GRID(1, 1), arriving on tick 3608.
0-1 started moving to GRID(0, 0), arriving on tick 3638.
3-1 started moving to GRID(1, 2), arriving on tick 3648.
1-1 started moving to GRID(1, 2), arriving on tick 3648.
4-1 started moving to GRID(0, 2), arriving on tick 3682.
6-1 started moving to GRID(1, 0), arriving on tick 3698.
0-1 started moving to GRID(0, 1), arriving on tick 3728.
3-1 started moving to GRID(1, 1), arriving on tick 3738.
1-1 started moving to GRID(1, 1), arriving on tick 3738.
4-1 started moving to GRID(1, 2), arriving on tick 3772.
6-1 started moving to GRID(0, 0), arriving on tick 3788.
0-1 started moving to GRID(0, 2), arriving on tick 3818.
3-1 started moving to GRID(1, 0), arriving on tick 3828.
1-1 started moving to GRID(1, 0), arriving on tick 3828.
4-1 started moving to GRID(1, 1), arriving on tick 3862.
6-1 started moving to GRID(0, 1), arriving on tick 3878.
0-1 started moving to GRID(1, 2), arriving on tick 3908.
3-1 started moving to GRID(0, 0), arriving on tick 3918.
1-1 started moving to GRID(0, 0), arriving on tick 3918.
4-1 started moving to GRID(1, 0), arriving on tick 3952.
6-1 started moving to GRID(0, 2), arriving on tick 3968.
0-1 started moving to GRID(1, 1), arriving on tick 3998.
3-1 started moving to GRID(0, 1), arriving on tick 4008.
1-1 started moving to GRID(0, 1), arriving on tick 4008.
4-1 started moving to GRID(0, 0), arriving on tick 4042.
6-1 started moving to GRID(1, 2), arriving on tick 4058.
0-1 started moving to GRID(1, 0), arriving on tick 4088.
3-1 started moving to GRID(0, 2), arriving on tick 4098.
1-1 started moving to GRID(0, 2), arriving on tick 4098.
4-1 started moving to GRID(0, 1), arriving on tick 4132.
6-1 started moving to GRID(1, 1), arriving on tick 4148.
0-1 started moving to GRID(0, 0), arriving on tick 4178.
3-1 started moving to GRID(1, 2), arriving on tick 4188.
1-1 started moving to GRID(1, 2), arriving on tick 4188.
4-1 started moving to GRID(0, 2), arriving on tick 4222.
6-1 started moving to GRID(1, 0), arriving on tick 4238.
0-1 started moving to GRID(0, 1), arriving on tick 4268.
3-1 started moving to GRID(1, 1), arriving on tick 4278.
1-1 started moving to GRID(1, 1), arriving on tick 4278.
4-1 started moving to GRID(1, 2), arriving on tick 4312.
6-1 started moving to GRID(0, 0), arriving on tick 4328.
0-1 started moving to GRID(0, 2), arriving on tick 4358.
3-1 started moving to GRID(1, 0), arriving on tick 4368.
1-1 started moving to GRID(1, 0), arriving on tick 4368.
4-1 started moving to GRID(1, 1), arriving on tick 4402.
6-1 started moving to GRID(0, 1), arriving on tick 4418.
0-1 started moving to GRID(1, 2), arriving on tick 4448.
3-1 started moving to GRID(0, 0), arriving on tick 4458.
1-1 started moving to GRID(0, 0), arriving on tick 4458.
4-1 started moving to GRID(1, 0), arriving on tick 4492.
6-1 started moving to GRID(0, 2), arriving on tick 4508.
0-1 started moving to GRID(1, 1), arriving on tick 4538.
3-1 started moving to GRID(0, 1), arriving on tick 4548.
1-1 started moving to GRID(0, 1), arriving on tick 4548.
4-1 started moving to GRID(0, 0), arriving on tick 4582.
6-1 started moving to GRID(1, 2), arriving on tick 4598.
0-1 started moving to GRID(1, 0), arriving on tick 4628.
3-1 started moving to GRID(0, 2), arriving on tick 4638.
1-1 started moving to GRID(0, 2), arriving on tick 4638.
4-1 started moving to GRID(0, 1), arriving on tick 4672.
6-1 started moving to GRID(1, 1), arriving on tick 4688.
0-1 started moving to GRID(0, 0), arriving on tick 4718.
3-1 started moving to GRID(1, 2), arriving on tick 4728.
1-1 started moving to GRID(1, 2), arriving on tick 4728.
4-1 started moving to GRID(0, 2), arriving on tick 4762.
6-1 started moving to GRID(1, 0), arriving on tick 4778.
0-1 started moving to GRID(0, 1), arriving on tick 4808.
3-1 started moving to GRID(1, 1), arriving on tick 4818.
1-1 started moving to GRID(1, 1), arriving on tick 4818.
4-1 started moving to GRID(1, 2), arriving on tick 4852.
6-1 started moving to GRID(0, 0), arriving on tick 4868.
0-1 started moving to GRID(0, 2), arriving on tick 4898.
3-1 started moving to GRID(1, 0), arriving on tick 4908.
1-1 started moving to GRID(1, 0), arriving on tick 4908.
4-1 started moving to GRID(1, 1), arriving on tick 4942.
6-1 started moving to GRID(0, 1), arriving on tick 4958.
0-1 started moving to GRID(1, 2), arriving on tick 4988.
3-1 started moving to GRID(0, 0), arriving on tick 4998.
1-1 started moving to GRID(0, 0), arriving on tick 4998.
4-1 started moving to GRID(1, 0), arriving on tick 5032.
6-1 started moving to GRID(0, 2), arriving on tick 5048.
0-1 started moving to GRID(1, 1), arriving on tick 5078.
3-1 started moving to GRID(0, 1), arriving on tick 5088.
1-1 started moving to GRID(0, 1), arriving on tick 5088.
4-1 started moving to GRID(0, 0), arriving on tick 5122.
6-1 started moving to GRID(1, 2), arriving on tick 5138.
0-1 started moving to GRID(1, 0), arriving on tick 5168.
3-1 started moving to GRID(0, 2), arriving on tick 5178.
1-1 started moving to GRID(0, 2), arriving on tick 5178.
4-1 started moving to GRID(0, 1), arriving on tick 5212.
6-1 started moving to GRID(1, 1), arriving on tick 5228.
0-1 started moving to GRID(0, 0), arriving on tick 5258.
3-1 started moving to GRID(1, 2), arriving on tick 5268.
1-1 started moving to GRID(1, 2), arriving on tick 5268.
4-1 started moving to GRID(0, 2), arriving on tick 5302.
6-1 started moving to GRID(1, 0), arriving on tick 5318.
0-1 started moving to GRID(0, 1), arriving on tick 5348.
3-1 started moving to GRID(1, 1), arriving on tick 5358.
1-1 started moving to GRID(1, 1), arriving on tick 5358.
4-1 started moving to GRID(1, 2), arriving on tick 5392.
6-1 started moving to GRID(0, 0), arriving on tick 5408.
0-1 started moving to GRID(0, 2), arriving on tick 5438.
3-1 started moving to GRID(1, 0), arriving on tick 5448.
1-1 started moving to GRID(1, 0), arriving on tick 5448.
4-1 started moving to GRID(1, 1), arriving on tick 5482.
6-1 started moving to GRID(0, 1), arriving on tick 5498.
0-1 started moving to GRID(1, 2), arriving on tick 5528.
3-1 started moving to GRID(0, 0), arriving on tick 5538.
1-1 started moving to GRID(0, 0), arriving on tick 5538.
4-1 started moving to GRID(1, 0), arriving on tick 5572.
6-1 started moving to GRID(0, 2), arriving on tick 5588.
0-1 started moving to GRID(1, 1), arriving on tick 5618.
3-1 started moving to GRID(0, 1), arriving on tick 5628.
1-1 started moving to GRID(0, 1), arriving on tick 5628.
4-1 started moving to GRID(0, 0), arriving on tick 5662.
6-1 started moving to GRID(1, 2), arriving on tick 5678.
0-1 started moving to GRID(1, 0), arriving on tick 5708.
3-1 started moving to GRID(0, 2), arriving on tick 5718.
1-1 started moving to GRID(0, 2), arriving on tick 5718.
4-1 started moving to GRID(0, 1), arriving on tick 5752.
6-1 started moving to GRID(1, 1), arriving on tick 5768.
0-1 started moving to GRID(0, 0), arriving on tick 5798.
3-1 started moving to GRID(1, 2), arriving on tick 5808.
1-1 started moving to GRID(1, 2), arriving on tick 5808.
4-1 started moving to GRID(0, 2), arriving on tick 5842.
6-1 started moving to GRID(1, 0), arriving on tick 5858.
0-1 started moving to GRID(0, 1), arriving on tick 5888.
3-1 started moving to GRID(1, 1), arriving on tick 5898.
1-1 started moving to GRID(1, 1), arriving on tick 5898.
4-1 started moving to GRID(1, 2), arriving on tick 5932.
6-1 started moving to GRID(0, 0), arriving on tick 5948.
0-1 started moving to GRID(0, 2), arriving on tick 5978.
3-1 started moving to GRID(1, 0), arriving on tick 5988.
1-1 started moving to GRID(1, 0), arriving on tick 5988.
4-1 started moving to GRID(1, 1), arriving on tick 6022.
6-1 started moving to GRID(0, 1), arriving on tick 6038.
0-1 started moving to GRID(1, 2), arriving on tick 6068.
3-1 started moving to GRID(0, 0), arriving on tick 6078.
1-1 started moving to GRID(0, 0), arriving on tick 6078.
4-1 started moving to GRID(1, 0), arriving on tick 6112.
6-1 started moving to GRID(0, 2), arriving on tick 6128.
0-1 started moving to GRID(1, 1), arriving on tick 6158.
3-1 started moving to GRID(0, 1), arriving on tick 6168.
1-1 started moving to GRID(0, 1), arriving on tick 6168.
4-1 started moving to GRID(0, 0), arriving on tick 6202.
6-1 started moving to GRID(1, 2), arriving on tick 6218.
0-1 started moving to GRID(1, 0), arriving on tick 6248.
3-1 started moving to GRID(0, 2), arriving on tick 6258.
1-1 started moving to GRID(0, 2), arriving on tick 6258.
4-1 started moving to GRID(0, 1), arriving on tick 6292.
6-1 started moving to GRID(1, 1), arriving on tick 6308.
0-1 started moving to GRID(0, 0), arriving on tick 6338.
3-1 started moving to GRID(1, 2), arriving on tick 6348.
1-1 started moving to GRID(1, 2), arriving on tick 6348.
4-1 started moving to GRID(0, 2), arriving on tick 6382.
6-1 started moving to GRID(1, 0), arriving on tick 6398.
0-1 started moving to GRID(0, 1), arriving on tick 6428.
3-1 started moving to GRID(1, 1), arriving on tick 6438.
1-1 started moving to GRID(1, 1), arriving on tick 6438.
4-1 started moving to GRID(1, 2), arriving on tick 6472.
6-1 started moving to GRID(0, 0), arriving on tick 6488.
0-1 started moving to GRID(0, 2), arriving on tick 6518.
3-1 started moving to GRID(1, 0), arriving on tick 6528.
1-1 started moving to GRID(1, 0), arriving on tick 6528.
4-1 started moving to GRID(1, 1), arriving on tick 6562.
6-1 started moving to GRID(0, 1), arriving on tick 6578.
0-1 started moving to GRID(1, 2), arriving on tick 6608.
3-1 started moving to GRID(0, 0), arriving on tick 6618.
1-1 started moving to GRID(0, 0), arriving on tick 6618.
4-1 started moving to GRID(1, 0), arriving on tick 6652.
6-1 started moving to GRID(0, 2), arriving on tick 6668.
0-1 started moving to GRID(1, 1), arriving on tick 6698.
3-1 started moving to GRID(0, 1), arriving on tick 6708.
1-1 started moving to GRID(0, 1), arriving on tick 6708.
4-1 started moving to GRID(0, 0), arriving on tick 6742.
6-1 started moving to GRID(1, 2), arriving on tick 6758.
0-1 started moving to GRID(1, 0), arriving on tick 6788.
3-1 started moving to GRID(0, 2), arriving on tick 6798.
1-1 started moving to GRID(0, 2), arriving on tick 6798.
4-1 started moving to GRID(0, 1), arriving on tick 6832.
6-1 started moving to GRID(1, 1), arriving on tick 6848.
0-1 started moving to GRID(0, 0), arriving on tick 6878.
3-1 started moving to GRID(1, 2), arriving on tick 6888.
1-1 started moving to GRID(1, 2), arriving on tick 6888.
4-1 started moving to GRID(0, 2), arriving on tick 6922.
6-1 started moving to GRID(1, 0), arriving on tick 6938.
0-1 started moving to GRID(0, 1), arriving on tick 6968.
3-1 started moving to GRID(1, 1), arriving on tick 6978.
1-1 started moving to GRID(1, 1), arriving on tick 6978.
4-1 started moving to GRID(1, 2), arriving on tick 7012.
6-1 started moving to GRID(0, 0), arriving on tick 7028.
0-1 started moving to GRID(0, 2), arriving on tick 7058.
3-1 started moving to GRID(1, 0), arriving on tick 7068.
1-1 started moving to GRID(1, 0), arriving on tick 7068.
4-1 started moving to GRID(1, 1), arriving on tick 7102.
6-1 started moving to GRID(0, 1), arriving on tick 7118.
0-1 started moving to GRID(1, 2), arriving on tick 7148.
3-1 started moving to GRID(0, 0), arriving on tick 7158.
1-1 started moving to GRID(0, 0), arriving on tick 7158.
4-1 started moving to GRID(1, 0), arriving on tick 7192.
6-1 started moving to GRID(0, 2), arriving on tick 7208.
0-1 started moving to GRID(1, 1), arriving on tick 7238.
3-1 started moving to GRID(0, 1), arriving on tick 7248.
1-1 started moving to GRID(0, 1), arriving on tick 7248.
4-1 started moving to GRID(0, 0), arriving on tick 7282.
6-1 started moving to GRID(1, 2), arriving on tick 7298.
0-1 started moving to GRID(1, 0), arriving on tick 7328.
3-1 started moving to GRID(0, 2), arriving on tick 7338.
1-1 started moving to GRID(0, 2), arriving on tick 7338.
4-1 started moving to GRID(0, 1), arriving on tick 7372.
6-1 started moving to GRID(1, 1), arriving on tick 7388.
0-1 started moving to GRID(0, 0), arriving on tick 7418.
3-1 started moving to GRID(1, 2), arriving on tick 7428.
1-1 started moving to GRID(1, 2), arriving on tick 7428.
4-1 started moving to GRID(0, 2), arriving on tick 7462.
6-1 started moving to GRID(1, 0), arriving on tick 7478.
0-1 started moving to GRID(0, 1), arriving on tick 7508.
3-1 started moving to GRID(1, 1), arriving on tick 7518.
1-1 started moving to GRID(1, 1), arriving on tick 7518.
4-1 started moving to GRID(1, 2), arriving on tick 7552.
6-1 started moving to GRID(0, 0), arriving on tick 7568.
0-1 started moving to GRID(0, 2), arriving on tick 7598.
3-1 started moving to GRID(1, 0), arriving on tick 7608.
1-1 started moving to GRID(1, 0), arriving on tick 7608.
4-1 started moving to GRID(1, 1), arriving on tick 7642.
6-1 started moving to GRID(0, 1), arriving on tick 7658.
0-1 started moving to GRID(1, 2), arriving on tick 7688.
3-1 started moving to GRID(0, 0), arriving on tick 7698.
1-1 started moving to GRID(0, 0), arriving on tick 7698.
4-1 started moving to GRID(1, 0), arriving on tick 7732.
6-1 started moving to GRID(0, 2), arriving on tick 7748.
0-1 started moving to GRID(1, 1), arriving on tick 7778.
3-1 started moving to GRID(0, 1), arriving on tick 7788.
1-1 started moving to GRID(0, 1), arriving on tick 7788.
4-1 started moving to GRID(0, 0), arriving on tick 7822.
6-1 started moving to GRID(1, 2), arriving on tick 7838.
0-1 started moving to GRID(1, 0), arriving on tick 7868.
3-1 started moving to GRID(0, 2), arriving on tick 7878.
1-1 started moving to GRID(0, 2), arriving on tick 7878.
4-1 started moving to GRID(0, 1), arriving on tick 7912.
6-1 started moving to GRID(1, 1), arriving on tick 7928.
0-1 started moving to GRID(0, 0), arriving on tick 7958.
3-1 started moving to GRID(1, 2), arriving on tick 7968.
1-1 started moving to GRID(1, 2), arriving on tick 7968.
4-1 started moving to GRID(0, 2), arriving on tick 8002.
6-1 started moving to GRID(1, 0), arriving on tick 8018.
0-1 started moving to GRID(0, 1), arriving on tick 8048.
3-1 started moving to GRID(1, 1), arriving on tick 8058.
1-1 started moving to GRID(1, 1), arriving on tick 8058.
4-1 started moving to GRID(1, 2), arriving on tick 8092.
6-1 started moving to GRID(0, 0), arriving on tick 8108.
0-1 started moving to GRID(0, 2), arriving on tick 8138.
3-1 started moving to GRID(1, 0), arriving on tick 8148.
1-1 started moving to GRID(1, 0), arriving on tick 8148.
4-1 started moving to GRID(1, 1), arriving on tick 8182.
6-1 started moving to GRID(0, 1), arriving on tick 8198.
0-1 started moving to GRID(1, 2), arriving on tick 8228.
3-1 started moving to GRID(0, 0), arriving on tick 8238.
1-1 started moving to GRID(0, 0), arriving on tick 8238.
4-1 started moving to GRID(1, 0), arriving on tick 8272.
6-1 started moving to GRID(0, 2), arriving on tick 8288.
0-1 started moving to GRID(1, 1), arriving on tick 8318.
3-1 started moving to GRID(0, 1), arriving on tick 8328.
1-1 started moving to GRID(0, 1), arriving on tick 8328.
4-1 started moving to GRID(0, 0), arriving on tick 8362.
6-1 started moving to GRID(1, 2), arriving on tick 8378.
0-1 started moving to GRID(1, 0), arriving on tick 8408.
3-1 started moving to GRID(0, 2), arriving on tick 8418.
1-1 started moving to GRID(0, 2), arriving on tick 8418.
4-1 started moving to GRID(0, 1), arriving on tick 8452.
6-1 started moving to GRID(1, 1), arriving on tick 8468.
0-1 started moving to GRID(0, 0), arriving on tick 8498.
3-1 started moving to GRID(1, 2), arriving on tick 8508.
1-1 started moving to GRID(1, 2), arriving on tick 8508.
4-1 started moving to GRID(0, 2), arriving on tick 8542.
6-1 started moving to GRID(1, 0), arriving on tick 8558.
0-1 started moving to GRID(0, 1), arriving on tick 8588.
3-1 started moving to GRID(1, 1), arriving on tick 8598.
1-1 started moving to GRID(1, 1), arriving on tick 8598.
4-1 started moving to GRID(1, 2), arriving on tick 8632.
6-1 started moving to GRID(0, 0), arriving on tick 8648.
0-1 started moving to GRID(0, 2), arriving on tick 8678.
3-1 started moving to GRID(1, 0), arriving on tick 8688.
1-1 started moving to GRID(1, 0), arriving on tick 8688.
4-1 started moving to GRID(1, 1), arriving on tick 8722.
6-1 started moving to GRID(0, 1), arriving on tick 8738.
0-1 started moving to GRID(1, 2), arriving on tick 8768.
3-1 started moving to GRID(0, 0), arriving on tick 8778.
1-1 started moving to GRID(0, 0), arriving on tick 8778.
4-1 started moving to GRID(1, 0), arriving on tick 8812.
6-1 started moving to GRID(0, 2), arriving on tick 8828.
0-1 started moving to GRID(1, 1), arriving on tick 8858.
3-1 started moving to GRID(0, 1), arriving on tick 8868.
1-1 started moving to GRID(0, 1), arriving on tick 8868.
4-1 started moving to GRID(0, 0), arriving on tick 8902.
6-1 started moving to GRID(1, 2), arriving on tick 8918.
0-1 started moving to GRID(1, 0), arriving on tick 8948.
3-1 started moving to GRID(0, 2), arriving on tick 8958.
1-1 started moving to GRID(0, 2), arriving on tick 8958.
4-1 started moving to GRID(0, 1), arriving on tick 8992.
6-1 started moving to GRID(1, 1), arriving on tick 9008.
0-1 started moving to GRID(0, 0), arriving on tick 9038.
3-1 started moving to GRID(1, 2), arriving on tick 9048.
1-1 started moving to GRID(1, 2), arriving on tick 9048.
4-1 started moving to GRID(0, 2), arriving on tick 9082.
6-1 started moving to GRID(1, 0), arriving on tick 9098.
0-1 started moving to GRID(0, 1), arriving on tick 9128.
3-1 started moving to GRID(1, 1), arriving on tick 9138.
1-1 started moving to GRID(1, 1), arriving on tick 9138.
4-1 started moving to GRID(1, 2), arriving on tick 9172.
6-1 started moving to GRID(0, 0), arriving on tick 9188.
0-1 started moving to GRID(0, 2), arriving on tick 9218.
3-1 started moving to GRID(1, 0), arriving on tick 9228.
1-1 started moving to GRID(1, 0), arriving on tick 9228.
4-1 started moving to GRID(1, 1), arriving on tick 9262.
6-1 started moving to GRID(0, 1), arriving on tick 9278.
0-1 started moving to GRID(1, 2), arriving on tick 9308.
3-1 started moving to GRID(0, 0), arriving on tick 9318.
1-1 started moving to GRID(0, 0), arriving on tick 9318.
4-1 started moving to GRID(1, 0), arriving on tick 9352.
6-1 started moving to GRID(0, 2), arriving on tick 9368.
0-1 started moving to GRID(1, 1), arriving on tick 9398.
3-1 started moving to GRID(0, 1), arriving on tick 9408.
1-1 started moving to GRID(0, 1), arriving on tick 9408.
4-1 started moving to GRID(0, 0), arriving on tick 9442.
6-1 started moving to GRID(1, 2), arriving on tick 9458.
0-1 started moving to GRID(1, 0), arriving on tick 9488.
3-1 started moving to GRID(0, 2), arriving on tick 9498.
1-1 started moving to GRID(0, 2), arriving on tick 9498.
4-1 started moving to GRID(0, 1), arriving on tick 9532.
6-1 started moving to GRID(1, 1), arriving on tick 9548.
0-1 started moving to GRID(0, 0), arriving on tick 9578.
3-1 started moving to GRID(1, 2), arriving on tick 9588.
1-1 started moving to GRID(1, 2), arriving on tick 9588.
4-1 started moving to GRID(0, 2), arriving on tick 9622.
6-1 started moving to GRID(1, 0), arriving on tick 9638.
0-1 started moving to GRID(0, 1), arriving on tick 9668.
3-1 started moving to GRID(1, 1), arriving on tick 9678.
1-1 started moving to GRID(1, 1), arriving on tick 9678.
4-1 started moving to GRID(1, 2), arriving on tick 9712.
6-1 started moving to GRID(0, 0), arriving on tick 9728.
0-1 started moving to GRID(0, 2), arriving on tick 9758.
3-1 started moving to GRID(1, 0), arriving on tick 9768.
1-1 started moving to GRID(1, 0), arriving on tick 9768.
4-1 started moving to GRID(1, 1), arriving on tick 9802.
6-1 started moving to GRID(0, 1), arriving on tick 9818.
0-1 started moving to GRID(1, 2), arriving on tick 9848.
3-1 started moving to GRID(0, 0), arriving on tick 9858.
1-1 started moving to GRID(0, 0), arriving on tick 9858.
4-1 started moving to GRID(1, 0), arriving on tick 9892.
6-1 started moving to GRID(0, 2), arriving on tick 9908.
0-1 started moving to GRID(1, 1), arriving on tick 9938.
3-1 started moving to GRID(0, 1), arriving on tick 9948.
1-1 started moving to GRID(0, 1), arriving on tick 9948.
4-1 started moving to GRID(0, 0), arriving on tick 9982.
6-1 started moving to GRID(1, 2), arriving on tick 9998.
0-1 started moving to GRID(1, 0), arriving on tick 10028.
3-1 started moving to GRID(0, 2), arriving on tick 10038.
1-1 started moving to GRID(0, 2), arriving on tick 10038.
4-1 started moving to GRID(0, 1), arriving on tick 10072.
6-1 started moving to GRID(1, 1), arriving on tick 10088.
0-1 started moving to GRID(0, 0), arriving on tick 10118.
3-1 started moving to GRID(1, 2), arriving on tick 10128.
1-1 started moving to GRID(1, 2), arriving on tick 10128.
4-1 started moving to GRID(0, 2), arriving on tick 10162.
6-1 started moving to GRID(1, 0), arriving on tick 10178.
0-1 started moving to GRID(0, 1), arriving on tick 10208.
3-1 started moving to GRID(1, 1), arriving on tick 10218.
1-1 started moving to GRID(1, 1), arriving on tick 10218.
4-1 started moving to GRID(1, 2), arriving on tick 10252.
6-1 started moving to GRID(0, 0), arriving on tick 10268.
0-1 started moving to GRID(0, 2), arriving on tick 10298.
3-1 started moving to GRID(1, 0), arriving on tick 10308.
1-1 started moving to GRID(1, 0), arriving on tick 10308.
4-1 started moving to GRID(1, 1), arriving on tick 10342.
6-1 started moving to GRID(0, 1), arriving on tick 10358.
0-1 started moving to GRID(1, 2), arriving on tick 10388.
3-1 started moving to GRID(0, 0), arriving on tick 10398.
1-1 started moving to GRID(0, 0), arriving on tick 10398.
4-1 started moving to GRID(1, 0), arriving on tick 10432.
6-1 started moving to GRID(0, 2), arriving on tick 10448.
0-1 started moving to GRID(1, 1), arriving on tick 10478.
3-1 started moving to GRID(0, 1), arriving on tick 10488.
1-1 started moving to GRID(0, 1), arriving on tick 10488.
4-1 started moving to GRID(0, 0), arriving on tick 10522.
6-1 started moving to GRID(1, 2), arriving on tick 10538.
0-1 started moving to GRID(1, 0), arriving on tick 10568.
3-1 started moving to GRID(0, 2), arriving on tick 10578.
1-1 started moving to GRID(0, 2), arriving on tick 10578.
4-1 started moving to GRID(0, 1), arriving on tick 10612.
6-1 started moving to GRID(1, 1), arriving on tick 10628.
0-1 started moving to GRID(0, 0), arriving on tick 10658.
3-1 started moving to GRID(1, 2), arriving on tick 10668.
1-1 started moving to GRID(1, 2), arriving on tick 10668.
4-1 started moving to GRID(0, 2), arriving on tick 10702.
6-1 started moving to GRID(1, 0), arriving on tick 10718.
0-1 started moving to GRID(0, 1), arriving on tick 10748.
3-1 started moving to GRID(1, 1), arriving on tick 10758.
1-1 started moving to GRID(1, 1), arriving on tick 10758.
4-1 started moving to GRID(1, 2), arriving on tick 10792.
6-1 started moving to GRID(0, 0), arriving on tick 10808.
0-1 started moving to GRID(0, 2), arriving on tick 10838.
3-1 started moving to GRID(1, 0), arriving on tick 10848.
1-1 started moving to GRID(1, 0), arriving on tick 10848.
4-1 started moving to GRID(1, 1), arriving on tick 10882.
6-1 started moving to GRID(0, 1), arriving on tick 10898.
0-1 started moving to GRID(1, 2), arriving on tick 10928.
3-1 started moving to GRID(0, 0), arriving on tick 10938.
1-1 started moving to GRID(0, 0), arriving on tick 10938.
4-1 started moving to GRID(1, 0), arriving on tick 10972.
6-1 started moving to GRID(0, 2), arriving on tick 10988.
0-1 started moving to GRID(1, 1), arriving on tick 11018.
3-1 started moving to GRID(0, 1), arriving on tick 11028.
1-1 started moving to GRID(0, 1), arriving on tick 11028.
4-1 started moving to GRID(0, 0), arriving on tick 11062.
6-1 started moving to GRID(1, 2), arriving on tick 11078.
0-1 started moving to GRID(1, 0), arriving on tick 11108.
3-1 started moving to GRID(0, 2), arriving on tick 11118.
1-1 started moving to GRID(0, 2), arriving on tick 11118.
4-1 started moving to GRID(0, 1), arriving on tick 11152.
6-1 started moving to GRID(1, 1), arriving on tick 11168.
0-1 started moving to GRID(0, 0), arriving on tick 11198.
3-1 started moving to GRID(1, 2), arriving on tick 11208.
1-1 started moving to GRID(1, 2), arriving on tick 11208.
4-1 started moving to GRID(0, 2), arriving on tick 11242.
6-1 started moving to GRID(1, 0), arriving on tick 11258.
0-1 started moving to GRID(0, 1), arriving on tick 11288.
3-1 started moving to GRID(1, 1), arriving on tick 11298.
1-1 started moving to GRID(1, 1), arriving on tick 11298.
4-1 started moving to GRID(1, 2), arriving on tick 11332.
6-1 started moving to GRID(0, 0), arriving on tick 11348.
0-1 started moving to GRID(0, 2), arriving on tick 11378.
3-1 started moving to GRID(1, 0), arriving on tick 11388.
1-1 started moving to GRID(1, 0), arriving on tick 11388.
4-1 started moving to GRID(1, 1), arriving on tick 11422.
6-1 started moving to GRID(0, 1), arriving on tick 11438.
0-1 started moving to GRID(1, 2), arriving on tick 11468.
3-1 started moving to GRID(0, 0), arriving on tick 11478.
1-1 started moving to GRID(0, 0), arriving on tick 11478.
4-1 started moving to GRID(1, 0), arriving on tick 11512.
6-1 started moving to GRID(0, 2), arriving on tick 11528.
0-1 started moving to GRID(1, 1), arriving on tick 11558.
3-1 started moving to GRID(0, 1), arriving on tick 11568.
1-1 started moving to GRID(0, 1), arriving on tick 11568.
4-1 started moving to GRID(0, 0), arriving on tick 11602.
6-1 started moving to GRID(1, 2), arriving on tick 11618.
0-1 started moving to GRID(1, 0), arriving on tick 11648.
3-1 started moving to GRID(0, 2), arriving on tick 11658.
1-1 started moving to GRID(0, 2), arriving on tick 11658.
4-1 started moving to GRID(0, 1), arriving on tick 11692.
6-1 started moving to GRID(1, 1), arriving on tick 11708.
0-1 started moving to GRID(0, 0), arriving on tick 11738.
3-1 started moving to GRID(1, 2), arriving on tick 11748.
1-1 started moving to GRID(1, 2), arriving on tick 11748.
4-1 started moving to GRID(0, 2), arriving on tick 11782.
6-1 started moving to GRID(1, 0), arriving on tick 11798.
0-1 started moving to GRID(0, 1), arriving on tick 11828.
3-1 started moving to GRID(1, 1), arriving on tick 11838.
1-1 started moving to GRID(1, 1), arriving on tick 11838.
4-1 started moving to GRID(1, 2), arriving on tick 11872.
6-1 started moving to GRID(0, 0), arriving on tick 11888.
0-1 started moving to GRID(0, 2), arriving on tick 11918.
3-1 started moving to GRID(1, 0), arriving on tick 11928.
1-1 started moving to GRID(1, 0), arriving on tick 11928.
4-1 started moving to GRID(1, 1), arriving on tick 11962.
6-1 started moving to GRID(0, 1), arriving on tick 11978.
0-1 started moving to GRID(1, 2), arriving on tick 12008.
3-1 started moving to GRID(0, 0), arriving on tick 12018.
1-1 started moving to GRID(0, 0), arriving on tick 12018.
4-1 started moving to GRID(1, 0), arriving on tick 12052.
6-1 started moving to GRID(0, 2), arriving on tick 12068.
0-1 started moving to GRID(1, 1), arriving on tick 12098.
3-1 started moving to GRID(0, 1), arriving on tick 12108.
1-1 started moving to GRID(0, 1), arriving on tick 12108.
4-1 started moving to GRID(0, 0), arriving on tick 12142.
6-1 started moving to GRID(1, 2), arriving on tick 12158.
0-1 started moving to GRID(1, 0), arriving on tick 12188.
3-1 started moving to GRID(0, 2), arriving on tick 12198.
1-1 started moving to GRID(0, 2), arriving on tick 12198.
4-1 started moving to GRID(0, 1), arriving on tick 12232.
6-1 started moving to GRID(1, 1), arriving on tick 12248.
0-1 started moving to GRID(0, 0), arriving on tick 12278.
3-1 started moving to GRID(1, 2), arriving on tick 12288.
1-1 started moving to GRID(1, 2), arriving on tick 12288.
4-1 started moving to GRID(0, 2), arriving on tick 12322.
6-1 started moving to GRID(1, 0), arriving on tick 12338.
0-1 started moving to GRID(0, 1), arriving on tick 12368.
3-1 started moving to GRID(1, 1), arriving on tick 12378.
1-1 started moving to GRID(1, 1), arriving on tick 12378.
4-1 started moving to GRID(1, 2), arriving on tick 12412.
6-1 started moving to GRID(0, 0), arriving on tick 12428.
0-1 started moving to GRID(0, 2), arriving on tick 12458.
3-1 started moving to GRID(1, 0), arriving on tick 12468.
1-1 started moving to GRID(1, 0), arriving on tick 12468.
4-1 started moving to GRID(1, 1), arriving on tick 12502.
6-1 started moving to GRID(0, 1), arriving on tick 12518.
0-1 started moving to GRID(1, 2), arriving on tick 12548.
3-1 started moving to GRID(0, 0), arriving on tick 12558.
1-1 started moving to GRID(0, 0), arriving on tick 12558.
4-1 started moving to GRID(1, 0), arriving on tick 12592.
6-1 started moving to GRID(0, 2), arriving on tick 12608.
0-1 started moving to GRID(1, 1), arriving on tick 12638.
3-1 started moving to GRID(0, 1), arriving on tick 12648.
1-1 started moving to GRID(0, 1), arriving on tick 12648.
4-1 started moving to GRID(0, 0), arriving on tick 12682.
6-1 started moving to GRID(1, 2), arriving on tick 12698.
0-1 started moving to GRID(1, 0), arriving on tick 12728.
3-1 started moving to GRID(0, 2), arriving on tick 12738.
1-1 started moving to GRID(0, 2), arriving on tick 12738.
4-1 started moving to GRID(0, 1), arriving on tick 12772.
6-1 started moving to GRID(1, 1), arriving on tick 12788.
0-1 started moving to GRID(0, 0), arriving on tick 12818.
3-1 started moving to GRID(1, 2), arriving on tick 12828.
1-1 started moving to GRID(1, 2), arriving on tick 12828.
4-1 started moving to GRID(0, 2), arriving on tick 12862.
6-1 started moving to GRID(1, 0), arriving on tick 12878.
0-1 started moving to GRID(0, 1), arriving on tick 12908.
3-1 started moving to GRID(1, 1), arriving on tick 12918.
1-1 started moving to GRID(1, 1), arriving on tick 12918.
4-1 started moving to GRID(1, 2), arriving on tick 12952.
6-1 started moving to GRID(0, 0), arriving on tick 12968.
0-1 started moving to GRID(0, 2), arriving on tick 12998.
3-1 started moving to GRID(1, 0), arriving on tick 13008.
1-1 started moving to GRID(1, 0), arriving on tick 13008.
4-1 started moving to GRID(1, 1), arriving on tick 13042.
6-1 started moving to GRID(0, 1), arriving on tick 13058.
0-1 started moving to GRID(1, 2), arriving on tick 13088.
3-1 started moving to GRID(0, 0), arriving on tick 13098.
1-1 started moving to GRID(0, 0), arriving on tick 13098.
4-1 started moving to GRID(1, 0), arriving on tick 13132.
6-1 started moving to GRID(0, 2), arriving on tick 13148.
0-1 started moving to GRID(1, 1), arriving on tick 13178.
3-1 started moving to GRID(0, 1), arriving on tick 13188.
1-1 started moving to GRID(0, 1), arriving on tick 13188.
4-1 started moving to GRID(0, 0), arriving on tick 13222.
6-1 started moving to GRID(1, 2), arriving on tick 13238.
0-1 started moving to GRID(1, 0), arriving on tick 13268.
3-1 started moving to GRID(0, 2), arriving on tick 13278.
1-1 started moving to GRID(0, 2), arriving on tick 13278.
4-1 started moving to GRID(0, 1), arriving on tick 13312.
6-1 started moving to GRID(1, 1), arriving on tick 13328.
0-1 started moving to GRID(0, 0), arriving on tick 13358.
3-1 started moving to GRID(1, 2), arriving on tick 13368.
1-1 started moving to GRID(1, 2), arriving on tick 13368.
4-1 started moving to GRID(0, 2), arriving on tick 13402.
6-1 started moving to GRID(1, 0), arriving on tick 13418.
0-1 started moving to GRID(0, 1), arriving on tick 13448.
3-1 started moving to GRID(1, 1), arriving on tick 13458.
1-1 started moving to GRID(1, 1), arriving on tick 13458.
4-1 started moving to GRID(1, 2), arriving on tick 13492.
6-1 started moving to GRID(0, 0), arriving on tick 13508.
0-1 started moving to GRID(0, 2), arriving on tick 13538.
3-1 started moving to GRID(1, 0), arriving on tick 13548.
1-1 started moving to GRID(1, 0), arriving on tick 13548.
4-1 started moving to GRID(1, 1), arriving on tick 13582.
6-1 started moving to GRID(0, 1), arriving on tick 13598.
0-1 started moving to GRID(1, 2), arriving on tick 13628.
3-1 started moving to GRID(0, 0), arriving on tick 13638.
1-1 started moving to GRID(0, 0), arriving on tick 13638.
4-1 started moving to GRID(1, 0), arriving on tick 13672.
6-1 started moving to GRID(0, 2), arriving on tick 13688.
0-1 started moving to GRID(1, 1), arriving on tick 13718.
3-1 started moving to GRID(0, 1), arriving on tick 13728.
1-1 started moving to GRID(0, 1), arriving on tick 13728.
4-1 started moving to GRID(0, 0), arriving on tick 13762.
6-1 started moving to GRID(1, 2), arriving on tick 13778.
0-1 started moving to GRID(1, 0), arriving on tick 13808.
3-1 started moving to GRID(0, 2), arriving on tick 13818.
1-1 started moving to GRID(0, 2), arriving on tick 13818.
4-1 started moving to GRID(0, 1), arriving on tick 13852.
6-1 started moving to GRID(1, 1), arriving on tick 13868.
0-1 started moving to GRID(0, 0), arriving on tick 13898.
3-1 started moving to GRID(1, 2), arriving on tick 13908.
1-1 started moving to GRID(1, 2), arriving on tick 13908.
4-1 started moving to GRID(0, 2), arriving on tick 13942.
6-1 started moving to GRID(1, 0), arriving on tick 13958.
0-1 started moving to GRID(0, 1), arriving on tick 13988.
3-1 started moving to GRID(1, 1), arriving on tick 13998.
1-1 started moving to GRID(1, 1), arriving on tick 13998.
4-1 started moving to GRID(1, 2), arriving on tick 14032.
6-1 started moving to GRID(0, 0), arriving on tick 14048.
0-1 started moving to GRID(0, 2), arriving on tick 14078.
3-1 started moving to GRID(1, 0), arriving on tick 14088.
1-1 started moving to GRID(1, 0), arriving on tick 14088.
4-1 started moving to GRID(1, 1), arriving on tick 14122.
6-1 started moving to GRID(0, 1), arriving on tick 14138.
0-1 started moving to GRID(1, 2), arriving on tick 14168.
3-1 started moving to GRID(0, 0), arriving on tick 14178.
1-1 started moving to GRID(0, 0), arriving on tick 14178.
4-1 started moving to GRID(1, 0), arriving on tick 14212.
6-1 started moving to GRID(0, 2), arriving on tick 14228.
0-1 started moving to GRID(1, 1), arriving on tick 14258.
3-1 started moving to GRID(0, 1), arriving on tick 14268.
1-1 started moving to GRID(0, 1), arriving on tick 14268.
4-1 started moving to GRID(0, 0), arriving on tick 14302.
6-1 started moving to GRID(1, 2), arriving on tick 14318.
0-1 started moving to GRID(1, 0), arriving on tick 14348.
3-1 started moving to GRID(0, 2), arriving on tick 14358.
1-1 started moving to GRID(0, 2), arriving on tick 14358.
4-1 started moving to GRID(0, 1), arriving on tick 14392.
6-1 started moving to GRID(1, 1), arriving on tick 14408.
0-1 started moving to GRID(0, 0), arriving on tick 14438.
3-1 started moving to GRID(1, 2), arriving on tick 14448.
1-1 started moving to GRID(1, 2), arriving on tick 14448.
4-1 started moving to GRID(0, 2), arriving on tick 14482.
6-1 started moving to GRID(1, 0), arriving on tick 14498.
0-1 started moving to GRID(0, 1), arriving on tick 14528.
3-1 started moving to GRID(1, 1), arriving on tick 14538.
1-1 started moving to GRID(1, 1), arriving on tick 14538.
4-1 started moving to GRID(1, 2), arriving on tick 14572.
6-1 started moving to GRID(0, 0), arriving on tick 14588.
0-1 started moving to GRID(0, 2), arriving on tick 14618.
3-1 started moving to GRID(1, 0), arriving on tick 14628.
1-1 started moving to GRID(1, 0), arriving on tick 14628.
4-1 started moving to GRID(1, 1), arriving on tick 14662.
6-1 started moving to GRID(0, 1), arriving on tick 14678.
0-1 started moving to GRID(1, 2), arriving on tick 14708.
3-1 started moving to GRID(0, 0), arriving on tick 14718.
1-1 started moving to GRID(0, 0), arriving on tick 14718.
4-1 started moving to GRID(1, 0), arriving on tick 14752.
6-1 started moving to GRID(0, 2), arriving on tick 14768.
0-1 started moving to GRID(1, 1), arriving on tick 14798.
3-1 started moving to GRID(0, 1), arriving on tick 14808.
1-1 started moving to GRID(0, 1), arriving on tick 14808.
4-1 started moving to GRID(0, 0), arriving on tick 14842.
6-1 started moving to GRID(1, 2), arriving on tick 14858.
0-1 started moving to GRID(1, 0), arriving on tick 14888.
3-1 started moving to GRID(0, 2), arriving on tick 14898.
1-1 started moving to GRID(0, 2), arriving on tick 14898.
4-1 started moving to GRID(0, 1), arriving on tick 14932.
6-1 started moving to GRID(1, 1), arriving on tick 14948.
0-1 started moving to GRID(0, 0), arriving on tick 14978.
3-1 started moving to GRID(1, 2), arriving on tick 14988.
1-1 started moving to GRID(1, 2), arriving on tick 14988.
4-1 started moving to GRID(0, 2), arriving on tick 15022.
6-1 started moving to GRID(1, 0), arriving on tick 15038.
0-1 started moving to GRID(0, 1), arriving on tick 15068.
3-1 started moving to GRID(1, 1), arriving on tick 15078.
1-1 started moving to GRID(1, 1), arriving on tick 15078.
4-1 started moving to GRID(1, 2), arriving on tick 15112.
6-1 started moving to GRID(0, 0), arriving on tick 15128.
0-1 started moving to GRID(0, 2), arriving on tick 15158.
3-1 started moving to GRID(1, 0), arriving on tick 15168.
1-1 started moving to GRID(1, 0), arriving on tick 15168.
4-1 started moving to GRID(1, 1), arriving on tick 15202.
6-1 started moving to GRID(0, 1), arriving on tick 15218.
0-1 started moving to GRID(1, 2), arriving on tick 15248.
3-1 started moving to GRID(0, 0), arriving on tick 15258.
1-1 started moving to GRID(0, 0), arriving on tick 15258.
4-1 started moving to GRID(1, 0), arriving on tick 15292.
6-1 started moving to GRID(0, 2), arriving on tick 15308.
0-1 started moving to GRID(1, 1), arriving on tick 15338.
3-1 started moving to GRID(0, 1), arriving on tick 15348.
1-1 started moving to GRID(0, 1), arriving on tick 15348.
4-1 started moving to GRID(0, 0), arriving on tick 15382.
6-1 started moving to GRID(1, 2), arriving on tick 15398.
0-1 started moving to GRID(1, 0), arriving on tick 15428.
3-1 started moving to GRID(0, 2), arriving on tick 15438.
1-1 started moving to GRID(0, 2), arriving on tick 15438.
4-1 started moving to GRID(0, 1), arriving on tick 15472.
6-1 started moving to GRID(1, 1), arriving on tick 15488.
0-1 started moving to GRID(0, 0), arriving on tick 15518.
3-1 started moving to GRID(1, 2), arriving on tick 15528.
1-1 started moving to GRID(1, 2), arriving on tick 15528.
4-1 started moving to GRID(0, 2), arriving on tick 15562.
6-1 started moving to GRID(1, 0), arriving on tick 15578.
0-1 started moving to GRID(0, 1), arriving on tick 15608.
3-1 started moving to GRID(1, 1), arriving on tick 15618.
1-1 started moving to GRID(1, 1), arriving on tick 15618.
4-1 started moving to GRID(1, 2), arriving on tick 15652.
6-1 started moving to GRID(0, 0), arriving on tick 15668.
0-1 started moving to GRID(0, 2), arriving on tick 15698.
3-1 started moving to GRID(1, 0), arriving on tick 15708.
1-1 started moving to GRID(1, 0), arriving on tick 15708.
4-1 started moving to GRID(1, 1), arriving on tick 15742.
6-1 started moving to GRID(0, 1), arriving on tick 15758.
0-1 started moving to GRID(1, 2), arriving on tick 15788.
3-1 started moving to GRID(0, 0), arriving on tick 15798.
1-1 started moving to GRID(0, 0), arriving on tick 15798.
4-1 started moving to GRID(1, 0), arriving on tick 15832.
6-1 started moving to GRID(0, 2), arriving on tick 15848.
0-1 started moving to GRID(1, 1), arriving on tick 15878.
3-1 started moving to GRID(0, 1), arriving on tick 15888.
1-1 started moving to GRID(0, 1), arriving on tick 15888.
4-1 started moving to GRID(0, 0), arriving on tick 15922.
6-1 started moving to GRID(1, 2), arriving on tick 15938.
0-1 started moving to GRID(1, 0), arriving on tick 15968.
3-1 started moving to GRID(0, 2), arriving on tick 15978.
1-1 started moving to GRID(0, 2), arriving on tick 15978.
4-1 started moving to GRID(0, 1), arriving on tick 16012.
6-1 started moving to GRID(1, 1), arriving on tick 16028.
0-1 started moving to GRID(0, 0), arriving on tick 16058.
3-1 started moving to GRID(1, 2), arriving on tick 16068.
1-1 started moving to GRID(1, 2), arriving on tick 16068.
4-1 started moving to GRID(0, 2), arriving on tick 16102.
6-1 started moving to GRID(1, 0), arriving on tick 16118.
0-1 started moving to GRID(0, 1), arriving on tick 16148.
3-1 started moving to GRID(1, 1), arriving on tick 16158.
1-1 started moving to GRID(1, 1), arriving on tick 16158.
4-1 started moving to GRID(1, 2), arriving on tick 16192.
6-1 started moving to GRID(0, 0), arriving on tick 16208.
0-1 started moving to GRID(0, 2), arriving on tick 16238.
3-1 started moving to GRID(1, 0), arriving on tick 16248.
1-1 started moving to GRID(1, 0), arriving on tick 16248.
4-1 started moving to GRID(1, 1), arriving on tick 16282.
6-1 started moving to GRID(0, 1), arriving on tick 16298.
0-1 started moving to GRID(1, 2), arriving on tick 16328.
3-1 started moving to GRID(0, 0), arriving on tick 16338.
1-1 started moving to GRID(0, 0), arriving on tick 16338.
4-1 started moving to GRID(1, 0), arriving on tick 16372.
6-1 started moving to GRID(0, 2), arriving on tick 16388.
0-1 started moving to GRID(1, 1), arriving on tick 16418.
3-1 started moving to GRID(0, 1), arriving on tick 16428.
1-1 started moving to GRID(0, 1), arriving on tick 16428.
4-1 started moving to GRID(0, 0), arriving on tick 16462.
6-1 started moving to GRID(1, 2), arriving on tick 16478.
0-1 started moving to GRID(1, 0), arriving on tick 16508.
3-1 started moving to GRID(0, 2), arriving on tick 16518.
1-1 started moving to GRID(0, 2), arriving on tick 16518.
4-1 started moving to GRID(0, 1), arriving on tick 16552.
6-1 started moving to GRID(1, 1), arriving on tick 16568.
0-1 started moving to GRID(0, 0), arriving on tick 16598.
3-1 started moving to GRID(1, 2), arriving on tick 16608.
1-1 started moving to GRID(1, 2), arriving on tick 16608.
4-1 started moving to GRID(0, 2), arriving on tick 16642.
6-1 started moving to GRID(1, 0), arriving on tick 16658.
0-1 started moving to GRID(0, 1), arriving on tick 16688.
3-1 started moving to GRID(1, 1), arriving on tick 16698.
1-1 started moving to GRID(1, 1), arriving on tick 16698.
4-1 started moving to GRID(1, 2), arriving on tick 16732.
6-1 started moving to GRID(0, 0), arriving on tick 16748.
0-1 started moving to GRID(0, 2), arriving on tick 16778.
3-1 started moving to GRID(1, 0), arriving on tick 16788.
1-1 started moving to GRID(1, 0), arriving on tick 16788.
4-1 started moving to GRID(1, 1), arriving on tick 16822.
6-1 started moving to GRID(0, 1), arriving on tick 16838.
0-1 started moving to GRID(1, 2), arriving on tick 16868.
3-1 started moving to GRID(0, 0), arriving on tick 16878.
1-1 started moving to GRID(0, 0), arriving on tick 16878.
4-1 started moving to GRID(1, 0), arriving on tick 16912.
6-1 started moving to GRID(0, 2), arriving on tick 16928.
0-1 started moving to GRID(1, 1), arriving on tick 16958.
3-1 started moving to GRID(0, 1), arriving on tick 16968.
1-1 started moving to GRID(0, 1), arriving on tick 16968.
4-1 started moving to GRID(0, 0), arriving on tick 17002.
6-1 started moving to GRID(1, 2), arriving on tick 17018.
0-1 started moving to GRID(1, 0), arriving on tick 17048.
3-1 started moving to GRID(0, 2), arriving on tick 17058.
1-1 started moving to GRID(0, 2), arriving on tick 17058.
4-1 started moving to GRID(0, 1), arriving on tick 17092.
6-1 started moving to GRID(1, 1), arriving on tick 17108.
0-1 started moving to GRID(0, 0), arriving on tick 17138.
3-1 started moving to GRID(1, 2), arriving on tick 17148.
1-1 started moving to GRID(1, 2), arriving on tick 17148.
4-1 started moving to GRID(0, 2), arriving on tick 17182.
6-1 started moving to GRID(1, 0), arriving on tick 17198.
0-1 started moving to GRID(0, 1), arriving on tick 17228.
3-1 started moving to GRID(1, 1), arriving on tick 17238.
1-1 started moving to GRID(1, 1), arriving on tick 17238.
4-1 started moving to GRID(1, 2), arriving on tick 17272.
6-1 started moving to GRID(0, 0), arriving on tick 17288.
0-1 started moving to GRID(0, 2), arriving on tick 17318.
3-1 started moving to GRID(1, 0), arriving on tick 17328.
1-1 started moving to GRID(1, 0), arriving on tick 17328.
4-1 started moving to GRID(1, 1), arriving on tick 17362.
6-1 started moving to GRID(0, 1), arriving on tick 17378.
0-1 started moving to GRID(1, 2), arriving on tick 17408.
3-1 started moving to GRID(0, 0), arriving on tick 17418.
1-1 started moving to GRID(0, 0), arriving on tick 17418.
4-1 started moving to GRID(1, 0), arriving on tick 17452.
6-1 started moving to GRID(0, 2), arriving on tick 17468.
0-1 started moving to GRID(1, 1), arriving on tick 17498.
3-1 started moving to GRID(0, 1), arriving on tick 17508.
1-1 started moving to GRID(0, 1), arriving on tick 17508.
4-1 started moving to GRID(0, 0), arriving on tick 17542.
6-1 started moving to GRID(1, 2), arriving on tick 17558.
0-1 started moving to GRID(1, 0), arriving on tick 17588.
3-1 started moving to GRID(0, 2), arriving on tick 17598.
1-1 started moving to GRID(0, 2), arriving on tick 17598.
4-1 started moving to GRID(0, 1), arriving on tick 17632.
6-1 started moving to GRID(1, 1), arriving on tick 17648.
0-1 started moving to GRID(0, 0), arriving on tick 17678.
3-1 started moving to GRID(1, 2), arriving on tick 17688.
1-1 started moving to GRID(1, 2), arriving on tick 17688.
4-1 started moving to GRID(0, 2), arriving on tick 17722.
6-1 started moving to GRID(1, 0), arriving on tick 17738.
0-1 started moving to GRID(0, 1), arriving on tick 17768.
3-1 started moving to GRID(1, 1), arriving on tick 17778.
1-1 started moving to GRID(1, 1), arriving on tick 17778.
4-1 started moving to GRID(1, 2), arriving on tick 17812.
6-1 started moving to GRID(0, 0), arriving on tick 17828.
0-1 started moving to GRID(0, 2), arriving on tick 17858.
3-1 started moving to GRID(1, 0), arriving on tick 17868.
1-1 started moving to GRID(1, 0), arriving on tick 17868.
4-1 started moving to GRID(1, 1), arriving on tick 17902.
6-1 started moving to GRID(0, 1), arriving on tick 17918.
0-1 started moving to GRID(1, 2), arriving on tick 17948.
3-1 started moving to GRID(0, 0), arriving on tick 17958.
1-1 started moving to GRID(0, 0), arriving on tick 17958.
4-1 started moving to GRID(1, 0), arriving on tick 17992.
6-1 started moving to GRID(0, 2), arriving on tick 18008.
